Archive member included to satisfy reference by file (symbol)

../../../libDaisy/build/libdaisy.a(daisy_seed.o)
                              build/usbMidi.o (daisy::DaisySeed::Configure())
../../../libDaisy/build/libdaisy.a(codec_ak4556.o)
                              ../../../libDaisy/build/libdaisy.a(daisy_seed.o) (daisy::Ak4556::Init(dsy_gpio_pin))
../../../libDaisy/build/libdaisy.a(codec_wm8731.o)
                              ../../../libDaisy/build/libdaisy.a(daisy_seed.o) (daisy::Wm8731::Init(daisy::Wm8731::Config const&, daisy::I2CHandle))
../../../libDaisy/build/libdaisy.a(sdram.o)
                              ../../../libDaisy/build/libdaisy.a(daisy_seed.o) (SdramHandle::Init())
../../../libDaisy/build/libdaisy.a(audio.o)
                              ../../../libDaisy/build/libdaisy.a(daisy_seed.o) (daisy::AudioHandle::Init(daisy::AudioHandle::Config const&, daisy::SaiHandle))
../../../libDaisy/build/libdaisy.a(usb_midi.o)
                              build/usbMidi.o (daisy::MidiUsbTransport::Init(daisy::MidiUsbTransport::Config))
../../../libDaisy/build/libdaisy.a(gpio.o)
                              ../../../libDaisy/build/libdaisy.a(daisy_seed.o) (dsy_gpio_init)
../../../libDaisy/build/libdaisy.a(i2c.o)
                              ../../../libDaisy/build/libdaisy.a(daisy_seed.o) (daisy::I2CHandle::Init(daisy::I2CHandle::Config const&))
../../../libDaisy/build/libdaisy.a(qspi.o)
                              ../../../libDaisy/build/libdaisy.a(daisy_seed.o) (daisy::QSPIHandle::Init(daisy::QSPIHandle::Config const&))
../../../libDaisy/build/libdaisy.a(sai.o)
                              ../../../libDaisy/build/libdaisy.a(daisy_seed.o) (daisy::SaiHandle::Init(daisy::SaiHandle::Config const&))
../../../libDaisy/build/libdaisy.a(system.o)
                              ../../../libDaisy/build/libdaisy.a(daisy_seed.o) (daisy::System::DeInit())
../../../libDaisy/build/libdaisy.a(system_stm32h7xx.o)
                              build/startup_stm32h750xx.o (SystemInit)
../../../libDaisy/build/libdaisy.a(usbd_conf.o)
                              ../../../libDaisy/build/libdaisy.a(system.o) (hpcd_USB_OTG_HS)
../../../libDaisy/build/libdaisy.a(usbh_conf.o)
                              ../../../libDaisy/build/libdaisy.a(system.o) (hhcd_USB_OTG_HS)
../../../libDaisy/build/libdaisy.a(hal_map.o)
                              ../../../libDaisy/build/libdaisy.a(gpio.o) (dsy_hal_map_get_port)
../../../libDaisy/build/libdaisy.a(stm32h7xx_hal.o)
                              ../../../libDaisy/build/libdaisy.a(system.o) (HAL_Init)
../../../libDaisy/build/libdaisy.a(stm32h7xx_hal_cortex.o)
                              ../../../libDaisy/build/libdaisy.a(stm32h7xx_hal.o) (HAL_NVIC_SetPriorityGrouping)
../../../libDaisy/build/libdaisy.a(stm32h7xx_hal_dma.o)
                              ../../../libDaisy/build/libdaisy.a(i2c.o) (HAL_DMA_Init)
../../../libDaisy/build/libdaisy.a(stm32h7xx_hal_gpio.o)
                              ../../../libDaisy/build/libdaisy.a(sdram.o) (HAL_GPIO_Init)
../../../libDaisy/build/libdaisy.a(stm32h7xx_hal_hcd.o)
                              ../../../libDaisy/build/libdaisy.a(usbh_conf.o) (HAL_HCD_HC_Init)
../../../libDaisy/build/libdaisy.a(stm32h7xx_hal_i2c.o)
                              ../../../libDaisy/build/libdaisy.a(i2c.o) (HAL_I2C_Init)
../../../libDaisy/build/libdaisy.a(stm32h7xx_hal_i2c_ex.o)
                              ../../../libDaisy/build/libdaisy.a(i2c.o) (HAL_I2CEx_ConfigAnalogFilter)
../../../libDaisy/build/libdaisy.a(stm32h7xx_hal_pcd.o)
                              ../../../libDaisy/build/libdaisy.a(usbd_conf.o) (HAL_PCD_Init)
../../../libDaisy/build/libdaisy.a(stm32h7xx_hal_pcd_ex.o)
                              ../../../libDaisy/build/libdaisy.a(usbd_conf.o) (HAL_PCDEx_SetTxFiFo)
../../../libDaisy/build/libdaisy.a(stm32h7xx_hal_pwr_ex.o)
                              ../../../libDaisy/build/libdaisy.a(system.o) (HAL_PWREx_ConfigSupply)
../../../libDaisy/build/libdaisy.a(stm32h7xx_hal_qspi.o)
                              ../../../libDaisy/build/libdaisy.a(qspi.o) (HAL_QSPI_Init)
../../../libDaisy/build/libdaisy.a(stm32h7xx_hal_rcc.o)
                              ../../../libDaisy/build/libdaisy.a(system.o) (HAL_RCC_OscConfig)
../../../libDaisy/build/libdaisy.a(stm32h7xx_hal_rcc_ex.o)
                              ../../../libDaisy/build/libdaisy.a(system.o) (HAL_RCCEx_PeriphCLKConfig)
../../../libDaisy/build/libdaisy.a(stm32h7xx_hal_sai.o)
                              ../../../libDaisy/build/libdaisy.a(sai.o) (HAL_SAI_InitProtocol)
../../../libDaisy/build/libdaisy.a(stm32h7xx_hal_sdram.o)
                              ../../../libDaisy/build/libdaisy.a(sdram.o) (HAL_SDRAM_Init)
../../../libDaisy/build/libdaisy.a(stm32h7xx_ll_fmc.o)
                              ../../../libDaisy/build/libdaisy.a(stm32h7xx_hal_sdram.o) (FMC_SDRAM_Init)
../../../libDaisy/build/libdaisy.a(stm32h7xx_ll_usb.o)
[...]
Memory Configuration

Name             Origin             Length             Attributes
FLASH            0x0000000008000000 0x0000000000020000 xr
DTCMRAM          0x0000000020000000 0x0000000000020000 xrw
SRAM             0x0000000024000000 0x0000000000080000 xrw
RAM_D2           0x0000000030000000 0x0000000000048000 xrw
RAM_D3           0x0000000038000000 0x0000000000010000 xrw
ITCMRAM          0x0000000000000000 0x0000000000010000 xrw
SDRAM            0x00000000c0000000 0x0000000004000000 xrw
QSPIFLASH        0x0000000090000000 0x0000000000800000 xr
*default*        0x0000000000000000 0xffffffffffffffff

Linker script and memory map

LOAD /Library/DaisyToolchain/0.2.0/arm/bin/../lib/gcc/arm-none-eabi/10.3.1/thumb/v7e-m+dp/hard/crti.o
LOAD /Library/DaisyToolchain/0.2.0/arm/bin/../lib/gcc/arm-none-eabi/10.3.1/thumb/v7e-m+dp/hard/crtbegin.o
LOAD /Library/DaisyToolchain/0.2.0/arm/bin/../lib/gcc/arm-none-eabi/10.3.1/../../../../arm-none-eabi/lib/thumb/v7e-m+dp/hard/crt0.o
LOAD build/startup_stm32h750xx.o
LOAD build/usbMidi.o
LOAD ../../../libDaisy/build/libdaisy.a
LOAD /Library/DaisyToolchain/0.2.0/arm/bin/../lib/gcc/arm-none-eabi/10.3.1/../../../../arm-none-eabi/lib/thumb/v7e-m+dp/hard/libnosys.a
LOAD ../../../DaisySP/build/libdaisysp.a
LOAD /Library/DaisyToolchain/0.2.0/arm/bin/../lib/gcc/arm-none-eabi/10.3.1/../../../../arm-none-eabi/lib/thumb/v7e-m+dp/hard/libstdc++_nano.a
LOAD /Library/DaisyToolchain/0.2.0/arm/bin/../lib/gcc/arm-none-eabi/10.3.1/../../../../arm-none-eabi/lib/thumb/v7e-m+dp/hard/libm.a
LOAD /Library/DaisyToolchain/0.2.0/arm/bin/../lib/gcc/arm-none-eabi/10.3.1/../../../../arm-none-eabi/lib/thumb/v7e-m+dp/hard/libc_nano.a
START GROUP
LOAD /Library/DaisyToolchain/0.2.0/arm/bin/../lib/gcc/arm-none-eabi/10.3.1/thumb/v7e-m+dp/hard/libgcc.a
LOAD /Library/DaisyToolchain/0.2.0/arm/bin/../lib/gcc/arm-none-eabi/10.3.1/../../../../arm-none-eabi/lib/thumb/v7e-m+dp/hard/libc_nano.a
END GROUP
START GROUP
LOAD /Library/DaisyToolchain/0.2.0/arm/bin/../lib/gcc/arm-none-eabi/10.3.1/thumb/v7e-m+dp/hard/libgcc.a
LOAD /Library/DaisyToolchain/0.2.0/arm/bin/../lib/gcc/arm-none-eabi/10.3.1/../../../../arm-none-eabi/lib/thumb/v7e-m+dp/hard/libc_nano.a
LOAD /Library/DaisyToolchain/0.2.0/arm/bin/../lib/gcc/arm-none-eabi/10.3.1/../../../../arm-none-eabi/lib/thumb/v7e-m+dp/hard/libnosys.a
END GROUP
START GROUP
LOAD /Library/DaisyToolchain/0.2.0/arm/bin/../lib/gcc/arm-none-eabi/10.3.1/thumb/v7e-m+dp/hard/libgcc.a
LOAD /Library/DaisyToolchain/0.2.0/arm/bin/../lib/gcc/arm-none-eabi/10.3.1/../../../../arm-none-eabi/lib/thumb/v7e-m+dp/hard/libc_nano.a
LOAD /Library/DaisyToolchain/0.2.0/arm/bin/../lib/gcc/arm-none-eabi/10.3.1/../../../../arm-none-eabi/lib/thumb/v7e-m+dp/hard/libnosys.a
END GROUP
LOAD /Library/DaisyToolchain/0.2.0/arm/bin/../lib/gcc/arm-none-eabi/10.3.1/thumb/v7e-m+dp/hard/crtend.o
LOAD /Library/DaisyToolchain/0.2.0/arm/bin/../lib/gcc/arm-none-eabi/10.3.1/thumb/v7e-m+dp/hard/crtn.o
                0x0000000020020000                _estack = 0x20020000

.isr_vector     0x0000000008000000      0x298
                0x0000000008000000                . = ALIGN (0x4)
 *(.isr_vector)
 .isr_vector    0x0000000008000000      0x298 build/startup_stm32h750xx.o
                0x0000000008000000                g_pfnVectors
                0x0000000008000298                . = ALIGN (0x4)

.text           0x00000000080002a0    0x12f58
                0x00000000080002a0                . = ALIGN (0x4)
                0x00000000080002a0                _stext = .
 *(.text)
 .text          0x00000000080002a0       0x40 /Library/DaisyToolchain/0.2.0/arm/bin/../lib/gcc/arm-none-eabi/10.3.1/thumb/v7e-m+dp/hard/crtbegin.o
 .text          0x00000000080002e0       0xa0 /Library/DaisyToolchain/0.2.0/arm/bin/../lib/gcc/arm-none-eabi/10.3.1/../../../../arm-none-eabi/lib/thumb/v7e-m+dp/hard/libc_nano.a(lib_a-memchr.o)
                0x00000000080002e0                memchr
 .text          0x0000000008000380      0x378 /Library/DaisyToolchain/0.2.0/arm/bin/../lib/gcc/arm-none-eabi/10.3.1/thumb/v7e-m+dp/hard/libgcc.a(_arm_addsubdf3.o)
                0x0000000008000380                __aeabi_drsub
                0x0000000008000388                __subdf3
                0x0000000008000388                __aeabi_dsub
                0x000000000800038c                __aeabi_dadd
                0x000000000800038c                __adddf3
                0x0000000008000604                __aeabi_ui2d
                0x0000000008000604                __floatunsidf
                0x0000000008000624                __floatsidf
                0x0000000008000624                __aeabi_i2d
                0x0000000008000648                __extendsfdf2
                0x0000000008000648                __aeabi_f2d
                0x000000000800068c                __aeabi_ul2d
                0x000000000800068c                __floatundidf
                0x000000000800069c                __aeabi_l2d
                0x000000000800069c                __floatdidf
 .text          0x00000000080006f8       0x30 /Library/DaisyToolchain/0.2.0/arm/bin/../lib/gcc/arm-none-eabi/10.3.1/thumb/v7e-m+dp/hard/libgcc.a(_aeabi_uldivmod.o)
                0x00000000080006f8                __aeabi_uldivmod
 .text          0x0000000008000728      0x2d0 /Library/DaisyToolchain/0.2.0/arm/bin/../lib/gcc/arm-none-eabi/10.3.1/thumb/v7e-m+dp/hard/libgcc.a(_udivmoddi4.o)
                0x0000000008000728                __udivmoddi4
 .text          0x00000000080009f8        0x4 /Library/DaisyToolchain/0.2.0/arm/bin/../lib/gcc/arm-none-eabi/10.3.1/thumb/v7e-m+dp/hard/libgcc.a(_dvmd_tls.o)
                0x00000000080009f8                __aeabi_ldiv0
                0x00000000080009f8                __aeabi_idiv0
 *(.text*)
 .text.Default_Handler
                0x00000000080009fc        0x4 build/startup_stm32h750xx.o
                0x00000000080009fc                SAI1_IRQHandler
                0x00000000080009fc                HASH_RNG_IRQHandler
                0x00000000080009fc                EXTI2_IRQHandler
                0x00000000080009fc                TIM8_CC_IRQHandler
                0x00000000080009fc                HRTIM1_Master_IRQHandler
                0x00000000080009fc                DebugMon_Handler
                0x00000000080009fc                TIM1_CC_IRQHandler
                0x00000000080009fc                BDMA_Channel6_IRQHandler
                0x00000000080009fc                DMA2_Stream5_IRQHandler
                0x00000000080009fc                HRTIM1_FLT_IRQHandler
                0x00000000080009fc                JPEG_IRQHandler
                0x00000000080009fc                BDMA_Channel1_IRQHandler
                0x00000000080009fc                HRTIM1_TIMD_IRQHandler
                0x00000000080009fc                TAMP_STAMP_IRQHandler
                0x00000000080009fc                PendSV_Handler
                0x00000000080009fc                NMI_Handler
                0x00000000080009fc                EXTI3_IRQHandler
                0x00000000080009fc                LPTIM4_IRQHandler
                0x00000000080009fc                TIM8_TRG_COM_TIM14_IRQHandler
                0x00000000080009fc                LPTIM2_IRQHandler
                0x00000000080009fc                DFSDM1_FLT1_IRQHandler
                0x00000000080009fc                DMAMUX2_OVR_IRQHandler
                0x00000000080009fc                TIM8_UP_TIM13_IRQHandler
                0x00000000080009fc                I2C3_ER_IRQHandler
                0x00000000080009fc                DFSDM1_FLT2_IRQHandler
                0x00000000080009fc                MDMA_IRQHandler
                0x00000000080009fc                LPTIM3_IRQHandler
                0x00000000080009fc                HSEM1_IRQHandler
                0x00000000080009fc                EXTI0_IRQHandler
                0x00000000080009fc                DMA1_Stream2_IRQHandler
                0x00000000080009fc                FPU_IRQHandler
                0x00000000080009fc                OTG_HS_WKUP_IRQHandler
                0x00000000080009fc                FDCAN1_IT1_IRQHandler
                0x00000000080009fc                UsageFault_Handler
                0x00000000080009fc                LTDC_ER_IRQHandler
                0x00000000080009fc                HRTIM1_TIME_IRQHandler
                0x00000000080009fc                TIM6_DAC_IRQHandler
                0x00000000080009fc                DCMI_IRQHandler
                0x00000000080009fc                HRTIM1_TIMC_IRQHandler
                0x00000000080009fc                SAI2_IRQHandler
                0x00000000080009fc                DFSDM1_FLT3_IRQHandler
                0x00000000080009fc                TIM17_IRQHandler
                0x00000000080009fc                CRYP_IRQHandler
                0x00000000080009fc                BDMA_Channel7_IRQHandler
                0x00000000080009fc                LPTIM5_IRQHandler
                0x00000000080009fc                ADC3_IRQHandler
                0x00000000080009fc                DMA2_Stream0_IRQHandler
                0x00000000080009fc                BDMA_Channel2_IRQHandler
                0x00000000080009fc                DMAMUX1_OVR_IRQHandler
                0x00000000080009fc                TIM16_IRQHandler
                0x00000000080009fc                BDMA_Channel5_IRQHandler
                0x00000000080009fc                RCC_IRQHandler
                0x00000000080009fc                TIM8_BRK_TIM12_IRQHandler
                0x00000000080009fc                TIM1_TRG_COM_IRQHandler
                0x00000000080009fc                Default_Handler
                0x00000000080009fc                ECC_IRQHandler
                0x00000000080009fc                CEC_IRQHandler
                0x00000000080009fc                EXTI15_10_IRQHandler
                0x00000000080009fc                BDMA_Channel0_IRQHandler
                0x00000000080009fc                ADC_IRQHandler
                0x00000000080009fc                DMA1_Stream7_IRQHandler
                0x00000000080009fc                HRTIM1_TIMA_IRQHandler
                0x00000000080009fc                TIM7_IRQHandler
                0x00000000080009fc                SDMMC1_IRQHandler
                0x00000000080009fc                DMA2_Stream7_IRQHandler
                0x00000000080009fc                TIM15_IRQHandler
                0x00000000080009fc                PVD_AVD_IRQHandler
                0x00000000080009fc                EXTI9_5_IRQHandler
                0x00000000080009fc                RTC_WKUP_IRQHandler
                0x00000000080009fc                LTDC_IRQHandler
                0x00000000080009fc                SAI3_IRQHandler
                0x00000000080009fc                ETH_WKUP_IRQHandler
                0x00000000080009fc                SPDIF_RX_IRQHandler
                0x00000000080009fc                MemManage_Handler
                0x00000000080009fc                SVC_Handler
                0x00000000080009fc                CRS_IRQHandler
                0x00000000080009fc                EXTI4_IRQHandler
                0x00000000080009fc                HRTIM1_TIMB_IRQHandler
                0x00000000080009fc                FDCAN2_IT1_IRQHandler
                0x00000000080009fc                ETH_IRQHandler
                0x00000000080009fc                TIM1_UP_IRQHandler
                0x00000000080009fc                BDMA_Channel4_IRQHandler
                0x00000000080009fc                WWDG_IRQHandler
                0x00000000080009fc                SPI6_IRQHandler
                0x00000000080009fc                I2C4_EV_IRQHandler
                0x00000000080009fc                MDIOS_IRQHandler
                0x00000000080009fc                FDCAN2_IT0_IRQHandler
                0x00000000080009fc                FDCAN1_IT0_IRQHandler
                0x00000000080009fc                OTG_FS_WKUP_IRQHandler
                0x00000000080009fc                DMA2D_IRQHandler
                0x00000000080009fc                TIM1_BRK_IRQHandler
                0x00000000080009fc                EXTI1_IRQHandler
                0x00000000080009fc                SDMMC2_IRQHandler
                0x00000000080009fc                BDMA_Channel3_IRQHandler
                0x00000000080009fc                MDIOS_WKUP_IRQHandler
                0x00000000080009fc                DFSDM1_FLT0_IRQHandler
                0x00000000080009fc                SAI4_IRQHandler
                0x00000000080009fc                I2C2_ER_IRQHandler
                0x00000000080009fc                DMA2_Stream1_IRQHandler
                0x00000000080009fc                FLASH_IRQHandler
                0x00000000080009fc                BusFault_Handler
                0x00000000080009fc                WAKEUP_PIN_IRQHandler
                0x00000000080009fc                I2C1_ER_IRQHandler
                0x00000000080009fc                FMC_IRQHandler
                0x00000000080009fc                FDCAN_CAL_IRQHandler
                0x00000000080009fc                SWPMI1_IRQHandler
                0x00000000080009fc                COMP1_IRQHandler
                0x00000000080009fc                LPTIM1_IRQHandler
                0x00000000080009fc                I2C4_ER_IRQHandler
                0x00000000080009fc                DMA2_Stream6_IRQHandler
                0x00000000080009fc                RTC_Alarm_IRQHandler
 .text.Reset_Handler
                0x0000000008000a00       0x44 build/startup_stm32h750xx.o
                0x0000000008000a00                Reset_Handler
 .text._ZN5daisy9DaisySeedD2Ev
                0x0000000008000a44        0x4 build/usbMidi.o
                0x0000000008000a44                daisy::DaisySeed::~DaisySeed()
                0x0000000008000a44                daisy::DaisySeed::~DaisySeed()
 .text._ZN7daisysp10OscillatorD2Ev
                0x0000000008000a48        0x4 build/usbMidi.o
                0x0000000008000a48                daisysp::Oscillator::~Oscillator()
                0x0000000008000a48                daisysp::Oscillator::~Oscillator()
 .text._ZN5daisy11MidiHandlerINS_16MidiUsbTransportEED2Ev
                0x0000000008000a4c        0x4 build/usbMidi.o
                0x0000000008000a4c                daisy::MidiHandler<daisy::MidiUsbTransport>::~MidiHandler()
                0x0000000008000a4c                daisy::MidiHandler<daisy::MidiUsbTransport>::~MidiHandler()
 .text._Z13AudioCallbackPKPKfPPfj
                0x0000000008000a50       0x38 build/usbMidi.o
                0x0000000008000a50                AudioCallback(float const* const*, float**, unsigned int)
 .text._ZN5daisy11MidiHandlerINS_16MidiUsbTransportEE5ParseEh
                0x0000000008000a88      0x2c0 build/usbMidi.o
                0x0000000008000a88                daisy::MidiHandler<daisy::MidiUsbTransport>::Parse(unsigned char)
 .text.startup.main
                0x0000000008000d48      0x1a4 build/usbMidi.o
                0x0000000008000d48                main
 .text.startup._GLOBAL__sub_I_hw
                0x0000000008000eec       0x6c build/usbMidi.o
 .text._ZN5daisy9DaisySeed9ConfigureEv
                0x0000000008000f58        0x4 ../../../libDaisy/build/libdaisy.a(daisy_seed.o)
                0x0000000008000f58                daisy::DaisySeed::Configure()
 .text._ZN5daisy9DaisySeed10StartAudioEPFvPKPKfPPfjE
                0x0000000008000f5c        0x8 ../../../libDaisy/build/libdaisy.a(daisy_seed.o)
                0x0000000008000f5c                daisy::DaisySeed::StartAudio(void (*)(float const* const*, float**, unsigned int))
 .text._ZN5daisy9DaisySeed15AudioSampleRateEv
                0x0000000008000f64        0x8 ../../../libDaisy/build/libdaisy.a(daisy_seed.o)
                0x0000000008000f64                daisy::DaisySeed::AudioSampleRate()
 .text._ZN5daisy9DaisySeed14ConfigureAudioEv
                0x0000000008000f6c       0xd0 ../../../libDaisy/build/libdaisy.a(daisy_seed.o)
                0x0000000008000f6c                daisy::DaisySeed::ConfigureAudio()
 .text._ZN5daisy9DaisySeed4InitEb
                0x000000000800103c       0xf0 ../../../libDaisy/build/libdaisy.a(daisy_seed.o)
                0x000000000800103c                daisy::DaisySeed::Init(bool)
 .text._ZN5daisy6Ak45564InitE12dsy_gpio_pin
                0x000000000800112c       0x44 ../../../libDaisy/build/libdaisy.a(codec_ak4556.o)
                0x000000000800112c                daisy::Ak4556::Init(dsy_gpio_pin)
 .text._ZN5daisy6Wm873120WriteControlRegisterEht
                0x0000000008001170       0x3c ../../../libDaisy/build/libdaisy.a(codec_wm8731.o)
                0x0000000008001170                daisy::Wm8731::WriteControlRegister(unsigned char, unsigned short)
 .text._ZN5daisy6Wm87314InitERKNS0_6ConfigENS_9I2CHandleE
                0x00000000080011ac      0x1bc ../../../libDaisy/build/libdaisy.a(codec_wm8731.o)
                0x00000000080011ac                daisy::Wm8731::Init(daisy::Wm8731::Config const&, daisy::I2CHandle)
 .text._ZN11SdramHandle10DeviceInitEv
                0x0000000008001368       0x98 ../../../libDaisy/build/libdaisy.a(sdram.o)
                0x0000000008001368                SdramHandle::DeviceInit()
 .text._ZN11SdramHandle4InitEv
                0x0000000008001400       0x7c ../../../libDaisy/build/libdaisy.a(sdram.o)
                0x0000000008001400                SdramHandle::Init()
 .text.HAL_SDRAM_MspInit
                0x000000000800147c      0x1a8 ../../../libDaisy/build/libdaisy.a(sdram.o)
                0x000000000800147c                HAL_SDRAM_MspInit
 .text._ZN5daisy11AudioHandle4Impl16InternalCallbackEPlS2_j
                0x0000000008001624      0xbbc ../../../libDaisy/build/libdaisy.a(audio.o)
                0x0000000008001624                daisy::AudioHandle::Impl::InternalCallback(long*, long*, unsigned int)
 .text._ZN5daisy11AudioHandle4InitERKNS0_6ConfigENS_9SaiHandleE
                0x00000000080021e0       0x70 ../../../libDaisy/build/libdaisy.a(audio.o)
                0x00000000080021e0                daisy::AudioHandle::Init(daisy::AudioHandle::Config const&, daisy::SaiHandle)
 .text._ZNK5daisy11AudioHandle9GetConfigEv
                0x0000000008002250        0x8 ../../../libDaisy/build/libdaisy.a(audio.o)
                0x0000000008002250                daisy::AudioHandle::GetConfig() const
 .text._ZN5daisy11AudioHandle13GetSampleRateEv
                0x0000000008002258        0x8 ../../../libDaisy/build/libdaisy.a(audio.o)
                0x0000000008002258                daisy::AudioHandle::GetSampleRate()
 .text._ZN5daisy11AudioHandle5StartEPFvPKPKfPPfjE
                0x0000000008002260       0x44 ../../../libDaisy/build/libdaisy.a(audio.o)
                0x0000000008002260                daisy::AudioHandle::Start(void (*)(float const* const*, float**, unsigned int))
 .text.startup._GLOBAL__sub_I__ZN5daisy11AudioHandle4Impl4InitENS0_6ConfigENS_9SaiHandleE
                0x00000000080022a4       0x24 ../../../libDaisy/build/libdaisy.a(audio.o)
 .text._ZN5daisy16MidiUsbTransport4ImplD2Ev
                0x00000000080022c8        0x4 ../../../libDaisy/build/libdaisy.a(usb_midi.o)
                0x00000000080022c8                daisy::MidiUsbTransport::Impl::~Impl()
                0x00000000080022c8                daisy::MidiUsbTransport::Impl::~Impl()
 .text._Z15ReceiveCallbackPhPm
                0x00000000080022cc       0x9c ../../../libDaisy/build/libdaisy.a(usb_midi.o)
                0x00000000080022cc                ReceiveCallback(unsigned char*, unsigned long*)
 .text._ZN5daisy16MidiUsbTransport4InitENS0_6ConfigE
                0x0000000008002368       0x50 ../../../libDaisy/build/libdaisy.a(usb_midi.o)
                0x0000000008002368                daisy::MidiUsbTransport::Init(daisy::MidiUsbTransport::Config)
 .text._ZN5daisy16MidiUsbTransport7StartRxEv
                0x00000000080023b8        0x8 ../../../libDaisy/build/libdaisy.a(usb_midi.o)
                0x00000000080023b8                daisy::MidiUsbTransport::StartRx()
 .text._ZN5daisy16MidiUsbTransport8ReadableEv
                0x00000000080023c0       0x14 ../../../libDaisy/build/libdaisy.a(usb_midi.o)
                0x00000000080023c0                daisy::MidiUsbTransport::Readable()
 .text._ZN5daisy16MidiUsbTransport2RxEv
                0x00000000080023d4       0x28 ../../../libDaisy/build/libdaisy.a(usb_midi.o)
                0x00000000080023d4                daisy::MidiUsbTransport::Rx()
 .text._ZN5daisy16MidiUsbTransport8RxActiveEv
                0x00000000080023fc        0x8 ../../../libDaisy/build/libdaisy.a(usb_midi.o)
                0x00000000080023fc                daisy::MidiUsbTransport::RxActive()
 .text._ZN5daisy16MidiUsbTransport7FlushRxEv
                0x0000000008002404        0xc ../../../libDaisy/build/libdaisy.a(usb_midi.o)
                0x0000000008002404                daisy::MidiUsbTransport::FlushRx()
 .text.startup._GLOBAL__sub_I__Z15ReceiveCallbackPhPm
                0x0000000008002410       0x58 ../../../libDaisy/build/libdaisy.a(usb_midi.o)
 .text.dsy_gpio_init
                0x0000000008002468      0x1b8 ../../../libDaisy/build/libdaisy.a(gpio.o)
                0x0000000008002468                dsy_gpio_init
 .text.dsy_gpio_read
                0x0000000008002620       0x1c ../../../libDaisy/build/libdaisy.a(gpio.o)
                0x0000000008002620                dsy_gpio_read
 .text.dsy_gpio_write
                0x000000000800263c       0x24 ../../../libDaisy/build/libdaisy.a(gpio.o)
                0x000000000800263c                dsy_gpio_write
 .text._ZN5daisy9I2CHandle4Impl8InitPinsEv
                0x0000000008002660       0x58 ../../../libDaisy/build/libdaisy.a(i2c.o)
                0x0000000008002660                daisy::I2CHandle::Impl::InitPins()
 .text.HAL_I2C_MspInit
                0x00000000080026b8      0x1b4 ../../../libDaisy/build/libdaisy.a(i2c.o)
                0x00000000080026b8                HAL_I2C_MspInit
 .text.dsy_i2c_global_init
                0x000000000800286c       0x78 ../../../libDaisy/build/libdaisy.a(i2c.o)
                0x000000000800286c                dsy_i2c_global_init
 .text.DMA1_Stream6_IRQHandler
                0x00000000080028e4       0x34 ../../../libDaisy/build/libdaisy.a(i2c.o)
                0x00000000080028e4                DMA1_Stream6_IRQHandler
 .text.I2C1_EV_IRQHandler
                0x0000000008002918        0xc ../../../libDaisy/build/libdaisy.a(i2c.o)
                0x0000000008002918                I2C1_EV_IRQHandler
 .text.I2C2_EV_IRQHandler
                0x0000000008002924        0xc ../../../libDaisy/build/libdaisy.a(i2c.o)
                0x0000000008002924                I2C2_EV_IRQHandler
 .text.I2C3_EV_IRQHandler
                0x0000000008002930        0xc ../../../libDaisy/build/libdaisy.a(i2c.o)
                0x0000000008002930                I2C3_EV_IRQHandler
 .text._ZN5daisy9I2CHandle4InitERKNS0_6ConfigE
                0x000000000800293c      0x12c ../../../libDaisy/build/libdaisy.a(i2c.o)
                0x000000000800293c                daisy::I2CHandle::Init(daisy::I2CHandle::Config const&)
 .text._ZN5daisy9I2CHandle16TransmitBlockingEtPhtm
                0x0000000008002a68       0x50 ../../../libDaisy/build/libdaisy.a(i2c.o)
                0x0000000008002a68                daisy::I2CHandle::TransmitBlocking(unsigned short, unsigned char*, unsigned short, unsigned long)
 .text.startup._GLOBAL__sub_I__ZN5daisy9I2CHandle4Impl10GlobalInitEv
                0x0000000008002ab8       0x18 ../../../libDaisy/build/libdaisy.a(i2c.o)
 .text._ZN5daisy10QSPIHandle4Impl11WriteEnableEv
                0x0000000008002ad0       0x8c ../../../libDaisy/build/libdaisy.a(qspi.o)
                0x0000000008002ad0                daisy::QSPIHandle::Impl::WriteEnable()
 *fill*         0x0000000008002b5c        0x4 
 .text._ZN5daisy10QSPIHandle4Impl17DummyCyclesConfigENS0_6Config6DeviceE
                0x0000000008002b60      0x118 ../../../libDaisy/build/libdaisy.a(qspi.o)
                0x0000000008002b60                daisy::QSPIHandle::Impl::DummyCyclesConfig(daisy::QSPIHandle::Config::Device)
 .text._ZN5daisy10QSPIHandle4Impl10QuadEnableEv
                0x0000000008002c78      0x158 ../../../libDaisy/build/libdaisy.a(qspi.o)
                0x0000000008002c78                daisy::QSPIHandle::Impl::QuadEnable()
 .text._ZN5daisy10QSPIHandle4InitERKNS0_6ConfigE
                0x0000000008002dd0      0x198 ../../../libDaisy/build/libdaisy.a(qspi.o)
                0x0000000008002dd0                daisy::QSPIHandle::Init(daisy::QSPIHandle::Config const&)
 .text.HAL_QSPI_MspInit
                0x0000000008002f68      0x11c ../../../libDaisy/build/libdaisy.a(qspi.o)
                0x0000000008002f68                HAL_QSPI_MspInit
 .text.HAL_QSPI_MspDeInit
                0x0000000008003084       0x54 ../../../libDaisy/build/libdaisy.a(qspi.o)
                0x0000000008003084                HAL_QSPI_MspDeInit
 .text.QUADSPI_IRQHandler
                0x00000000080030d8        0xc ../../../libDaisy/build/libdaisy.a(qspi.o)
                0x00000000080030d8                QUADSPI_IRQHandler
 .text.startup._GLOBAL__sub_I__ZN5daisy10QSPIHandle4Impl4InitERKNS0_6ConfigE
                0x00000000080030e4       0x28 ../../../libDaisy/build/libdaisy.a(qspi.o)
 .text._ZN5daisy9SaiHandle4Impl7InitDmaENS1_15PeripheralBlockE
                0x000000000800310c       0xa0 ../../../libDaisy/build/libdaisy.a(sai.o)
                0x000000000800310c                daisy::SaiHandle::Impl::InitDma(daisy::SaiHandle::Impl::PeripheralBlock)
 .text._ZN5daisy9SaiHandle4Impl8InitPinsEv
                0x00000000080031ac       0xa8 ../../../libDaisy/build/libdaisy.a(sai.o)
                0x00000000080031ac                daisy::SaiHandle::Impl::InitPins()
 .text.HAL_SAI_MspInit
                0x0000000008003254      0x164 ../../../libDaisy/build/libdaisy.a(sai.o)
                0x0000000008003254                HAL_SAI_MspInit
 .text.DMA1_Stream0_IRQHandler
                0x00000000080033b8        0xc ../../../libDaisy/build/libdaisy.a(sai.o)
                0x00000000080033b8                DMA1_Stream0_IRQHandler
 .text.DMA1_Stream1_IRQHandler
                0x00000000080033c4        0xc ../../../libDaisy/build/libdaisy.a(sai.o)
                0x00000000080033c4                DMA1_Stream1_IRQHandler
 .text.DMA1_Stream3_IRQHandler
                0x00000000080033d0        0xc ../../../libDaisy/build/libdaisy.a(sai.o)
                0x00000000080033d0                DMA1_Stream3_IRQHandler
 .text.DMA1_Stream4_IRQHandler
                0x00000000080033dc        0xc ../../../libDaisy/build/libdaisy.a(sai.o)
                0x00000000080033dc                DMA1_Stream4_IRQHandler
 .text.HAL_SAI_RxHalfCpltCallback
                0x00000000080033e8       0x78 ../../../libDaisy/build/libdaisy.a(sai.o)
                0x00000000080033e8                HAL_SAI_RxHalfCpltCallback
 .text.HAL_SAI_RxCpltCallback
                0x0000000008003460       0x70 ../../../libDaisy/build/libdaisy.a(sai.o)
                0x0000000008003460                HAL_SAI_RxCpltCallback
 .text._ZN5daisy9SaiHandle4InitERKNS0_6ConfigE
                0x00000000080034d0      0x1f0 ../../../libDaisy/build/libdaisy.a(sai.o)
                0x00000000080034d0                daisy::SaiHandle::Init(daisy::SaiHandle::Config const&)
 .text._ZNK5daisy9SaiHandle9GetConfigEv
                0x00000000080036c0        0x4 ../../../libDaisy/build/libdaisy.a(sai.o)
                0x00000000080036c0                daisy::SaiHandle::GetConfig() const
 .text._ZN5daisy9SaiHandle8StartDmaEPlS1_jPFvS1_S1_jE
                0x00000000080036c4       0xbc ../../../libDaisy/build/libdaisy.a(sai.o)
                0x00000000080036c4                daisy::SaiHandle::StartDma(long*, long*, unsigned int, void (*)(long*, long*, unsigned int))
 .text._ZN5daisy9SaiHandle13GetSampleRateEv
                0x0000000008003780       0x24 ../../../libDaisy/build/libdaisy.a(sai.o)
                0x0000000008003780                daisy::SaiHandle::GetSampleRate()
 .text._ZNK5daisy9SaiHandle9GetOffsetEv
                0x00000000080037a4        0x8 ../../../libDaisy/build/libdaisy.a(sai.o)
                0x00000000080037a4                daisy::SaiHandle::GetOffset() const
 .text._ZN5daisy11TimerHandleD2Ev
                0x00000000080037ac        0x4 ../../../libDaisy/build/libdaisy.a(system.o)
                0x00000000080037ac                daisy::TimerHandle::~TimerHandle()
                0x00000000080037ac                daisy::TimerHandle::~TimerHandle()
 .text.SysTick_Handler
                0x00000000080037b0       0x10 ../../../libDaisy/build/libdaisy.a(system.o)
                0x00000000080037b0                SysTick_Handler
 .text.OTG_HS_EP1_OUT_IRQHandler
                0x00000000080037c0       0x24 ../../../libDaisy/build/libdaisy.a(system.o)
                0x00000000080037c0                OTG_HS_EP1_OUT_IRQHandler
 .text.OTG_HS_EP1_IN_IRQHandler
                0x00000000080037e4       0x24 ../../../libDaisy/build/libdaisy.a(system.o)
                0x00000000080037e4                OTG_HS_EP1_IN_IRQHandler
 .text.OTG_HS_IRQHandler
                0x0000000008003808       0x24 ../../../libDaisy/build/libdaisy.a(system.o)
                0x0000000008003808                OTG_HS_IRQHandler
 .text.HardFault_Handler
                0x000000000800382c       0xe0 ../../../libDaisy/build/libdaisy.a(system.o)
                0x000000000800382c                HardFault_Handler
 .text._ZN5daisy6System6GetNowEv
                0x000000000800390c        0x4 ../../../libDaisy/build/libdaisy.a(system.o)
                0x000000000800390c                daisy::System::GetNow()
 .text._ZN5daisy6System5DelayEm
                0x0000000008003910        0x4 ../../../libDaisy/build/libdaisy.a(system.o)
                0x0000000008003910                daisy::System::Delay(unsigned long)
 .text._ZN5daisy6System15ConfigureClocksEv
                0x0000000008003914      0x194 ../../../libDaisy/build/libdaisy.a(system.o)
                0x0000000008003914                daisy::System::ConfigureClocks()
 .text._ZN5daisy6System4InitERKNS0_6ConfigE
                0x0000000008003aa8      0x140 ../../../libDaisy/build/libdaisy.a(system.o)
                0x0000000008003aa8                daisy::System::Init(daisy::System::Config const&)
 .text._ZN5daisy6System12GetPClk1FreqEv
                0x0000000008003be8        0x4 ../../../libDaisy/build/libdaisy.a(system.o)
                0x0000000008003be8                daisy::System::GetPClk1Freq()
 .text._ZN5daisy6System22GetProgramMemoryRegionEv
                0x0000000008003bec       0x78 ../../../libDaisy/build/libdaisy.a(system.o)
                0x0000000008003bec                daisy::System::GetProgramMemoryRegion()
 .text.startup._GLOBAL__sub_I_SysTick_Handler
                0x0000000008003c64       0x1c ../../../libDaisy/build/libdaisy.a(system.o)
 .text.SystemInit
                0x0000000008003c80       0x9c ../../../libDaisy/build/libdaisy.a(system_stm32h7xx.o)
                0x0000000008003c80                SystemInit
 .text.HAL_PCD_MspInit
                0x0000000008003d1c      0x144 ../../../libDaisy/build/libdaisy.a(usbd_conf.o)
                0x0000000008003d1c                HAL_PCD_MspInit
 .text.HAL_PCD_SetupStageCallback
                0x0000000008003e60        0xc ../../../libDaisy/build/libdaisy.a(usbd_conf.o)
                0x0000000008003e60                HAL_PCD_SetupStageCallback
 .text.HAL_PCD_DataOutStageCallback
                0x0000000008003e6c       0x14 ../../../libDaisy/build/libdaisy.a(usbd_conf.o)
                0x0000000008003e6c                HAL_PCD_DataOutStageCallback
 .text.HAL_PCD_DataInStageCallback
                0x0000000008003e80       0x14 ../../../libDaisy/build/libdaisy.a(usbd_conf.o)
                0x0000000008003e80                HAL_PCD_DataInStageCallback
 .text.HAL_PCD_SOFCallback
                0x0000000008003e94        0x8 ../../../libDaisy/build/libdaisy.a(usbd_conf.o)
                0x0000000008003e94                HAL_PCD_SOFCallback
 .text.HAL_PCD_ResetCallback
                0x0000000008003e9c       0x24 ../../../libDaisy/build/libdaisy.a(usbd_conf.o)
                0x0000000008003e9c                HAL_PCD_ResetCallback
 .text.HAL_PCD_SuspendCallback
                0x0000000008003ec0       0x30 ../../../libDaisy/build/libdaisy.a(usbd_conf.o)
                0x0000000008003ec0                HAL_PCD_SuspendCallback
 .text.HAL_PCD_ResumeCallback
                0x0000000008003ef0        0x8 ../../../libDaisy/build/libdaisy.a(usbd_conf.o)
                0x0000000008003ef0                HAL_PCD_ResumeCallback
 .text.HAL_PCD_ISOOUTIncompleteCallback
                0x0000000008003ef8        0x8 ../../../libDaisy/build/libdaisy.a(usbd_conf.o)
                0x0000000008003ef8                HAL_PCD_ISOOUTIncompleteCallback
 .text.HAL_PCD_ISOINIncompleteCallback
                0x0000000008003f00        0x8 ../../../libDaisy/build/libdaisy.a(usbd_conf.o)
                0x0000000008003f00                HAL_PCD_ISOINIncompleteCallback
 .text.HAL_PCD_ConnectCallback
                0x0000000008003f08        0x8 ../../../libDaisy/build/libdaisy.a(usbd_conf.o)
                0x0000000008003f08                HAL_PCD_ConnectCallback
 .text.HAL_PCD_DisconnectCallback
                0x0000000008003f10        0x8 ../../../libDaisy/build/libdaisy.a(usbd_conf.o)
                0x0000000008003f10                HAL_PCD_DisconnectCallback
 .text.USBD_LL_Init
                0x0000000008003f18       0xe4 ../../../libDaisy/build/libdaisy.a(usbd_conf.o)
                0x0000000008003f18                USBD_LL_Init
 .text.USBD_LL_Start
                0x0000000008003ffc       0x1c ../../../libDaisy/build/libdaisy.a(usbd_conf.o)
                0x0000000008003ffc                USBD_LL_Start
 .text.USBD_LL_OpenEP
                0x0000000008004018       0x24 ../../../libDaisy/build/libdaisy.a(usbd_conf.o)
                0x0000000008004018                USBD_LL_OpenEP
 .text.USBD_LL_CloseEP
                0x000000000800403c       0x1c ../../../libDaisy/build/libdaisy.a(usbd_conf.o)
                0x000000000800403c                USBD_LL_CloseEP
 .text.USBD_LL_StallEP
                0x0000000008004058       0x1c ../../../libDaisy/build/libdaisy.a(usbd_conf.o)
                0x0000000008004058                USBD_LL_StallEP
 .text.USBD_LL_ClearStallEP
                0x0000000008004074       0x1c ../../../libDaisy/build/libdaisy.a(usbd_conf.o)
                0x0000000008004074                USBD_LL_ClearStallEP
 .text.USBD_LL_IsStallEP
                0x0000000008004090       0x28 ../../../libDaisy/build/libdaisy.a(usbd_conf.o)
                0x0000000008004090                USBD_LL_IsStallEP
 .text.USBD_LL_SetUSBAddress
                0x00000000080040b8       0x1c ../../../libDaisy/build/libdaisy.a(usbd_conf.o)
                0x00000000080040b8                USBD_LL_SetUSBAddress
 .text.USBD_LL_Transmit
                0x00000000080040d4       0x1c ../../../libDaisy/build/libdaisy.a(usbd_conf.o)
                0x00000000080040d4                USBD_LL_Transmit
 .text.USBD_LL_PrepareReceive
                0x00000000080040f0       0x1c ../../../libDaisy/build/libdaisy.a(usbd_conf.o)
                0x00000000080040f0                USBD_LL_PrepareReceive
 .text.USBD_LL_GetRxDataSize
                0x000000000800410c        0x8 ../../../libDaisy/build/libdaisy.a(usbd_conf.o)
                0x000000000800410c                USBD_LL_GetRxDataSize
 .text.HAL_HCD_SOF_Callback
                0x0000000008004114        0x8 ../../../libDaisy/build/libdaisy.a(usbh_conf.o)
                0x0000000008004114                HAL_HCD_SOF_Callback
 .text.HAL_HCD_Connect_Callback
                0x000000000800411c        0x8 ../../../libDaisy/build/libdaisy.a(usbh_conf.o)
                0x000000000800411c                HAL_HCD_Connect_Callback
 .text.HAL_HCD_Disconnect_Callback
                0x0000000008004124        0x8 ../../../libDaisy/build/libdaisy.a(usbh_conf.o)
                0x0000000008004124                HAL_HCD_Disconnect_Callback
 .text.HAL_HCD_HC_NotifyURBChange_Callback
                0x000000000800412c        0x4 ../../../libDaisy/build/libdaisy.a(usbh_conf.o)
                0x000000000800412c                HAL_HCD_HC_NotifyURBChange_Callback
 .text.HAL_HCD_PortEnabled_Callback
                0x0000000008004130        0x8 ../../../libDaisy/build/libdaisy.a(usbh_conf.o)
                0x0000000008004130                HAL_HCD_PortEnabled_Callback
 .text.HAL_HCD_PortDisabled_Callback
                0x0000000008004138        0x8 ../../../libDaisy/build/libdaisy.a(usbh_conf.o)
                0x0000000008004138                HAL_HCD_PortDisabled_Callback
 .text.USBH_LL_Stop
                0x0000000008004140       0x1c ../../../libDaisy/build/libdaisy.a(usbh_conf.o)
                0x0000000008004140                USBH_LL_Stop
 .text.dsy_hal_map_get_port
                0x000000000800415c       0x10 ../../../libDaisy/build/libdaisy.a(hal_map.o)
                0x000000000800415c                dsy_hal_map_get_port
 .text.dsy_hal_map_get_pin
                0x000000000800416c       0x10 ../../../libDaisy/build/libdaisy.a(hal_map.o)
                0x000000000800416c                dsy_hal_map_get_pin
 .text.dsy_hal_map_gpio_clk_enable
                0x000000000800417c      0x150 ../../../libDaisy/build/libdaisy.a(hal_map.o)
                0x000000000800417c                dsy_hal_map_gpio_clk_enable
 .text.HAL_MspInit
                0x00000000080042cc        0x4 ../../../libDaisy/build/libdaisy.a(stm32h7xx_hal.o)
                0x00000000080042cc                HAL_MspInit
 .text.HAL_InitTick
                0x00000000080042d0       0x4c ../../../libDaisy/build/libdaisy.a(stm32h7xx_hal.o)
                0x00000000080042d0                HAL_InitTick
 .text.HAL_Init
                0x000000000800431c       0x60 ../../../libDaisy/build/libdaisy.a(stm32h7xx_hal.o)
                0x000000000800431c                HAL_Init
 .text.HAL_IncTick
                0x000000000800437c       0x18 ../../../libDaisy/build/libdaisy.a(stm32h7xx_hal.o)
                0x000000000800437c                HAL_IncTick
 .text.HAL_GetTick
                0x0000000008004394        0xc ../../../libDaisy/build/libdaisy.a(stm32h7xx_hal.o)
                0x0000000008004394                HAL_GetTick
 .text.HAL_Delay
                0x00000000080043a0       0x24 ../../../libDaisy/build/libdaisy.a(stm32h7xx_hal.o)
                0x00000000080043a0                HAL_Delay
 .text.HAL_GetREVID
                0x00000000080043c4        0xc ../../../libDaisy/build/libdaisy.a(stm32h7xx_hal.o)
                0x00000000080043c4                HAL_GetREVID
 .text.HAL_NVIC_SetPriorityGrouping
                0x00000000080043d0       0x24 ../../../libDaisy/build/libdaisy.a(stm32h7xx_hal_cortex.o)
                0x00000000080043d0                HAL_NVIC_SetPriorityGrouping
 .text.HAL_NVIC_SetPriority
                0x00000000080043f4       0x7c ../../../libDaisy/build/libdaisy.a(stm32h7xx_hal_cortex.o)
                0x00000000080043f4                HAL_NVIC_SetPriority
 .text.HAL_NVIC_EnableIRQ
                0x0000000008004470       0x1c ../../../libDaisy/build/libdaisy.a(stm32h7xx_hal_cortex.o)
                0x0000000008004470                HAL_NVIC_EnableIRQ
 .text.HAL_NVIC_DisableIRQ
                0x000000000800448c       0x28 ../../../libDaisy/build/libdaisy.a(stm32h7xx_hal_cortex.o)
                0x000000000800448c                HAL_NVIC_DisableIRQ
 .text.HAL_SYSTICK_Config
                0x00000000080044b4       0x2c ../../../libDaisy/build/libdaisy.a(stm32h7xx_hal_cortex.o)
                0x00000000080044b4                HAL_SYSTICK_Config
 .text.HAL_MPU_Disable
                0x00000000080044e0       0x1c ../../../libDaisy/build/libdaisy.a(stm32h7xx_hal_cortex.o)
                0x00000000080044e0                HAL_MPU_Disable
 .text.HAL_MPU_Enable
                0x00000000080044fc       0x20 ../../../libDaisy/build/libdaisy.a(stm32h7xx_hal_cortex.o)
                0x00000000080044fc                HAL_MPU_Enable
 .text.HAL_MPU_ConfigRegion
                0x000000000800451c       0x64 ../../../libDaisy/build/libdaisy.a(stm32h7xx_hal_cortex.o)
                0x000000000800451c                HAL_MPU_ConfigRegion
 .text.HAL_SYSTICK_Callback
                0x0000000008004580        0x4 ../../../libDaisy/build/libdaisy.a(stm32h7xx_hal_cortex.o)
                0x0000000008004580                HAL_SYSTICK_Callback
 .text.HAL_SYSTICK_IRQHandler
                0x0000000008004584        0x8 ../../../libDaisy/build/libdaisy.a(stm32h7xx_hal_cortex.o)
                0x0000000008004584                HAL_SYSTICK_IRQHandler
 .text.DMA_CalcBaseAndBitshift
                0x000000000800458c       0xf4 ../../../libDaisy/build/libdaisy.a(stm32h7xx_hal_dma.o)
 .text.DMA_CalcDMAMUXChannelBaseAndMask
                0x0000000008004680       0xd8 ../../../libDaisy/build/libdaisy.a(stm32h7xx_hal_dma.o)
 .text.HAL_DMA_Init
                0x0000000008004758      0x37c ../../../libDaisy/build/libdaisy.a(stm32h7xx_hal_dma.o)
                0x0000000008004758                HAL_DMA_Init
 .text.HAL_DMA_Start_IT
                0x0000000008004ad4      0x240 ../../../libDaisy/build/libdaisy.a(stm32h7xx_hal_dma.o)
                0x0000000008004ad4                HAL_DMA_Start_IT
 .text.HAL_DMA_Abort_IT
                0x0000000008004d14      0x134 ../../../libDaisy/build/libdaisy.a(stm32h7xx_hal_dma.o)
                0x0000000008004d14                HAL_DMA_Abort_IT
 .text.HAL_DMA_IRQHandler
                0x0000000008004e48      0x6a0 ../../../libDaisy/build/libdaisy.a(stm32h7xx_hal_dma.o)
                0x0000000008004e48                HAL_DMA_IRQHandler
 .text.HAL_DMA_GetError
                0x00000000080054e8        0x4 ../../../libDaisy/build/libdaisy.a(stm32h7xx_hal_dma.o)
                0x00000000080054e8                HAL_DMA_GetError
 .text.HAL_GPIO_Init
                0x00000000080054ec      0x280 ../../../libDaisy/build/libdaisy.a(stm32h7xx_hal_gpio.o)
                0x00000000080054ec                HAL_GPIO_Init
 .text.HAL_GPIO_DeInit
                0x000000000800576c      0x190 ../../../libDaisy/build/libdaisy.a(stm32h7xx_hal_gpio.o)
                0x000000000800576c                HAL_GPIO_DeInit
 .text.HAL_GPIO_ReadPin
                0x00000000080058fc        0xc ../../../libDaisy/build/libdaisy.a(stm32h7xx_hal_gpio.o)
                0x00000000080058fc                HAL_GPIO_ReadPin
 .text.HAL_GPIO_WritePin
                0x0000000008005908        0x8 ../../../libDaisy/build/libdaisy.a(stm32h7xx_hal_gpio.o)
                0x0000000008005908                HAL_GPIO_WritePin
 .text.HAL_HCD_IRQHandler
                0x0000000008005910      0x780 ../../../libDaisy/build/libdaisy.a(stm32h7xx_hal_hcd.o)
                0x0000000008005910                HAL_HCD_IRQHandler
 .text.HAL_HCD_Stop
                0x0000000008006090       0x28 ../../../libDaisy/build/libdaisy.a(stm32h7xx_hal_hcd.o)
                0x0000000008006090                HAL_HCD_Stop
 .text.I2C_WaitOnTXISFlagUntilTimeout
                0x00000000080060b8       0xb8 ../../../libDaisy/build/libdaisy.a(stm32h7xx_hal_i2c.o)
 .text.I2C_WaitOnSTOPFlagUntilTimeout
                0x0000000008006170       0xac ../../../libDaisy/build/libdaisy.a(stm32h7xx_hal_i2c.o)
 .text.HAL_I2C_Init
                0x000000000800621c       0xac ../../../libDaisy/build/libdaisy.a(stm32h7xx_hal_i2c.o)
                0x000000000800621c                HAL_I2C_Init
 .text.HAL_I2C_Master_Transmit
                0x00000000080062c8      0x1a8 ../../../libDaisy/build/libdaisy.a(stm32h7xx_hal_i2c.o)
                0x00000000080062c8                HAL_I2C_Master_Transmit
 .text.HAL_I2C_Slave_Transmit
                0x0000000008006470      0x1c8 ../../../libDaisy/build/libdaisy.a(stm32h7xx_hal_i2c.o)
                0x0000000008006470                HAL_I2C_Slave_Transmit
 .text.HAL_I2C_EV_IRQHandler
                0x0000000008006638       0x10 ../../../libDaisy/build/libdaisy.a(stm32h7xx_hal_i2c.o)
                0x0000000008006638                HAL_I2C_EV_IRQHandler
 .text.HAL_I2C_GetState
                0x0000000008006648        0x8 ../../../libDaisy/build/libdaisy.a(stm32h7xx_hal_i2c.o)
                0x0000000008006648                HAL_I2C_GetState
 .text.HAL_I2CEx_ConfigAnalogFilter
                0x0000000008006650       0x54 ../../../libDaisy/build/libdaisy.a(stm32h7xx_hal_i2c_ex.o)
                0x0000000008006650                HAL_I2CEx_ConfigAnalogFilter
 .text.HAL_I2CEx_ConfigDigitalFilter
                0x00000000080066a4       0x58 ../../../libDaisy/build/libdaisy.a(stm32h7xx_hal_i2c_ex.o)
                0x00000000080066a4                HAL_I2CEx_ConfigDigitalFilter
 .text.HAL_PCD_Init
                0x00000000080066fc      0x12c ../../../libDaisy/build/libdaisy.a(stm32h7xx_hal_pcd.o)
                0x00000000080066fc                HAL_PCD_Init
 .text.HAL_PCD_Start
                0x0000000008006828       0x44 ../../../libDaisy/build/libdaisy.a(stm32h7xx_hal_pcd.o)
                0x0000000008006828                HAL_PCD_Start
 .text.HAL_PCD_IRQHandler
                0x000000000800686c      0x69c ../../../libDaisy/build/libdaisy.a(stm32h7xx_hal_pcd.o)
                0x000000000800686c                HAL_PCD_IRQHandler
 .text.HAL_PCD_SetAddress
                0x0000000008006f08       0x2c ../../../libDaisy/build/libdaisy.a(stm32h7xx_hal_pcd.o)
                0x0000000008006f08                HAL_PCD_SetAddress
 .text.HAL_PCD_EP_Open
                0x0000000008006f34       0x7c ../../../libDaisy/build/libdaisy.a(stm32h7xx_hal_pcd.o)
                0x0000000008006f34                HAL_PCD_EP_Open
 .text.HAL_PCD_EP_Close
                0x0000000008006fb0       0x6c ../../../libDaisy/build/libdaisy.a(stm32h7xx_hal_pcd.o)
                0x0000000008006fb0                HAL_PCD_EP_Close
 .text.HAL_PCD_EP_Receive
                0x000000000800701c       0x50 ../../../libDaisy/build/libdaisy.a(stm32h7xx_hal_pcd.o)
                0x000000000800701c                HAL_PCD_EP_Receive
 .text.HAL_PCD_EP_GetRxCount
                0x000000000800706c       0x14 ../../../libDaisy/build/libdaisy.a(stm32h7xx_hal_pcd.o)
                0x000000000800706c                HAL_PCD_EP_GetRxCount
 .text.HAL_PCD_EP_Transmit
                0x0000000008007080       0x50 ../../../libDaisy/build/libdaisy.a(stm32h7xx_hal_pcd.o)
                0x0000000008007080                HAL_PCD_EP_Transmit
 .text.HAL_PCD_EP_SetStall
                0x00000000080070d0       0x88 ../../../libDaisy/build/libdaisy.a(stm32h7xx_hal_pcd.o)
                0x00000000080070d0                HAL_PCD_EP_SetStall
 .text.HAL_PCD_EP_ClrStall
                0x0000000008007158       0x78 ../../../libDaisy/build/libdaisy.a(stm32h7xx_hal_pcd.o)
                0x0000000008007158                HAL_PCD_EP_ClrStall
 .text.HAL_PCDEx_SetTxFiFo
                0x00000000080071d0       0x54 ../../../libDaisy/build/libdaisy.a(stm32h7xx_hal_pcd_ex.o)
                0x00000000080071d0                HAL_PCDEx_SetTxFiFo
 .text.HAL_PCDEx_SetRxFiFo
                0x0000000008007224        0xc ../../../libDaisy/build/libdaisy.a(stm32h7xx_hal_pcd_ex.o)
                0x0000000008007224                HAL_PCDEx_SetRxFiFo
 .text.HAL_PCDEx_ActivateLPM
                0x0000000008007230       0x30 ../../../libDaisy/build/libdaisy.a(stm32h7xx_hal_pcd_ex.o)
                0x0000000008007230                HAL_PCDEx_ActivateLPM
 .text.HAL_PCDEx_LPM_Callback
                0x0000000008007260        0x4 ../../../libDaisy/build/libdaisy.a(stm32h7xx_hal_pcd_ex.o)
                0x0000000008007260                HAL_PCDEx_LPM_Callback
 .text.HAL_PWREx_ConfigSupply
                0x0000000008007264       0x4c ../../../libDaisy/build/libdaisy.a(stm32h7xx_hal_pwr_ex.o)
                0x0000000008007264                HAL_PWREx_ConfigSupply
 .text.HAL_PWREx_EnableUSBVoltageDetector
                0x00000000080072b0       0x10 ../../../libDaisy/build/libdaisy.a(stm32h7xx_hal_pwr_ex.o)
                0x00000000080072b0                HAL_PWREx_EnableUSBVoltageDetector
 .text.QSPI_Config
                0x00000000080072c0      0x174 ../../../libDaisy/build/libdaisy.a(stm32h7xx_hal_qspi.o)
 .text.HAL_QSPI_Init
                0x0000000008007434       0xd8 ../../../libDaisy/build/libdaisy.a(stm32h7xx_hal_qspi.o)
                0x0000000008007434                HAL_QSPI_Init
 .text.HAL_QSPI_DeInit
                0x000000000800750c       0x3c ../../../libDaisy/build/libdaisy.a(stm32h7xx_hal_qspi.o)
                0x000000000800750c                HAL_QSPI_DeInit
 .text.HAL_QSPI_Command
                0x0000000008007548       0xd4 ../../../libDaisy/build/libdaisy.a(stm32h7xx_hal_qspi.o)
                0x0000000008007548                HAL_QSPI_Command
 .text.HAL_QSPI_Transmit
                0x000000000800761c       0xfc ../../../libDaisy/build/libdaisy.a(stm32h7xx_hal_qspi.o)
                0x000000000800761c                HAL_QSPI_Transmit
 .text.HAL_QSPI_Receive
                0x0000000008007718      0x108 ../../../libDaisy/build/libdaisy.a(stm32h7xx_hal_qspi.o)
                0x0000000008007718                HAL_QSPI_Receive
 .text.HAL_QSPI_AutoPolling
                0x0000000008007820       0xf0 ../../../libDaisy/build/libdaisy.a(stm32h7xx_hal_qspi.o)
                0x0000000008007820                HAL_QSPI_AutoPolling
 .text.HAL_QSPI_MemoryMapped
                0x0000000008007910       0xc0 ../../../libDaisy/build/libdaisy.a(stm32h7xx_hal_qspi.o)
                0x0000000008007910                HAL_QSPI_MemoryMapped
 .text.HAL_QSPI_ErrorCallback
                0x00000000080079d0        0x4 ../../../libDaisy/build/libdaisy.a(stm32h7xx_hal_qspi.o)
                0x00000000080079d0                HAL_QSPI_ErrorCallback
 .text.QSPI_DMAAbortCplt
                0x00000000080079d4       0x38 ../../../libDaisy/build/libdaisy.a(stm32h7xx_hal_qspi.o)
 .text.HAL_QSPI_AbortCpltCallback
                0x0000000008007a0c        0x4 ../../../libDaisy/build/libdaisy.a(stm32h7xx_hal_qspi.o)
                0x0000000008007a0c                HAL_QSPI_AbortCpltCallback
 .text.HAL_QSPI_CmdCpltCallback
                0x0000000008007a10        0x4 ../../../libDaisy/build/libdaisy.a(stm32h7xx_hal_qspi.o)
                0x0000000008007a10                HAL_QSPI_CmdCpltCallback
 .text.HAL_QSPI_RxCpltCallback
                0x0000000008007a14        0x4 ../../../libDaisy/build/libdaisy.a(stm32h7xx_hal_qspi.o)
                0x0000000008007a14                HAL_QSPI_RxCpltCallback
 .text.HAL_QSPI_TxCpltCallback
                0x0000000008007a18        0x4 ../../../libDaisy/build/libdaisy.a(stm32h7xx_hal_qspi.o)
                0x0000000008007a18                HAL_QSPI_TxCpltCallback
 .text.HAL_QSPI_FifoThresholdCallback
                0x0000000008007a1c        0x4 ../../../libDaisy/build/libdaisy.a(stm32h7xx_hal_qspi.o)
                0x0000000008007a1c                HAL_QSPI_FifoThresholdCallback
 .text.HAL_QSPI_StatusMatchCallback
                0x0000000008007a20        0x4 ../../../libDaisy/build/libdaisy.a(stm32h7xx_hal_qspi.o)
                0x0000000008007a20                HAL_QSPI_StatusMatchCallback
 .text.HAL_QSPI_TimeOutCallback
                0x0000000008007a24        0x4 ../../../libDaisy/build/libdaisy.a(stm32h7xx_hal_qspi.o)
                0x0000000008007a24                HAL_QSPI_TimeOutCallback
 .text.HAL_QSPI_IRQHandler
                0x0000000008007a28      0x210 ../../../libDaisy/build/libdaisy.a(stm32h7xx_hal_qspi.o)
                0x0000000008007a28                HAL_QSPI_IRQHandler
 .text.HAL_RCC_OscConfig
                0x0000000008007c38      0x51c ../../../libDaisy/build/libdaisy.a(stm32h7xx_hal_rcc.o)
                0x0000000008007c38                HAL_RCC_OscConfig
 .text.HAL_RCC_GetSysClockFreq
                0x0000000008008154      0x140 ../../../libDaisy/build/libdaisy.a(stm32h7xx_hal_rcc.o)
                0x0000000008008154                HAL_RCC_GetSysClockFreq
 .text.HAL_RCC_ClockConfig
                0x0000000008008294      0x234 ../../../libDaisy/build/libdaisy.a(stm32h7xx_hal_rcc.o)
                0x0000000008008294                HAL_RCC_ClockConfig
 .text.HAL_RCC_GetHCLKFreq
                0x00000000080084c8       0x2c ../../../libDaisy/build/libdaisy.a(stm32h7xx_hal_rcc.o)
                0x00000000080084c8                HAL_RCC_GetHCLKFreq
 .text.HAL_RCC_GetPCLK1Freq
                0x00000000080084f4       0x38 ../../../libDaisy/build/libdaisy.a(stm32h7xx_hal_rcc.o)
                0x00000000080084f4                HAL_RCC_GetPCLK1Freq
 .text.HAL_RCC_GetPCLK2Freq
                0x000000000800852c       0x38 ../../../libDaisy/build/libdaisy.a(stm32h7xx_hal_rcc.o)
                0x000000000800852c                HAL_RCC_GetPCLK2Freq
 .text.RCCEx_PLL2_Config
                0x0000000008008564       0xf4 ../../../libDaisy/build/libdaisy.a(stm32h7xx_hal_rcc_ex.o)
 .text.RCCEx_PLL3_Config
                0x0000000008008658       0xf4 ../../../libDaisy/build/libdaisy.a(stm32h7xx_hal_rcc_ex.o)
 .text.HAL_RCCEx_PeriphCLKConfig
                0x000000000800874c      0xa7c ../../../libDaisy/build/libdaisy.a(stm32h7xx_hal_rcc_ex.o)
                0x000000000800874c                HAL_RCCEx_PeriphCLKConfig
 .text.HAL_RCCEx_GetD3PCLK1Freq
                0x00000000080091c8       0x24 ../../../libDaisy/build/libdaisy.a(stm32h7xx_hal_rcc_ex.o)
                0x00000000080091c8                HAL_RCCEx_GetD3PCLK1Freq
 .text.HAL_RCCEx_GetPLL2ClockFreq
                0x00000000080091ec      0x17c ../../../libDaisy/build/libdaisy.a(stm32h7xx_hal_rcc_ex.o)
                0x00000000080091ec                HAL_RCCEx_GetPLL2ClockFreq
 .text.HAL_RCCEx_GetPLL3ClockFreq
                0x0000000008009368      0x17c ../../../libDaisy/build/libdaisy.a(stm32h7xx_hal_rcc_ex.o)
                0x0000000008009368                HAL_RCCEx_GetPLL3ClockFreq
 .text.HAL_RCCEx_GetPLL1ClockFreq
                0x00000000080094e4      0x17c ../../../libDaisy/build/libdaisy.a(stm32h7xx_hal_rcc_ex.o)
                0x00000000080094e4                HAL_RCCEx_GetPLL1ClockFreq
 .text.HAL_RCCEx_GetPeriphCLKFreq
                0x0000000008009660      0x198 ../../../libDaisy/build/libdaisy.a(stm32h7xx_hal_rcc_ex.o)
                0x0000000008009660                HAL_RCCEx_GetPeriphCLKFreq
 .text.HAL_RCCEx_GetD1SysClockFreq
                0x00000000080097f8       0x2c ../../../libDaisy/build/libdaisy.a(stm32h7xx_hal_rcc_ex.o)
                0x00000000080097f8                HAL_RCCEx_GetD1SysClockFreq
 .text.HAL_SAI_Init.part.0
                0x0000000008009824      0x348 ../../../libDaisy/build/libdaisy.a(stm32h7xx_hal_sai.o)
 .text.HAL_SAI_InitProtocol
                0x0000000008009b6c      0x178 ../../../libDaisy/build/libdaisy.a(stm32h7xx_hal_sai.o)
                0x0000000008009b6c                HAL_SAI_InitProtocol
 .text.HAL_SAI_Transmit_DMA
                0x0000000008009ce4      0x124 ../../../libDaisy/build/libdaisy.a(stm32h7xx_hal_sai.o)
                0x0000000008009ce4                HAL_SAI_Transmit_DMA
 .text.HAL_SAI_Receive_DMA
                0x0000000008009e08       0xd0 ../../../libDaisy/build/libdaisy.a(stm32h7xx_hal_sai.o)
                0x0000000008009e08                HAL_SAI_Receive_DMA
 .text.HAL_SAI_TxCpltCallback
                0x0000000008009ed8        0x4 ../../../libDaisy/build/libdaisy.a(stm32h7xx_hal_sai.o)
                0x0000000008009ed8                HAL_SAI_TxCpltCallback
 .text.SAI_DMATxCplt
                0x0000000008009edc       0x64 ../../../libDaisy/build/libdaisy.a(stm32h7xx_hal_sai.o)
 .text.HAL_SAI_TxHalfCpltCallback
                0x0000000008009f40        0x4 ../../../libDaisy/build/libdaisy.a(stm32h7xx_hal_sai.o)
                0x0000000008009f40                HAL_SAI_TxHalfCpltCallback
 .text.SAI_DMATxHalfCplt
                0x0000000008009f44        0xc ../../../libDaisy/build/libdaisy.a(stm32h7xx_hal_sai.o)
 .text.SAI_DMARxCplt
                0x0000000008009f50       0x64 ../../../libDaisy/build/libdaisy.a(stm32h7xx_hal_sai.o)
 .text.SAI_DMARxHalfCplt
                0x0000000008009fb4        0xc ../../../libDaisy/build/libdaisy.a(stm32h7xx_hal_sai.o)
 .text.HAL_SAI_ErrorCallback
                0x0000000008009fc0        0x4 ../../../libDaisy/build/libdaisy.a(stm32h7xx_hal_sai.o)
                0x0000000008009fc0                HAL_SAI_ErrorCallback
 .text.SAI_DMAError
                0x0000000008009fc4       0x6c ../../../libDaisy/build/libdaisy.a(stm32h7xx_hal_sai.o)
 .text.HAL_SDRAM_Init
                0x000000000800a030       0x54 ../../../libDaisy/build/libdaisy.a(stm32h7xx_hal_sdram.o)
                0x000000000800a030                HAL_SDRAM_Init
 .text.HAL_SDRAM_SendCommand
                0x000000000800a084       0x40 ../../../libDaisy/build/libdaisy.a(stm32h7xx_hal_sdram.o)
                0x000000000800a084                HAL_SDRAM_SendCommand
 .text.HAL_SDRAM_ProgramRefreshRate
                0x000000000800a0c4       0x30 ../../../libDaisy/build/libdaisy.a(stm32h7xx_hal_sdram.o)
                0x000000000800a0c4                HAL_SDRAM_ProgramRefreshRate
 .text.FMC_SDRAM_Init
                0x000000000800a0f4       0x7c ../../../libDaisy/build/libdaisy.a(stm32h7xx_ll_fmc.o)
                0x000000000800a0f4                FMC_SDRAM_Init
 .text.FMC_SDRAM_Timing_Init
                0x000000000800a170       0x98 ../../../libDaisy/build/libdaisy.a(stm32h7xx_ll_fmc.o)
                0x000000000800a170                FMC_SDRAM_Timing_Init
 .text.FMC_SDRAM_SendCommand
                0x000000000800a208       0x28 ../../../libDaisy/build/libdaisy.a(stm32h7xx_ll_fmc.o)
                0x000000000800a208                FMC_SDRAM_SendCommand
 .text.FMC_SDRAM_ProgramRefreshRate
                0x000000000800a230       0x1c ../../../libDaisy/build/libdaisy.a(stm32h7xx_ll_fmc.o)
                0x000000000800a230                FMC_SDRAM_ProgramRefreshRate
 .text.USB_CoreInit
                0x000000000800a24c      0x124 ../../../libDaisy/build/libdaisy.a(stm32h7xx_ll_usb.o)
                0x000000000800a24c                USB_CoreInit
 .text.USB_SetTurnaroundTime
                0x000000000800a370      0x104 ../../../libDaisy/build/libdaisy.a(stm32h7xx_ll_usb.o)
                0x000000000800a370                USB_SetTurnaroundTime
 .text.USB_EnableGlobalInt
                0x000000000800a474       0x10 ../../../libDaisy/build/libdaisy.a(stm32h7xx_ll_usb.o)
                0x000000000800a474                USB_EnableGlobalInt
 .text.USB_DisableGlobalInt
                0x000000000800a484       0x10 ../../../libDaisy/build/libdaisy.a(stm32h7xx_ll_usb.o)
                0x000000000800a484                USB_DisableGlobalInt
 .text.USB_SetCurrentMode
                0x000000000800a494       0x30 ../../../libDaisy/build/libdaisy.a(stm32h7xx_ll_usb.o)
                0x000000000800a494                USB_SetCurrentMode
 .text.USB_DevInit
                0x000000000800a4c4      0x20c ../../../libDaisy/build/libdaisy.a(stm32h7xx_ll_usb.o)
                0x000000000800a4c4                USB_DevInit
 .text.USB_FlushTxFifo
                0x000000000800a6d0       0x34 ../../../libDaisy/build/libdaisy.a(stm32h7xx_ll_usb.o)
                0x000000000800a6d0                USB_FlushTxFifo
 .text.USB_GetDevSpeed
                0x000000000800a704       0x24 ../../../libDaisy/build/libdaisy.a(stm32h7xx_ll_usb.o)
                0x000000000800a704                USB_GetDevSpeed
 .text.USB_ActivateEndpoint
                0x000000000800a728       0x90 ../../../libDaisy/build/libdaisy.a(stm32h7xx_ll_usb.o)
                0x000000000800a728                USB_ActivateEndpoint
 .text.USB_DeactivateEndpoint
                0x000000000800a7b8       0x84 ../../../libDaisy/build/libdaisy.a(stm32h7xx_ll_usb.o)
                0x000000000800a7b8                USB_DeactivateEndpoint
 .text.USB_EPStartXfer
                0x000000000800a83c      0x230 ../../../libDaisy/build/libdaisy.a(stm32h7xx_ll_usb.o)
                0x000000000800a83c                USB_EPStartXfer
 .text.USB_EP0StartXfer
                0x000000000800aa6c      0x174 ../../../libDaisy/build/libdaisy.a(stm32h7xx_ll_usb.o)
                0x000000000800aa6c                USB_EP0StartXfer
 .text.USB_WritePacket
                0x000000000800abe0       0x2c ../../../libDaisy/build/libdaisy.a(stm32h7xx_ll_usb.o)
                0x000000000800abe0                USB_WritePacket
 .text.USB_ReadPacket
                0x000000000800ac0c       0x20 ../../../libDaisy/build/libdaisy.a(stm32h7xx_ll_usb.o)
                0x000000000800ac0c                USB_ReadPacket
 .text.USB_EPSetStall
                0x000000000800ac2c       0x68 ../../../libDaisy/build/libdaisy.a(stm32h7xx_ll_usb.o)
                0x000000000800ac2c                USB_EPSetStall
 .text.USB_EPClearStall
                0x000000000800ac94       0x58 ../../../libDaisy/build/libdaisy.a(stm32h7xx_ll_usb.o)
                0x000000000800ac94                USB_EPClearStall
 .text.USB_SetDevAddress
                0x000000000800acec       0x24 ../../../libDaisy/build/libdaisy.a(stm32h7xx_ll_usb.o)
                0x000000000800acec                USB_SetDevAddress
 .text.USB_DevConnect
                0x000000000800ad10       0x1c ../../../libDaisy/build/libdaisy.a(stm32h7xx_ll_usb.o)
                0x000000000800ad10                USB_DevConnect
 .text.USB_DevDisconnect
                0x000000000800ad2c       0x1c ../../../libDaisy/build/libdaisy.a(stm32h7xx_ll_usb.o)
                0x000000000800ad2c                USB_DevDisconnect
 .text.USB_ReadInterrupts
                0x000000000800ad48       0x14 ../../../libDaisy/build/libdaisy.a(stm32h7xx_ll_usb.o)
                0x000000000800ad48                USB_ReadInterrupts
 .text.USB_ReadDevAllOutEpInterrupt
                0x000000000800ad5c       0x1c ../../../libDaisy/build/libdaisy.a(stm32h7xx_ll_usb.o)
                0x000000000800ad5c                USB_ReadDevAllOutEpInterrupt
 .text.USB_ReadDevAllInEpInterrupt
                0x000000000800ad78       0x1c ../../../libDaisy/build/libdaisy.a(stm32h7xx_ll_usb.o)
                0x000000000800ad78                USB_ReadDevAllInEpInterrupt
 .text.USB_ReadDevOutEPInterrupt
                0x000000000800ad94       0x1c ../../../libDaisy/build/libdaisy.a(stm32h7xx_ll_usb.o)
                0x000000000800ad94                USB_ReadDevOutEPInterrupt
 .text.USB_ReadDevInEPInterrupt
                0x000000000800adb0       0x38 ../../../libDaisy/build/libdaisy.a(stm32h7xx_ll_usb.o)
                0x000000000800adb0                USB_ReadDevInEPInterrupt
 .text.USB_GetMode
                0x000000000800ade8        0x8 ../../../libDaisy/build/libdaisy.a(stm32h7xx_ll_usb.o)
                0x000000000800ade8                USB_GetMode
 .text.USB_ActivateSetup
                0x000000000800adf0       0x38 ../../../libDaisy/build/libdaisy.a(stm32h7xx_ll_usb.o)
                0x000000000800adf0                USB_ActivateSetup
 .text.USB_EP0_OutStart
                0x000000000800ae28       0x58 ../../../libDaisy/build/libdaisy.a(stm32h7xx_ll_usb.o)
                0x000000000800ae28                USB_EP0_OutStart
 .text.USB_InitFSLSPClkSel
                0x000000000800ae80       0x44 ../../../libDaisy/build/libdaisy.a(stm32h7xx_ll_usb.o)
                0x000000000800ae80                USB_InitFSLSPClkSel
 .text.USB_HC_ReadInterrupt
                0x000000000800aec4        0x8 ../../../libDaisy/build/libdaisy.a(stm32h7xx_ll_usb.o)
                0x000000000800aec4                USB_HC_ReadInterrupt
 .text.USB_HC_Halt
                0x000000000800aecc       0xc0 ../../../libDaisy/build/libdaisy.a(stm32h7xx_ll_usb.o)
                0x000000000800aecc                USB_HC_Halt
 .text.USB_StopHost
                0x000000000800af8c      0x2ec ../../../libDaisy/build/libdaisy.a(stm32h7xx_ll_usb.o)
                0x000000000800af8c                USB_StopHost
 .text.USBD_Init
                0x000000000800b278       0x44 ../../../libDaisy/build/libdaisy.a(usbd_core.o)
                0x000000000800b278                USBD_Init
 .text.USBD_RegisterClass
                0x000000000800b2bc       0x2c ../../../libDaisy/build/libdaisy.a(usbd_core.o)
                0x000000000800b2bc                USBD_RegisterClass
 .text.USBD_Start
                0x000000000800b2e8        0xc ../../../libDaisy/build/libdaisy.a(usbd_core.o)
                0x000000000800b2e8                USBD_Start
 .text.USBD_SetClassConfig
                0x000000000800b2f4       0x14 ../../../libDaisy/build/libdaisy.a(usbd_core.o)
                0x000000000800b2f4                USBD_SetClassConfig
 .text.USBD_ClrClassConfig
                0x000000000800b308       0x10 ../../../libDaisy/build/libdaisy.a(usbd_core.o)
                0x000000000800b308                USBD_ClrClassConfig
 .text.USBD_LL_SetupStage
                0x000000000800b318       0x5c ../../../libDaisy/build/libdaisy.a(usbd_core.o)
                0x000000000800b318                USBD_LL_SetupStage
 .text.USBD_LL_DataOutStage
                0x000000000800b374       0x7c ../../../libDaisy/build/libdaisy.a(usbd_core.o)
                0x000000000800b374                USBD_LL_DataOutStage
 .text.USBD_LL_DataInStage
                0x000000000800b3f0       0xcc ../../../libDaisy/build/libdaisy.a(usbd_core.o)
                0x000000000800b3f0                USBD_LL_DataInStage
 .text.USBD_LL_Reset
                0x000000000800b4bc       0x50 ../../../libDaisy/build/libdaisy.a(usbd_core.o)
                0x000000000800b4bc                USBD_LL_Reset
 .text.USBD_LL_SetSpeed
                0x000000000800b50c        0x8 ../../../libDaisy/build/libdaisy.a(usbd_core.o)
                0x000000000800b50c                USBD_LL_SetSpeed
 .text.USBD_LL_Suspend
                0x000000000800b514       0x14 ../../../libDaisy/build/libdaisy.a(usbd_core.o)
                0x000000000800b514                USBD_LL_Suspend
 .text.USBD_LL_Resume
                0x000000000800b528       0x10 ../../../libDaisy/build/libdaisy.a(usbd_core.o)
                0x000000000800b528                USBD_LL_Resume
 .text.USBD_LL_SOF
                0x000000000800b538       0x1c ../../../libDaisy/build/libdaisy.a(usbd_core.o)
                0x000000000800b538                USBD_LL_SOF
 .text.USBD_LL_IsoINIncomplete
                0x000000000800b554        0x4 ../../../libDaisy/build/libdaisy.a(usbd_core.o)
                0x000000000800b554                USBD_LL_IsoINIncomplete
 .text.USBD_LL_IsoOUTIncomplete
                0x000000000800b558        0x4 ../../../libDaisy/build/libdaisy.a(usbd_core.o)
                0x000000000800b558                USBD_LL_IsoOUTIncomplete
 .text.USBD_LL_DevConnected
                0x000000000800b55c        0x4 ../../../libDaisy/build/libdaisy.a(usbd_core.o)
                0x000000000800b55c                USBD_LL_DevConnected
 .text.USBD_LL_DevDisconnected
                0x000000000800b560       0x18 ../../../libDaisy/build/libdaisy.a(usbd_core.o)
                0x000000000800b560                USBD_LL_DevDisconnected
 .text.USBD_StdDevReq
                0x000000000800b578      0x304 ../../../libDaisy/build/libdaisy.a(usbd_ctlreq.o)
                0x000000000800b578                USBD_StdDevReq
 .text.USBD_StdItfReq
                0x000000000800b87c       0x68 ../../../libDaisy/build/libdaisy.a(usbd_ctlreq.o)
                0x000000000800b87c                USBD_StdItfReq
 .text.USBD_StdEPReq
                0x000000000800b8e4      0x13c ../../../libDaisy/build/libdaisy.a(usbd_ctlreq.o)
                0x000000000800b8e4                USBD_StdEPReq
 .text.USBD_ParseSetupRequest
                0x000000000800ba20       0x28 ../../../libDaisy/build/libdaisy.a(usbd_ctlreq.o)
                0x000000000800ba20                USBD_ParseSetupRequest
 .text.USBD_CtlError
                0x000000000800ba48       0x18 ../../../libDaisy/build/libdaisy.a(usbd_ctlreq.o)
                0x000000000800ba48                USBD_CtlError
 .text.USBD_GetString
                0x000000000800ba60       0x54 ../../../libDaisy/build/libdaisy.a(usbd_ctlreq.o)
                0x000000000800ba60                USBD_GetString
 .text.USBD_CtlSendData
                0x000000000800bab4       0x1c ../../../libDaisy/build/libdaisy.a(usbd_ioreq.o)
                0x000000000800bab4                USBD_CtlSendData
 .text.USBD_CtlContinueSendData
                0x000000000800bad0       0x14 ../../../libDaisy/build/libdaisy.a(usbd_ioreq.o)
                0x000000000800bad0                USBD_CtlContinueSendData
 .text.USBD_CtlPrepareRx
                0x000000000800bae4       0x1c ../../../libDaisy/build/libdaisy.a(usbd_ioreq.o)
                0x000000000800bae4                USBD_CtlPrepareRx
 .text.USBD_CtlContinueRx
                0x000000000800bb00       0x14 ../../../libDaisy/build/libdaisy.a(usbd_ioreq.o)
                0x000000000800bb00                USBD_CtlContinueRx
 .text.USBD_CtlSendStatus
                0x000000000800bb14       0x18 ../../../libDaisy/build/libdaisy.a(usbd_ioreq.o)
                0x000000000800bb14                USBD_CtlSendStatus
 .text.USBD_CtlReceiveStatus
                0x000000000800bb2c       0x18 ../../../libDaisy/build/libdaisy.a(usbd_ioreq.o)
                0x000000000800bb2c                USBD_CtlReceiveStatus
 .text.USBH_LL_IncTimer
                0x000000000800bb44       0x20 ../../../libDaisy/build/libdaisy.a(usbh_core.o)
                0x000000000800bb44                USBH_LL_IncTimer
 .text.USBH_LL_PortEnabled
                0x000000000800bb64        0x8 ../../../libDaisy/build/libdaisy.a(usbh_core.o)
                0x000000000800bb64                USBH_LL_PortEnabled
 .text.USBH_LL_PortDisabled
                0x000000000800bb6c        0x8 ../../../libDaisy/build/libdaisy.a(usbh_core.o)
                0x000000000800bb6c                USBH_LL_PortDisabled
 .text.USBH_LL_Connect
                0x000000000800bb74       0x18 ../../../libDaisy/build/libdaisy.a(usbh_core.o)
                0x000000000800bb74                USBH_LL_Connect
 .text.USBH_LL_Disconnect
                0x000000000800bb8c       0x2c ../../../libDaisy/build/libdaisy.a(usbh_core.o)
                0x000000000800bb8c                USBH_LL_Disconnect
 .text.USBH_FreePipe
                0x000000000800bbb8       0x18 ../../../libDaisy/build/libdaisy.a(usbh_pipes.o)
                0x000000000800bbb8                USBH_FreePipe
 .text.DummyRxCallback
                0x000000000800bbd0        0x4 ../../../libDaisy/build/libdaisy.a(usb.o)
                0x000000000800bbd0                DummyRxCallback
 .text._ZN5daisy9UsbHandle4InitENS0_9UsbPeriphE
                0x000000000800bbd4      0x10c ../../../libDaisy/build/libdaisy.a(usb.o)
                0x000000000800bbd4                daisy::UsbHandle::Init(daisy::UsbHandle::UsbPeriph)
 .text._ZN5daisy9UsbHandle18SetReceiveCallbackEPFvPhPmENS0_9UsbPeriphE
                0x000000000800bce0       0x38 ../../../libDaisy/build/libdaisy.a(usb.o)
                0x000000000800bce0                daisy::UsbHandle::SetReceiveCallback(void (*)(unsigned char*, unsigned long*), daisy::UsbHandle::UsbPeriph)
 .text.OTG_FS_EP1_OUT_IRQHandler
                0x000000000800bd18        0xc ../../../libDaisy/build/libdaisy.a(usb.o)
                0x000000000800bd18                OTG_FS_EP1_OUT_IRQHandler
 .text.OTG_FS_EP1_IN_IRQHandler
                0x000000000800bd24        0xc ../../../libDaisy/build/libdaisy.a(usb.o)
                0x000000000800bd24                OTG_FS_EP1_IN_IRQHandler
 .text.OTG_FS_IRQHandler
                0x000000000800bd30        0xc ../../../libDaisy/build/libdaisy.a(usb.o)
                0x000000000800bd30                OTG_FS_IRQHandler
 .text._ZN5daisy6Random4InitEv
                0x000000000800bd3c       0x3c ../../../libDaisy/build/libdaisy.a(rng.o)
                0x000000000800bd3c                daisy::Random::Init()
 .text._ZN5daisy9SpiHandle4Impl7InitDmaEv
                0x000000000800bd78       0xec ../../../libDaisy/build/libdaisy.a(spi.o)
                0x000000000800bd78                daisy::SpiHandle::Impl::InitDma()
 .text._ZN5daisy9SpiHandle4Impl10StartDmaTxEPhjPFvPvEPFvS3_NS0_6ResultEES3_
                0x000000000800be64       0xc8 ../../../libDaisy/build/libdaisy.a(spi.o)
                0x000000000800be64                daisy::SpiHandle::Impl::StartDmaTx(unsigned char*, unsigned int, void (*)(void*), void (*)(void*, daisy::SpiHandle::Result), void*)
 .text._ZN5daisy9SpiHandle4Impl10StartDmaRxEPhjPFvPvEPFvS3_NS0_6ResultEES3_
                0x000000000800bf2c       0xc8 ../../../libDaisy/build/libdaisy.a(spi.o)
                0x000000000800bf2c                daisy::SpiHandle::Impl::StartDmaRx(unsigned char*, unsigned int, void (*)(void*), void (*)(void*, daisy::SpiHandle::Result), void*)
 .text._ZN5daisy9SpiHandle4Impl12StartDmaRxTxEPhS2_jPFvPvEPFvS3_NS0_6ResultEES3_
                0x000000000800bff4       0xcc ../../../libDaisy/build/libdaisy.a(spi.o)
                0x000000000800bff4                daisy::SpiHandle::Impl::StartDmaRxTx(unsigned char*, unsigned char*, unsigned int, void (*)(void*), void (*)(void*, daisy::SpiHandle::Result), void*)
 .text._ZN5daisy9SpiHandle4Impl8InitPinsEv
                0x000000000800c0c0      0x274 ../../../libDaisy/build/libdaisy.a(spi.o)
                0x000000000800c0c0                daisy::SpiHandle::Impl::InitPins()
 .text.HAL_SPI_MspInit
                0x000000000800c334      0x1a8 ../../../libDaisy/build/libdaisy.a(spi.o)
                0x000000000800c334                HAL_SPI_MspInit
 .text.dsy_spi_global_init
                0x000000000800c4dc       0x80 ../../../libDaisy/build/libdaisy.a(spi.o)
                0x000000000800c4dc                dsy_spi_global_init
 .text.SPI1_IRQHandler
                0x000000000800c55c        0xc ../../../libDaisy/build/libdaisy.a(spi.o)
                0x000000000800c55c                SPI1_IRQHandler
 .text.SPI2_IRQHandler
                0x000000000800c568        0xc ../../../libDaisy/build/libdaisy.a(spi.o)
                0x000000000800c568                SPI2_IRQHandler
 .text.SPI3_IRQHandler
                0x000000000800c574        0xc ../../../libDaisy/build/libdaisy.a(spi.o)
                0x000000000800c574                SPI3_IRQHandler
 .text.SPI4_IRQHandler
                0x000000000800c580        0xc ../../../libDaisy/build/libdaisy.a(spi.o)
                0x000000000800c580                SPI4_IRQHandler
 .text.SPI5_IRQHandler
                0x000000000800c58c        0xc ../../../libDaisy/build/libdaisy.a(spi.o)
                0x000000000800c58c                SPI5_IRQHandler
 .text.DMA2_Stream2_IRQHandler
                0x000000000800c598       0x34 ../../../libDaisy/build/libdaisy.a(spi.o)
                0x000000000800c598                DMA2_Stream2_IRQHandler
 .text.DMA2_Stream3_IRQHandler
                0x000000000800c5cc       0x38 ../../../libDaisy/build/libdaisy.a(spi.o)
                0x000000000800c5cc                DMA2_Stream3_IRQHandler
 .text.HAL_SPI_TxCpltCallback
                0x000000000800c604       0xc4 ../../../libDaisy/build/libdaisy.a(spi.o)
                0x000000000800c604                HAL_SPI_TxCpltCallback
 .text.HAL_SPI_RxCpltCallback
                0x000000000800c6c8       0xc4 ../../../libDaisy/build/libdaisy.a(spi.o)
                0x000000000800c6c8                HAL_SPI_RxCpltCallback
 .text.HAL_SPI_TxRxCpltCallback
                0x000000000800c78c       0xc4 ../../../libDaisy/build/libdaisy.a(spi.o)
                0x000000000800c78c                HAL_SPI_TxRxCpltCallback
 .text.HAL_SPI_ErrorCallback
                0x000000000800c850       0xc8 ../../../libDaisy/build/libdaisy.a(spi.o)
                0x000000000800c850                HAL_SPI_ErrorCallback
 .text.startup._GLOBAL__sub_I__Z19MapInstanceToHandleP11SPI_TypeDef
                0x000000000800c918      0x1b0 ../../../libDaisy/build/libdaisy.a(spi.o)
 .text.HAL_TIM_Base_MspInit
                0x000000000800cac8      0x1e0 ../../../libDaisy/build/libdaisy.a(tim.o)
                0x000000000800cac8                HAL_TIM_Base_MspInit
 .text.HAL_TIM_PeriodElapsedCallback
                0x000000000800cca8       0x44 ../../../libDaisy/build/libdaisy.a(tim.o)
                0x000000000800cca8                HAL_TIM_PeriodElapsedCallback
 .text.TIM2_IRQHandler
                0x000000000800ccec        0xc ../../../libDaisy/build/libdaisy.a(tim.o)
                0x000000000800ccec                TIM2_IRQHandler
 .text.TIM3_IRQHandler
                0x000000000800ccf8        0xc ../../../libDaisy/build/libdaisy.a(tim.o)
                0x000000000800ccf8                TIM3_IRQHandler
 .text.TIM4_IRQHandler
                0x000000000800cd04        0xc ../../../libDaisy/build/libdaisy.a(tim.o)
                0x000000000800cd04                TIM4_IRQHandler
 .text.TIM5_IRQHandler
                0x000000000800cd10        0xc ../../../libDaisy/build/libdaisy.a(tim.o)
                0x000000000800cd10                TIM5_IRQHandler
 .text._ZN5daisy11TimerHandle4InitERKNS0_6ConfigE
                0x000000000800cd1c       0xd0 ../../../libDaisy/build/libdaisy.a(tim.o)
                0x000000000800cd1c                daisy::TimerHandle::Init(daisy::TimerHandle::Config const&)
 .text._ZN5daisy11TimerHandle5StartEv
                0x000000000800cdec       0x24 ../../../libDaisy/build/libdaisy.a(tim.o)
                0x000000000800cdec                daisy::TimerHandle::Start()
 .text.startup._GLOBAL__sub_I__ZN5daisy11TimerHandle4Impl4InitERKNS0_6ConfigE
                0x000000000800ce10       0x38 ../../../libDaisy/build/libdaisy.a(tim.o)
 .text._ZN5daisy11UartHandler4Impl7InitDmaEbb
                0x000000000800ce48      0x164 ../../../libDaisy/build/libdaisy.a(uart.o)
                0x000000000800ce48                daisy::UartHandler::Impl::InitDma(bool, bool)
 .text._ZN5daisy11UartHandler4Impl10HandleFifoEv
                0x000000000800cfac       0xec ../../../libDaisy/build/libdaisy.a(uart.o)
                0x000000000800cfac                daisy::UartHandler::Impl::HandleFifo()
 .text._ZN5daisy11UartHandler4Impl10StartDmaTxEPhjPFvPvEPFvS3_NS0_6ResultEES3_
                0x000000000800d098       0xcc ../../../libDaisy/build/libdaisy.a(uart.o)
                0x000000000800d098                daisy::UartHandler::Impl::StartDmaTx(unsigned char*, unsigned int, void (*)(void*), void (*)(void*, daisy::UartHandler::Result), void*)
 .text._ZN5daisy11UartHandler4Impl10StartDmaRxEPhjPFvPvEPFvS3_NS0_6ResultEES3_
                0x000000000800d164       0xcc ../../../libDaisy/build/libdaisy.a(uart.o)
                0x000000000800d164                daisy::UartHandler::Impl::StartDmaRx(unsigned char*, unsigned int, void (*)(void*), void (*)(void*, daisy::UartHandler::Result), void*)
 .text._ZN5daisy11UartHandler4Impl19DmaTransferFinishedEP20__UART_HandleTypeDefNS0_6ResultE
                0x000000000800d230       0xc0 ../../../libDaisy/build/libdaisy.a(uart.o)
                0x000000000800d230                daisy::UartHandler::Impl::DmaTransferFinished(__UART_HandleTypeDef*, daisy::UartHandler::Result)
 .text._ZN5daisy11UartHandler4Impl8InitPinsEv
                0x000000000800d2f0      0x150 ../../../libDaisy/build/libdaisy.a(uart.o)
                0x000000000800d2f0                daisy::UartHandler::Impl::InitPins()
 .text.HAL_UART_MspInit
                0x000000000800d440      0x210 ../../../libDaisy/build/libdaisy.a(uart.o)
                0x000000000800d440                HAL_UART_MspInit
 .text.dsy_uart_global_init
                0x000000000800d650       0xfc ../../../libDaisy/build/libdaisy.a(uart.o)
                0x000000000800d650                dsy_uart_global_init
 .text.USART1_IRQHandler
                0x000000000800d74c       0x30 ../../../libDaisy/build/libdaisy.a(uart.o)
                0x000000000800d74c                USART1_IRQHandler
 .text.USART2_IRQHandler
                0x000000000800d77c       0x34 ../../../libDaisy/build/libdaisy.a(uart.o)
                0x000000000800d77c                USART2_IRQHandler
 .text.USART3_IRQHandler
                0x000000000800d7b0       0x34 ../../../libDaisy/build/libdaisy.a(uart.o)
                0x000000000800d7b0                USART3_IRQHandler
 .text.UART4_IRQHandler
                0x000000000800d7e4       0x34 ../../../libDaisy/build/libdaisy.a(uart.o)
                0x000000000800d7e4                UART4_IRQHandler
 .text.UART5_IRQHandler
                0x000000000800d818       0x34 ../../../libDaisy/build/libdaisy.a(uart.o)
                0x000000000800d818                UART5_IRQHandler
 .text.USART6_IRQHandler
                0x000000000800d84c       0x34 ../../../libDaisy/build/libdaisy.a(uart.o)
                0x000000000800d84c                USART6_IRQHandler
 .text.UART7_IRQHandler
                0x000000000800d880       0x30 ../../../libDaisy/build/libdaisy.a(uart.o)
                0x000000000800d880                UART7_IRQHandler
 .text.UART8_IRQHandler
                0x000000000800d8b0       0x34 ../../../libDaisy/build/libdaisy.a(uart.o)
                0x000000000800d8b0                UART8_IRQHandler
 .text.LPUART1_IRQHandler
                0x000000000800d8e4       0x34 ../../../libDaisy/build/libdaisy.a(uart.o)
                0x000000000800d8e4                LPUART1_IRQHandler
 .text.DMA1_Stream5_IRQHandler
                0x000000000800d918       0x34 ../../../libDaisy/build/libdaisy.a(uart.o)
                0x000000000800d918                DMA1_Stream5_IRQHandler
 .text.DMA2_Stream4_IRQHandler
                0x000000000800d94c       0x34 ../../../libDaisy/build/libdaisy.a(uart.o)
                0x000000000800d94c                DMA2_Stream4_IRQHandler
 .text.HAL_UART_TxCpltCallback
                0x000000000800d980        0x8 ../../../libDaisy/build/libdaisy.a(uart.o)
                0x000000000800d980                HAL_UART_TxCpltCallback
 .text.HAL_UART_RxCpltCallback
                0x000000000800d988        0x8 ../../../libDaisy/build/libdaisy.a(uart.o)
                0x000000000800d988                HAL_UART_RxCpltCallback
 .text.HAL_UART_ErrorCallback
                0x000000000800d990        0x8 ../../../libDaisy/build/libdaisy.a(uart.o)
                0x000000000800d990                HAL_UART_ErrorCallback
 .text.startup._GLOBAL__sub_I__Z19MapInstanceToHandleP13USART_TypeDef
                0x000000000800d998      0x190 ../../../libDaisy/build/libdaisy.a(uart.o)
 .text.dsy_dma_init
                0x000000000800db28      0x100 ../../../libDaisy/build/libdaisy.a(dma.o)
                0x000000000800db28                dsy_dma_init
 .text.dummy_rx_callback
                0x000000000800dc28        0x4 ../../../libDaisy/build/libdaisy.a(usbd_cdc_if.o)
                0x000000000800dc28                dummy_rx_callback
 .text.CDC_DeInit_FS
                0x000000000800dc2c        0x4 ../../../libDaisy/build/libdaisy.a(usbd_cdc_if.o)
 .text.CDC_Receive_FS
                0x000000000800dc30       0x2c ../../../libDaisy/build/libdaisy.a(usbd_cdc_if.o)
 .text.CDC_Receive_HS
                0x000000000800dc5c       0x2c ../../../libDaisy/build/libdaisy.a(usbd_cdc_if.o)
 .text.CDC_Init_FS
                0x000000000800dc88       0x3c ../../../libDaisy/build/libdaisy.a(usbd_cdc_if.o)
 .text.CDC_Init_HS
                0x000000000800dcc4       0x3c ../../../libDaisy/build/libdaisy.a(usbd_cdc_if.o)
 .text.CDC_Control_FS
                0x000000000800dd00       0x34 ../../../libDaisy/build/libdaisy.a(usbd_cdc_if.o)
 .text.CDC_Control_HS
                0x000000000800dd34       0x34 ../../../libDaisy/build/libdaisy.a(usbd_cdc_if.o)
 .text.CDC_DeInit_HS
                0x000000000800dd68        0x4 ../../../libDaisy/build/libdaisy.a(usbd_cdc_if.o)
 .text.CDC_Set_Rx_Callback_FS
                0x000000000800dd6c        0xc ../../../libDaisy/build/libdaisy.a(usbd_cdc_if.o)
                0x000000000800dd6c                CDC_Set_Rx_Callback_FS
 .text.CDC_Set_Rx_Callback_HS
                0x000000000800dd78        0xc ../../../libDaisy/build/libdaisy.a(usbd_cdc_if.o)
                0x000000000800dd78                CDC_Set_Rx_Callback_HS
 .text.USBD_HS_DeviceDescriptor
                0x000000000800dd84        0xc ../../../libDaisy/build/libdaisy.a(usbd_desc.o)
                0x000000000800dd84                USBD_HS_DeviceDescriptor
 .text.USBD_FS_DeviceDescriptor
                0x000000000800dd90        0xc ../../../libDaisy/build/libdaisy.a(usbd_desc.o)
                0x000000000800dd90                USBD_FS_DeviceDescriptor
 .text.USBD_FS_LangIDStrDescriptor
                0x000000000800dd9c        0xc ../../../libDaisy/build/libdaisy.a(usbd_desc.o)
                0x000000000800dd9c                USBD_FS_LangIDStrDescriptor
 .text.USBD_FS_ManufacturerStrDescriptor
                0x000000000800dda8       0x1c ../../../libDaisy/build/libdaisy.a(usbd_desc.o)
                0x000000000800dda8                USBD_FS_ManufacturerStrDescriptor
 .text.USBD_HS_ProductStrDescriptor
                0x000000000800ddc4       0x1c ../../../libDaisy/build/libdaisy.a(usbd_desc.o)
                0x000000000800ddc4                USBD_HS_ProductStrDescriptor
 .text.USBD_FS_ConfigStrDescriptor
                0x000000000800dde0       0x1c ../../../libDaisy/build/libdaisy.a(usbd_desc.o)
                0x000000000800dde0                USBD_FS_ConfigStrDescriptor
 .text.USBD_FS_InterfaceStrDescriptor
                0x000000000800ddfc       0x1c ../../../libDaisy/build/libdaisy.a(usbd_desc.o)
                0x000000000800ddfc                USBD_FS_InterfaceStrDescriptor
 .text.USBD_FS_ProductStrDescriptor
                0x000000000800de18       0x1c ../../../libDaisy/build/libdaisy.a(usbd_desc.o)
                0x000000000800de18                USBD_FS_ProductStrDescriptor
 .text.USBD_HS_LangIDStrDescriptor
                0x000000000800de34        0xc ../../../libDaisy/build/libdaisy.a(usbd_desc.o)
                0x000000000800de34                USBD_HS_LangIDStrDescriptor
 .text.USBD_HS_ManufacturerStrDescriptor
                0x000000000800de40       0x1c ../../../libDaisy/build/libdaisy.a(usbd_desc.o)
                0x000000000800de40                USBD_HS_ManufacturerStrDescriptor
 .text.USBD_FS_SerialStrDescriptor
                0x000000000800de5c      0x124 ../../../libDaisy/build/libdaisy.a(usbd_desc.o)
                0x000000000800de5c                USBD_FS_SerialStrDescriptor
 .text.USBD_HS_SerialStrDescriptor
                0x000000000800df80      0x124 ../../../libDaisy/build/libdaisy.a(usbd_desc.o)
                0x000000000800df80                USBD_HS_SerialStrDescriptor
 .text.USBD_HS_InterfaceStrDescriptor
                0x000000000800e0a4       0x1c ../../../libDaisy/build/libdaisy.a(usbd_desc.o)
                0x000000000800e0a4                USBD_HS_InterfaceStrDescriptor
 .text.USBD_HS_ConfigStrDescriptor
                0x000000000800e0c0       0x1c ../../../libDaisy/build/libdaisy.a(usbd_desc.o)
                0x000000000800e0c0                USBD_HS_ConfigStrDescriptor
 .text.HAL_MDMA_Abort_IT
                0x000000000800e0dc       0x2c ../../../libDaisy/build/libdaisy.a(stm32h7xx_hal_mdma.o)
                0x000000000800e0dc                HAL_MDMA_Abort_IT
 .text.SPI_CloseTransfer
                0x000000000800e108       0xb8 ../../../libDaisy/build/libdaisy.a(stm32h7xx_hal_spi.o)
 .text.HAL_SPI_Init
                0x000000000800e1c0      0x15c ../../../libDaisy/build/libdaisy.a(stm32h7xx_hal_spi.o)
                0x000000000800e1c0                HAL_SPI_Init
 .text.HAL_SPI_Transmit_DMA
                0x000000000800e31c      0x170 ../../../libDaisy/build/libdaisy.a(stm32h7xx_hal_spi.o)
                0x000000000800e31c                HAL_SPI_Transmit_DMA
 .text.HAL_SPI_TransmitReceive_DMA
                0x000000000800e48c      0x218 ../../../libDaisy/build/libdaisy.a(stm32h7xx_hal_spi.o)
                0x000000000800e48c                HAL_SPI_TransmitReceive_DMA
 .text.HAL_SPI_Receive_DMA
                0x000000000800e6a4      0x1b4 ../../../libDaisy/build/libdaisy.a(stm32h7xx_hal_spi.o)
                0x000000000800e6a4                HAL_SPI_Receive_DMA
 .text.SPI_DMATransmitCplt
                0x000000000800e858       0x28 ../../../libDaisy/build/libdaisy.a(stm32h7xx_hal_spi.o)
 .text.SPI_DMAReceiveCplt
                0x000000000800e880       0x28 ../../../libDaisy/build/libdaisy.a(stm32h7xx_hal_spi.o)
 .text.SPI_DMATransmitReceiveCplt
                0x000000000800e8a8       0x28 ../../../libDaisy/build/libdaisy.a(stm32h7xx_hal_spi.o)
 .text.HAL_SPI_TxHalfCpltCallback
                0x000000000800e8d0        0x4 ../../../libDaisy/build/libdaisy.a(stm32h7xx_hal_spi.o)
                0x000000000800e8d0                HAL_SPI_TxHalfCpltCallback
 .text.SPI_DMAHalfTransmitCplt
                0x000000000800e8d4        0xc ../../../libDaisy/build/libdaisy.a(stm32h7xx_hal_spi.o)
 .text.HAL_SPI_RxHalfCpltCallback
                0x000000000800e8e0        0x4 ../../../libDaisy/build/libdaisy.a(stm32h7xx_hal_spi.o)
                0x000000000800e8e0                HAL_SPI_RxHalfCpltCallback
 .text.SPI_DMAHalfReceiveCplt
                0x000000000800e8e4        0xc ../../../libDaisy/build/libdaisy.a(stm32h7xx_hal_spi.o)
 .text.HAL_SPI_TxRxHalfCpltCallback
                0x000000000800e8f0        0x4 ../../../libDaisy/build/libdaisy.a(stm32h7xx_hal_spi.o)
                0x000000000800e8f0                HAL_SPI_TxRxHalfCpltCallback
 .text.SPI_DMAHalfTransmitReceiveCplt
                0x000000000800e8f4        0xc ../../../libDaisy/build/libdaisy.a(stm32h7xx_hal_spi.o)
 .text.SPI_DMAError
                0x000000000800e900       0xd8 ../../../libDaisy/build/libdaisy.a(stm32h7xx_hal_spi.o)
 .text.HAL_SPI_IRQHandler
                0x000000000800e9d8      0x23c ../../../libDaisy/build/libdaisy.a(stm32h7xx_hal_spi.o)
                0x000000000800e9d8                HAL_SPI_IRQHandler
 .text.SPI_DMAAbortOnError
                0x000000000800ec14       0x1c ../../../libDaisy/build/libdaisy.a(stm32h7xx_hal_spi.o)
 .text.HAL_SPI_GetState
                0x000000000800ec30        0x8 ../../../libDaisy/build/libdaisy.a(stm32h7xx_hal_spi.o)
                0x000000000800ec30                HAL_SPI_GetState
 .text.HAL_TIM_Base_Init
                0x000000000800ec38      0x140 ../../../libDaisy/build/libdaisy.a(stm32h7xx_hal_tim.o)
                0x000000000800ec38                HAL_TIM_Base_Init
 .text.HAL_TIM_Base_Start
                0x000000000800ed78       0x34 ../../../libDaisy/build/libdaisy.a(stm32h7xx_hal_tim.o)
                0x000000000800ed78                HAL_TIM_Base_Start
 .text.HAL_TIM_Base_Start_IT
                0x000000000800edac       0x2c ../../../libDaisy/build/libdaisy.a(stm32h7xx_hal_tim.o)
                0x000000000800edac                HAL_TIM_Base_Start_IT
 .text.HAL_TIM_ConfigClockSource
                0x000000000800edd8      0x17c ../../../libDaisy/build/libdaisy.a(stm32h7xx_hal_tim.o)
                0x000000000800edd8                HAL_TIM_ConfigClockSource
 .text.HAL_TIM_OC_DelayElapsedCallback
                0x000000000800ef54        0x4 ../../../libDaisy/build/libdaisy.a(stm32h7xx_hal_tim.o)
                0x000000000800ef54                HAL_TIM_OC_DelayElapsedCallback
 .text.HAL_TIM_IC_CaptureCallback
                0x000000000800ef58        0x4 ../../../libDaisy/build/libdaisy.a(stm32h7xx_hal_tim.o)
                0x000000000800ef58                HAL_TIM_IC_CaptureCallback
 .text.HAL_TIM_PWM_PulseFinishedCallback
                0x000000000800ef5c        0x4 ../../../libDaisy/build/libdaisy.a(stm32h7xx_hal_tim.o)
                0x000000000800ef5c                HAL_TIM_PWM_PulseFinishedCallback
 .text.HAL_TIM_TriggerCallback
                0x000000000800ef60        0x4 ../../../libDaisy/build/libdaisy.a(stm32h7xx_hal_tim.o)
                0x000000000800ef60                HAL_TIM_TriggerCallback
 .text.HAL_TIM_IRQHandler
                0x000000000800ef64      0x170 ../../../libDaisy/build/libdaisy.a(stm32h7xx_hal_tim.o)
                0x000000000800ef64                HAL_TIM_IRQHandler
 .text.HAL_TIMEx_MasterConfigSynchronization
                0x000000000800f0d4       0x64 ../../../libDaisy/build/libdaisy.a(stm32h7xx_hal_tim_ex.o)
                0x000000000800f0d4                HAL_TIMEx_MasterConfigSynchronization
 .text.HAL_TIMEx_CommutCallback
                0x000000000800f138        0x4 ../../../libDaisy/build/libdaisy.a(stm32h7xx_hal_tim_ex.o)
                0x000000000800f138                HAL_TIMEx_CommutCallback
 .text.HAL_TIMEx_BreakCallback
                0x000000000800f13c        0x4 ../../../libDaisy/build/libdaisy.a(stm32h7xx_hal_tim_ex.o)
                0x000000000800f13c                HAL_TIMEx_BreakCallback
 .text.HAL_TIMEx_Break2Callback
                0x000000000800f140        0x4 ../../../libDaisy/build/libdaisy.a(stm32h7xx_hal_tim_ex.o)
                0x000000000800f140                HAL_TIMEx_Break2Callback
 .text.HAL_UART_Transmit_DMA
                0x000000000800f144       0xa4 ../../../libDaisy/build/libdaisy.a(stm32h7xx_hal_uart.o)
                0x000000000800f144                HAL_UART_Transmit_DMA
 .text.HAL_UART_Receive_DMA
                0x000000000800f1e8       0xac ../../../libDaisy/build/libdaisy.a(stm32h7xx_hal_uart.o)
                0x000000000800f1e8                HAL_UART_Receive_DMA
 .text.UART_DMATransmitCplt
                0x000000000800f294       0x2c ../../../libDaisy/build/libdaisy.a(stm32h7xx_hal_uart.o)
 .text.HAL_UART_TxHalfCpltCallback
                0x000000000800f2c0        0x4 ../../../libDaisy/build/libdaisy.a(stm32h7xx_hal_uart.o)
                0x000000000800f2c0                HAL_UART_TxHalfCpltCallback
 .text.UART_DMATxHalfCplt
                0x000000000800f2c4        0xc ../../../libDaisy/build/libdaisy.a(stm32h7xx_hal_uart.o)
 .text.UART_DMAReceiveCplt
                0x000000000800f2d0       0x38 ../../../libDaisy/build/libdaisy.a(stm32h7xx_hal_uart.o)
 .text.HAL_UART_RxHalfCpltCallback
                0x000000000800f308        0x4 ../../../libDaisy/build/libdaisy.a(stm32h7xx_hal_uart.o)