Archive member included to satisfy reference by file (symbol)

../../../libDaisy/build/libdaisy.a(daisy_seed.o)
                              build/usbMidi.o (daisy::DaisySeed::Configure())
../../../libDaisy/build/libdaisy.a(codec_ak4556.o)
                              ../../../libDaisy/build/libdaisy.a(daisy_seed.o) (daisy::Ak4556::Init(dsy_gpio_pin))
../../../libDaisy/build/libdaisy.a(codec_wm8731.o)
                              ../../../libDaisy/build/libdaisy.a(daisy_seed.o) (daisy::Wm8731::Init(daisy::Wm8731::Config const&, daisy::I2CHandle))
../../../libDaisy/build/libdaisy.a(sdram.o)
                              ../../../libDaisy/build/libdaisy.a(daisy_seed.o) (SdramHandle::Init())
../../../libDaisy/build/libdaisy.a(audio.o)
                              ../../../libDaisy/build/libdaisy.a(daisy_seed.o) (daisy::AudioHandle::Init(daisy::AudioHandle::Config const&, daisy::SaiHandle))
../../../libDaisy/build/libdaisy.a(usb_midi.o)
                              build/usbMidi.o (daisy::MidiUsbTransport::Init(daisy::MidiUsbTransport::Config))
../../../libDaisy/build/libdaisy.a(gpio.o)
                              ../../../libDaisy/build/libdaisy.a(daisy_seed.o) (dsy_gpio_init)
../../../libDaisy/build/libdaisy.a(i2c.o)
                              ../../../libDaisy/build/libdaisy.a(daisy_seed.o) (daisy::I2CHandle::Init(daisy::I2CHandle::Config const&))
../../../libDaisy/build/libdaisy.a(qspi.o)
                              ../../../libDaisy/build/libdaisy.a(daisy_seed.o) (daisy::QSPIHandle::Init(daisy::QSPIHandle::Config const&))
../../../libDaisy/build/libdaisy.a(sai.o)
                              ../../../libDaisy/build/libdaisy.a(daisy_seed.o) (daisy::SaiHandle::Init(daisy::SaiHandle::Config const&))
../../../libDaisy/build/libdaisy.a(system.o)
                              ../../../libDaisy/build/libdaisy.a(daisy_seed.o) (daisy::System::DeInit())
../../../libDaisy/build/libdaisy.a(system_stm32h7xx.o)
                              build/startup_stm32h750xx.o (SystemInit)
../../../libDaisy/build/libdaisy.a(usbd_conf.o)
                              ../../../libDaisy/build/libdaisy.a(system.o) (hpcd_USB_OTG_HS)
../../../libDaisy/build/libdaisy.a(usbh_conf.o)
                              ../../../libDaisy/build/libdaisy.a(system.o) (hhcd_USB_OTG_HS)
../../../libDaisy/build/libdaisy.a(hal_map.o)
                              ../../../libDaisy/build/libdaisy.a(gpio.o) (dsy_hal_map_get_port)
../../../libDaisy/build/libdaisy.a(stm32h7xx_hal.o)
                              ../../../libDaisy/build/libdaisy.a(system.o) (HAL_Init)
../../../libDaisy/build/libdaisy.a(stm32h7xx_hal_cortex.o)
                              ../../../libDaisy/build/libdaisy.a(stm32h7xx_hal.o) (HAL_NVIC_SetPriorityGrouping)
../../../libDaisy/build/libdaisy.a(stm32h7xx_hal_dma.o)
                              ../../../libDaisy/build/libdaisy.a(i2c.o) (HAL_DMA_Init)
../../../libDaisy/build/libdaisy.a(stm32h7xx_hal_gpio.o)
                              ../../../libDaisy/build/libdaisy.a(sdram.o) (HAL_GPIO_Init)
../../../libDaisy/build/libdaisy.a(stm32h7xx_hal_hcd.o)
                              ../../../libDaisy/build/libdaisy.a(usbh_conf.o) (HAL_HCD_HC_Init)
../../../libDaisy/build/libdaisy.a(stm32h7xx_hal_i2c.o)
                              ../../../libDaisy/build/libdaisy.a(i2c.o) (HAL_I2C_Init)
../../../libDaisy/build/libdaisy.a(stm32h7xx_hal_i2c_ex.o)
                              ../../../libDaisy/build/libdaisy.a(i2c.o) (HAL_I2CEx_ConfigAnalogFilter)
../../../libDaisy/build/libdaisy.a(stm32h7xx_hal_pcd.o)
                              ../../../libDaisy/build/libdaisy.a(usbd_conf.o) (HAL_PCD_Init)
../../../libDaisy/build/libdaisy.a(stm32h7xx_hal_pcd_ex.o)
                              ../../../libDaisy/build/libdaisy.a(usbd_conf.o) (HAL_PCDEx_SetTxFiFo)
../../../libDaisy/build/libdaisy.a(stm32h7xx_hal_pwr_ex.o)
                              ../../../libDaisy/build/libdaisy.a(system.o) (HAL_PWREx_ConfigSupply)
../../../libDaisy/build/libdaisy.a(stm32h7xx_hal_qspi.o)
                              ../../../libDaisy/build/libdaisy.a(qspi.o) (HAL_QSPI_Init)
../../../libDaisy/build/libdaisy.a(stm32h7xx_hal_rcc.o)
                              ../../../libDaisy/build/libdaisy.a(system.o) (HAL_RCC_OscConfig)
../../../libDaisy/build/libdaisy.a(stm32h7xx_hal_rcc_ex.o)
                              ../../../libDaisy/build/libdaisy.a(system.o) (HAL_RCCEx_PeriphCLKConfig)
../../../libDaisy/build/libdaisy.a(stm32h7xx_hal_sai.o)
                              ../../../libDaisy/build/libdaisy.a(sai.o) (HAL_SAI_InitProtocol)
../../../libDaisy/build/libdaisy.a(stm32h7xx_hal_sdram.o)
                              ../../../libDaisy/build/libdaisy.a(sdram.o) (HAL_SDRAM_Init)
../../../libDaisy/build/libdaisy.a(stm32h7xx_ll_fmc.o)
                              ../../../libDaisy/build/libdaisy.a(stm32h7xx_hal_sdram.o) (FMC_SDRAM_Init)
../../../libDaisy/build/libdaisy.a(stm32h7xx_ll_usb.o)
[...]
Memory Configuration

Name             Origin             Length             Attributes
FLASH            0x0000000008000000 0x0000000000020000 xr
DTCMRAM          0x0000000020000000 0x0000000000020000 xrw
SRAM             0x0000000024000000 0x0000000000080000 xrw
RAM_D2           0x0000000030000000 0x0000000000048000 xrw
RAM_D3           0x0000000038000000 0x0000000000010000 xrw
ITCMRAM          0x0000000000000000 0x0000000000010000 xrw
SDRAM            0x00000000c0000000 0x0000000004000000 xrw
QSPIFLASH        0x0000000090000000 0x0000000000800000 xr
*default*        0x0000000000000000 0xffffffffffffffff

Linker script and memory map

LOAD /Library/DaisyToolchain/0.2.0/arm/bin/../lib/gcc/arm-none-eabi/10.3.1/thumb/v7e-m+dp/hard/crti.o
LOAD /Library/DaisyToolchain/0.2.0/arm/bin/../lib/gcc/arm-none-eabi/10.3.1/thumb/v7e-m+dp/hard/crtbegin.o
LOAD /Library/DaisyToolchain/0.2.0/arm/bin/../lib/gcc/arm-none-eabi/10.3.1/../../../../arm-none-eabi/lib/thumb/v7e-m+dp/hard/crt0.o
LOAD build/startup_stm32h750xx.o
LOAD build/usbMidi.o
LOAD ../../../libDaisy/build/libdaisy.a
LOAD /Library/DaisyToolchain/0.2.0/arm/bin/../lib/gcc/arm-none-eabi/10.3.1/../../../../arm-none-eabi/lib/thumb/v7e-m+dp/hard/libnosys.a
LOAD ../../../DaisySP/build/libdaisysp.a
LOAD /Library/DaisyToolchain/0.2.0/arm/bin/../lib/gcc/arm-none-eabi/10.3.1/../../../../arm-none-eabi/lib/thumb/v7e-m+dp/hard/libstdc++_nano.a
LOAD /Library/DaisyToolchain/0.2.0/arm/bin/../lib/gcc/arm-none-eabi/10.3.1/../../../../arm-none-eabi/lib/thumb/v7e-m+dp/hard/libm.a
LOAD /Library/DaisyToolchain/0.2.0/arm/bin/../lib/gcc/arm-none-eabi/10.3.1/../../../../arm-none-eabi/lib/thumb/v7e-m+dp/hard/libc_nano.a
START GROUP
LOAD /Library/DaisyToolchain/0.2.0/arm/bin/../lib/gcc/arm-none-eabi/10.3.1/thumb/v7e-m+dp/hard/libgcc.a
LOAD /Library/DaisyToolchain/0.2.0/arm/bin/../lib/gcc/arm-none-eabi/10.3.1/../../../../arm-none-eabi/lib/thumb/v7e-m+dp/hard/libc_nano.a
END GROUP
START GROUP
LOAD /Library/DaisyToolchain/0.2.0/arm/bin/../lib/gcc/arm-none-eabi/10.3.1/thumb/v7e-m+dp/hard/libgcc.a
LOAD /Library/DaisyToolchain/0.2.0/arm/bin/../lib/gcc/arm-none-eabi/10.3.1/../../../../arm-none-eabi/lib/thumb/v7e-m+dp/hard/libc_nano.a
LOAD /Library/DaisyToolchain/0.2.0/arm/bin/../lib/gcc/arm-none-eabi/10.3.1/../../../../arm-none-eabi/lib/thumb/v7e-m+dp/hard/libnosys.a
END GROUP
START GROUP
LOAD /Library/DaisyToolchain/0.2.0/arm/bin/../lib/gcc/arm-none-eabi/10.3.1/thumb/v7e-m+dp/hard/libgcc.a
LOAD /Library/DaisyToolchain/0.2.0/arm/bin/../lib/gcc/arm-none-eabi/10.3.1/../../../../arm-none-eabi/lib/thumb/v7e-m+dp/hard/libc_nano.a
LOAD /Library/DaisyToolchain/0.2.0/arm/bin/../lib/gcc/arm-none-eabi/10.3.1/../../../../arm-none-eabi/lib/thumb/v7e-m+dp/hard/libnosys.a
END GROUP
LOAD /Library/DaisyToolchain/0.2.0/arm/bin/../lib/gcc/arm-none-eabi/10.3.1/thumb/v7e-m+dp/hard/crtend.o
LOAD /Library/DaisyToolchain/0.2.0/arm/bin/../lib/gcc/arm-none-eabi/10.3.1/thumb/v7e-m+dp/hard/crtn.o
                0x0000000020020000                _estack = 0x20020000

.isr_vector     0x0000000008000000      0x298
                0x0000000008000000                . = ALIGN (0x4)
 *(.isr_vector)
 .isr_vector    0x0000000008000000      0x298 build/startup_stm32h750xx.o
                0x0000000008000000                g_pfnVectors
                0x0000000008000298                . = ALIGN (0x4)

.text           0x00000000080002a0    0x13090
                0x00000000080002a0                . = ALIGN (0x4)
                0x00000000080002a0                _stext = .
 *(.text)
 .text          0x00000000080002a0       0x40 /Library/DaisyToolchain/0.2.0/arm/bin/../lib/gcc/arm-none-eabi/10.3.1/thumb/v7e-m+dp/hard/crtbegin.o
 .text          0x00000000080002e0       0xa0 /Library/DaisyToolchain/0.2.0/arm/bin/../lib/gcc/arm-none-eabi/10.3.1/../../../../arm-none-eabi/lib/thumb/v7e-m+dp/hard/libc_nano.a(lib_a-memchr.o)
                0x00000000080002e0                memchr
 .text          0x0000000008000380      0x378 /Library/DaisyToolchain/0.2.0/arm/bin/../lib/gcc/arm-none-eabi/10.3.1/thumb/v7e-m+dp/hard/libgcc.a(_arm_addsubdf3.o)
                0x0000000008000380                __aeabi_drsub
                0x0000000008000388                __subdf3
                0x0000000008000388                __aeabi_dsub
                0x000000000800038c                __aeabi_dadd
                0x000000000800038c                __adddf3
                0x0000000008000604                __aeabi_ui2d
                0x0000000008000604                __floatunsidf
                0x0000000008000624                __floatsidf
                0x0000000008000624                __aeabi_i2d
                0x0000000008000648                __extendsfdf2
                0x0000000008000648                __aeabi_f2d
                0x000000000800068c                __aeabi_ul2d
                0x000000000800068c                __floatundidf
                0x000000000800069c                __aeabi_l2d
                0x000000000800069c                __floatdidf
 .text          0x00000000080006f8       0x30 /Library/DaisyToolchain/0.2.0/arm/bin/../lib/gcc/arm-none-eabi/10.3.1/thumb/v7e-m+dp/hard/libgcc.a(_aeabi_uldivmod.o)
                0x00000000080006f8                __aeabi_uldivmod
 .text          0x0000000008000728      0x2d0 /Library/DaisyToolchain/0.2.0/arm/bin/../lib/gcc/arm-none-eabi/10.3.1/thumb/v7e-m+dp/hard/libgcc.a(_udivmoddi4.o)
                0x0000000008000728                __udivmoddi4
 .text          0x00000000080009f8        0x4 /Library/DaisyToolchain/0.2.0/arm/bin/../lib/gcc/arm-none-eabi/10.3.1/thumb/v7e-m+dp/hard/libgcc.a(_dvmd_tls.o)
                0x00000000080009f8                __aeabi_ldiv0
                0x00000000080009f8                __aeabi_idiv0
 *(.text*)
 .text.Default_Handler
                0x00000000080009fc        0x4 build/startup_stm32h750xx.o
                0x00000000080009fc                SAI1_IRQHandler
                0x00000000080009fc                HASH_RNG_IRQHandler
                0x00000000080009fc                EXTI2_IRQHandler
                0x00000000080009fc                TIM8_CC_IRQHandler
                0x00000000080009fc                HRTIM1_Master_IRQHandler
                0x00000000080009fc                DebugMon_Handler
                0x00000000080009fc                TIM1_CC_IRQHandler
                0x00000000080009fc                BDMA_Channel6_IRQHandler
                0x00000000080009fc                DMA2_Stream5_IRQHandler
                0x00000000080009fc                HRTIM1_FLT_IRQHandler
                0x00000000080009fc                JPEG_IRQHandler
                0x00000000080009fc                BDMA_Channel1_IRQHandler
                0x00000000080009fc                HRTIM1_TIMD_IRQHandler
                0x00000000080009fc                TAMP_STAMP_IRQHandler
                0x00000000080009fc                PendSV_Handler
                0x00000000080009fc                NMI_Handler
                0x00000000080009fc                EXTI3_IRQHandler
                0x00000000080009fc                LPTIM4_IRQHandler
                0x00000000080009fc                TIM8_TRG_COM_TIM14_IRQHandler
                0x00000000080009fc                LPTIM2_IRQHandler
                0x00000000080009fc                DFSDM1_FLT1_IRQHandler
                0x00000000080009fc                DMAMUX2_OVR_IRQHandler
                0x00000000080009fc                TIM8_UP_TIM13_IRQHandler
                0x00000000080009fc                I2C3_ER_IRQHandler
                0x00000000080009fc                DFSDM1_FLT2_IRQHandler
                0x00000000080009fc                MDMA_IRQHandler
                0x00000000080009fc                LPTIM3_IRQHandler
                0x00000000080009fc                HSEM1_IRQHandler
                0x00000000080009fc                EXTI0_IRQHandler
                0x00000000080009fc                DMA1_Stream2_IRQHandler
                0x00000000080009fc                FPU_IRQHandler
                0x00000000080009fc                OTG_HS_WKUP_IRQHandler
                0x00000000080009fc                FDCAN1_IT1_IRQHandler
                0x00000000080009fc                UsageFault_Handler
                0x00000000080009fc                LTDC_ER_IRQHandler
                0x00000000080009fc                HRTIM1_TIME_IRQHandler
                0x00000000080009fc                TIM6_DAC_IRQHandler
                0x00000000080009fc                DCMI_IRQHandler
                0x00000000080009fc                HRTIM1_TIMC_IRQHandler
                0x00000000080009fc                SAI2_IRQHandler
                0x00000000080009fc                DFSDM1_FLT3_IRQHandler
                0x00000000080009fc                TIM17_IRQHandler
                0x00000000080009fc                CRYP_IRQHandler
                0x00000000080009fc                BDMA_Channel7_IRQHandler
                0x00000000080009fc                LPTIM5_IRQHandler
                0x00000000080009fc                ADC3_IRQHandler
                0x00000000080009fc                DMA2_Stream0_IRQHandler
                0x00000000080009fc                BDMA_Channel2_IRQHandler
                0x00000000080009fc                DMAMUX1_OVR_IRQHandler
                0x00000000080009fc                TIM16_IRQHandler
                0x00000000080009fc                BDMA_Channel5_IRQHandler
                0x00000000080009fc                RCC_IRQHandler
                0x00000000080009fc                TIM8_BRK_TIM12_IRQHandler
                0x00000000080009fc                TIM1_TRG_COM_IRQHandler
                0x00000000080009fc                Default_Handler
                0x00000000080009fc                ECC_IRQHandler
                0x00000000080009fc                CEC_IRQHandler
                0x00000000080009fc                EXTI15_10_IRQHandler
                0x00000000080009fc                BDMA_Channel0_IRQHandler
                0x00000000080009fc                ADC_IRQHandler
                0x00000000080009fc                DMA1_Stream7_IRQHandler
                0x00000000080009fc                HRTIM1_TIMA_IRQHandler
                0x00000000080009fc                TIM7_IRQHandler
                0x00000000080009fc                SDMMC1_IRQHandler
                0x00000000080009fc                DMA2_Stream7_IRQHandler
                0x00000000080009fc                TIM15_IRQHandler
                0x00000000080009fc                PVD_AVD_IRQHandler
                0x00000000080009fc                EXTI9_5_IRQHandler
                0x00000000080009fc                RTC_WKUP_IRQHandler
                0x00000000080009fc                LTDC_IRQHandler
                0x00000000080009fc                SAI3_IRQHandler
                0x00000000080009fc                ETH_WKUP_IRQHandler
                0x00000000080009fc                SPDIF_RX_IRQHandler
                0x00000000080009fc                MemManage_Handler
                0x00000000080009fc                SVC_Handler
                0x00000000080009fc                CRS_IRQHandler
                0x00000000080009fc                EXTI4_IRQHandler
                0x00000000080009fc                HRTIM1_TIMB_IRQHandler
                0x00000000080009fc                FDCAN2_IT1_IRQHandler
                0x00000000080009fc                ETH_IRQHandler
                0x00000000080009fc                TIM1_UP_IRQHandler
                0x00000000080009fc                BDMA_Channel4_IRQHandler
                0x00000000080009fc                WWDG_IRQHandler
                0x00000000080009fc                SPI6_IRQHandler
                0x00000000080009fc                I2C4_EV_IRQHandler
                0x00000000080009fc                MDIOS_IRQHandler
                0x00000000080009fc                FDCAN2_IT0_IRQHandler
                0x00000000080009fc                FDCAN1_IT0_IRQHandler
                0x00000000080009fc                OTG_FS_WKUP_IRQHandler
                0x00000000080009fc                DMA2D_IRQHandler
                0x00000000080009fc                TIM1_BRK_IRQHandler
                0x00000000080009fc                EXTI1_IRQHandler
                0x00000000080009fc                SDMMC2_IRQHandler
                0x00000000080009fc                BDMA_Channel3_IRQHandler
                0x00000000080009fc                MDIOS_WKUP_IRQHandler
                0x00000000080009fc                DFSDM1_FLT0_IRQHandler
                0x00000000080009fc                SAI4_IRQHandler
                0x00000000080009fc                I2C2_ER_IRQHandler
                0x00000000080009fc                DMA2_Stream1_IRQHandler
                0x00000000080009fc                FLASH_IRQHandler
                0x00000000080009fc                BusFault_Handler
                0x00000000080009fc                WAKEUP_PIN_IRQHandler
                0x00000000080009fc                I2C1_ER_IRQHandler
                0x00000000080009fc                FMC_IRQHandler
                0x00000000080009fc                FDCAN_CAL_IRQHandler
                0x00000000080009fc                SWPMI1_IRQHandler
                0x00000000080009fc                COMP1_IRQHandler
                0x00000000080009fc                LPTIM1_IRQHandler
                0x00000000080009fc                I2C4_ER_IRQHandler
                0x00000000080009fc                DMA2_Stream6_IRQHandler
                0x00000000080009fc                RTC_Alarm_IRQHandler
 .text.Reset_Handler
                0x0000000008000a00       0x44 build/startup_stm32h750xx.o
                0x0000000008000a00                Reset_Handler
 .text._ZN5daisy9DaisySeedD2Ev
                0x0000000008000a44        0x4 build/usbMidi.o
                0x0000000008000a44                daisy::DaisySeed::~DaisySeed()
                0x0000000008000a44                daisy::DaisySeed::~DaisySeed()
 .text._ZN7daisysp10OscillatorD2Ev
                0x0000000008000a48        0x4 build/usbMidi.o
                0x0000000008000a48                daisysp::Oscillator::~Oscillator()
                0x0000000008000a48                daisysp::Oscillator::~Oscillator()
 .text._ZN5daisy11MidiHandlerINS_16MidiUsbTransportEED2Ev
                0x0000000008000a4c        0x4 build/usbMidi.o
                0x0000000008000a4c                daisy::MidiHandler<daisy::MidiUsbTransport>::~MidiHandler()
                0x0000000008000a4c                daisy::MidiHandler<daisy::MidiUsbTransport>::~MidiHandler()
 .text._Z13AudioCallbackPKPKfPPfj
                0x0000000008000a50       0x38 build/usbMidi.o
                0x0000000008000a50                AudioCallback(float const* const*, float**, unsigned int)
 .text._ZNSt13unordered_mapIibSt4hashIiESt8equal_toIiESaISt4pairIKibEEED2Ev
                0x0000000008000a88       0x40 build/usbMidi.o
                0x0000000008000a88                std::unordered_map<int, bool, std::hash<int>, std::equal_to<int>, std::allocator<std::pair<int const, bool> > >::~unordered_map()
                0x0000000008000a88                std::unordered_map<int, bool, std::hash<int>, std::equal_to<int>, std::allocator<std::pair<int const, bool> > >::~unordered_map()
 .text._ZNSt10_HashtableIiSt4pairIKibESaIS2_ENSt8__detail10_Select1stESt8equal_toIiESt4hashIiENS4_18_Mod_range_hashingENS4_20_Default_ranged_hashENS4_20_Prime_rehash_policyENS4_17_Hashtable_traitsILb0ELb0ELb1EEEE21_M_deallocate_bucketsEv
                0x0000000008000ac8       0x18 build/usbMidi.o
                0x0000000008000ac8                std::_Hashtable<int, std::pair<int const, bool>, std::allocator<std::pair<int const, bool> >, std::__detail::_Select1st, std::equal_to<int>, std::hash<int>, std::__detail::_Mod_range_hashing, std::__detail::_Default_ranged_hash, std::__detail::_Prime_rehash_policy, std::__detail::_Hashtable_traits<false, false, true> >::_M_deallocate_buckets()
 .text._ZN5daisy11MidiHandlerINS_16MidiUsbTransportEE5ParseEh
                0x0000000008000ae0      0x2c0 build/usbMidi.o
                0x0000000008000ae0                daisy::MidiHandler<daisy::MidiUsbTransport>::Parse(unsigned char)
 .text.startup.main
                0x0000000008000da0      0x254 build/usbMidi.o
                0x0000000008000da0                main
 .text.startup._GLOBAL__sub_I_hw
                0x0000000008000ff4       0x94 build/usbMidi.o
 .text._ZN5daisy9DaisySeed9ConfigureEv
                0x0000000008001088        0x4 ../../../libDaisy/build/libdaisy.a(daisy_seed.o)
                0x0000000008001088                daisy::DaisySeed::Configure()
 .text._ZN5daisy9DaisySeed10StartAudioEPFvPKPKfPPfjE
                0x000000000800108c        0x8 ../../../libDaisy/build/libdaisy.a(daisy_seed.o)
                0x000000000800108c                daisy::DaisySeed::StartAudio(void (*)(float const* const*, float**, unsigned int))
 .text._ZN5daisy9DaisySeed15AudioSampleRateEv
                0x0000000008001094        0x8 ../../../libDaisy/build/libdaisy.a(daisy_seed.o)
                0x0000000008001094                daisy::DaisySeed::AudioSampleRate()
 .text._ZN5daisy9DaisySeed14ConfigureAudioEv
                0x000000000800109c       0xd0 ../../../libDaisy/build/libdaisy.a(daisy_seed.o)
                0x000000000800109c                daisy::DaisySeed::ConfigureAudio()
 .text._ZN5daisy9DaisySeed4InitEb
                0x000000000800116c       0xf0 ../../../libDaisy/build/libdaisy.a(daisy_seed.o)
                0x000000000800116c                daisy::DaisySeed::Init(bool)
 .text._ZN5daisy6Ak45564InitE12dsy_gpio_pin
                0x000000000800125c       0x44 ../../../libDaisy/build/libdaisy.a(codec_ak4556.o)
                0x000000000800125c                daisy::Ak4556::Init(dsy_gpio_pin)
 .text._ZN5daisy6Wm873120WriteControlRegisterEht
                0x00000000080012a0       0x3c ../../../libDaisy/build/libdaisy.a(codec_wm8731.o)
                0x00000000080012a0                daisy::Wm8731::WriteControlRegister(unsigned char, unsigned short)
 .text._ZN5daisy6Wm87314InitERKNS0_6ConfigENS_9I2CHandleE
                0x00000000080012dc      0x1bc ../../../libDaisy/build/libdaisy.a(codec_wm8731.o)
                0x00000000080012dc                daisy::Wm8731::Init(daisy::Wm8731::Config const&, daisy::I2CHandle)
 .text._ZN11SdramHandle10DeviceInitEv
                0x0000000008001498       0x98 ../../../libDaisy/build/libdaisy.a(sdram.o)
                0x0000000008001498                SdramHandle::DeviceInit()
 .text._ZN11SdramHandle4InitEv
                0x0000000008001530       0x7c ../../../libDaisy/build/libdaisy.a(sdram.o)
                0x0000000008001530                SdramHandle::Init()
 .text.HAL_SDRAM_MspInit
                0x00000000080015ac      0x1a8 ../../../libDaisy/build/libdaisy.a(sdram.o)
                0x00000000080015ac                HAL_SDRAM_MspInit
 .text._ZN5daisy11AudioHandle4Impl16InternalCallbackEPlS2_j
                0x0000000008001754      0xbbc ../../../libDaisy/build/libdaisy.a(audio.o)
                0x0000000008001754                daisy::AudioHandle::Impl::InternalCallback(long*, long*, unsigned int)
 .text._ZN5daisy11AudioHandle4InitERKNS0_6ConfigENS_9SaiHandleE
                0x0000000008002310       0x70 ../../../libDaisy/build/libdaisy.a(audio.o)
                0x0000000008002310                daisy::AudioHandle::Init(daisy::AudioHandle::Config const&, daisy::SaiHandle)
 .text._ZNK5daisy11AudioHandle9GetConfigEv
                0x0000000008002380        0x8 ../../../libDaisy/build/libdaisy.a(audio.o)
                0x0000000008002380                daisy::AudioHandle::GetConfig() const
 .text._ZN5daisy11AudioHandle13GetSampleRateEv
                0x0000000008002388        0x8 ../../../libDaisy/build/libdaisy.a(audio.o)
                0x0000000008002388                daisy::AudioHandle::GetSampleRate()
 .text._ZN5daisy11AudioHandle5StartEPFvPKPKfPPfjE
                0x0000000008002390       0x44 ../../../libDaisy/build/libdaisy.a(audio.o)
                0x0000000008002390                daisy::AudioHandle::Start(void (*)(float const* const*, float**, unsigned int))
 .text.startup._GLOBAL__sub_I__ZN5daisy11AudioHandle4Impl4InitENS0_6ConfigENS_9SaiHandleE
                0x00000000080023d4       0x24 ../../../libDaisy/build/libdaisy.a(audio.o)
 .text._ZN5daisy16MidiUsbTransport4ImplD2Ev
                0x00000000080023f8        0x4 ../../../libDaisy/build/libdaisy.a(usb_midi.o)
                0x00000000080023f8                daisy::MidiUsbTransport::Impl::~Impl()
                0x00000000080023f8                daisy::MidiUsbTransport::Impl::~Impl()
 .text._Z15ReceiveCallbackPhPm
                0x00000000080023fc       0x9c ../../../libDaisy/build/libdaisy.a(usb_midi.o)
                0x00000000080023fc                ReceiveCallback(unsigned char*, unsigned long*)
 .text._ZN5daisy16MidiUsbTransport4InitENS0_6ConfigE
                0x0000000008002498       0x50 ../../../libDaisy/build/libdaisy.a(usb_midi.o)
                0x0000000008002498                daisy::MidiUsbTransport::Init(daisy::MidiUsbTransport::Config)
 .text._ZN5daisy16MidiUsbTransport7StartRxEv
                0x00000000080024e8        0x8 ../../../libDaisy/build/libdaisy.a(usb_midi.o)
                0x00000000080024e8                daisy::MidiUsbTransport::StartRx()
 .text._ZN5daisy16MidiUsbTransport8ReadableEv
                0x00000000080024f0       0x14 ../../../libDaisy/build/libdaisy.a(usb_midi.o)
                0x00000000080024f0                daisy::MidiUsbTransport::Readable()
 .text._ZN5daisy16MidiUsbTransport2RxEv
                0x0000000008002504       0x28 ../../../libDaisy/build/libdaisy.a(usb_midi.o)
                0x0000000008002504                daisy::MidiUsbTransport::Rx()
 .text._ZN5daisy16MidiUsbTransport8RxActiveEv
                0x000000000800252c        0x8 ../../../libDaisy/build/libdaisy.a(usb_midi.o)
                0x000000000800252c                daisy::MidiUsbTransport::RxActive()
 .text._ZN5daisy16MidiUsbTransport7FlushRxEv
                0x0000000008002534        0xc ../../../libDaisy/build/libdaisy.a(usb_midi.o)
                0x0000000008002534                daisy::MidiUsbTransport::FlushRx()
 .text.startup._GLOBAL__sub_I__Z15ReceiveCallbackPhPm
                0x0000000008002540       0x58 ../../../libDaisy/build/libdaisy.a(usb_midi.o)
 .text.dsy_gpio_init
                0x0000000008002598      0x1b8 ../../../libDaisy/build/libdaisy.a(gpio.o)
                0x0000000008002598                dsy_gpio_init
 .text.dsy_gpio_read
                0x0000000008002750       0x1c ../../../libDaisy/build/libdaisy.a(gpio.o)
                0x0000000008002750                dsy_gpio_read
 .text.dsy_gpio_write
                0x000000000800276c       0x24 ../../../libDaisy/build/libdaisy.a(gpio.o)
                0x000000000800276c                dsy_gpio_write
 .text._ZN5daisy9I2CHandle4Impl8InitPinsEv
                0x0000000008002790       0x58 ../../../libDaisy/build/libdaisy.a(i2c.o)
                0x0000000008002790                daisy::I2CHandle::Impl::InitPins()
 .text.HAL_I2C_MspInit
                0x00000000080027e8      0x1b4 ../../../libDaisy/build/libdaisy.a(i2c.o)
                0x00000000080027e8                HAL_I2C_MspInit
 .text.dsy_i2c_global_init
                0x000000000800299c       0x78 ../../../libDaisy/build/libdaisy.a(i2c.o)
                0x000000000800299c                dsy_i2c_global_init
 .text.DMA1_Stream6_IRQHandler
                0x0000000008002a14       0x34 ../../../libDaisy/build/libdaisy.a(i2c.o)
                0x0000000008002a14                DMA1_Stream6_IRQHandler
 .text.I2C1_EV_IRQHandler
                0x0000000008002a48        0xc ../../../libDaisy/build/libdaisy.a(i2c.o)
                0x0000000008002a48                I2C1_EV_IRQHandler
 .text.I2C2_EV_IRQHandler
                0x0000000008002a54        0xc ../../../libDaisy/build/libdaisy.a(i2c.o)
                0x0000000008002a54                I2C2_EV_IRQHandler
 .text.I2C3_EV_IRQHandler
                0x0000000008002a60        0xc ../../../libDaisy/build/libdaisy.a(i2c.o)
                0x0000000008002a60                I2C3_EV_IRQHandler
 .text._ZN5daisy9I2CHandle4InitERKNS0_6ConfigE
                0x0000000008002a6c      0x12c ../../../libDaisy/build/libdaisy.a(i2c.o)
                0x0000000008002a6c                daisy::I2CHandle::Init(daisy::I2CHandle::Config const&)
 .text._ZN5daisy9I2CHandle16TransmitBlockingEtPhtm
                0x0000000008002b98       0x50 ../../../libDaisy/build/libdaisy.a(i2c.o)
                0x0000000008002b98                daisy::I2CHandle::TransmitBlocking(unsigned short, unsigned char*, unsigned short, unsigned long)
 .text.startup._GLOBAL__sub_I__ZN5daisy9I2CHandle4Impl10GlobalInitEv
                0x0000000008002be8       0x18 ../../../libDaisy/build/libdaisy.a(i2c.o)
 .text._ZN5daisy10QSPIHandle4Impl11WriteEnableEv
                0x0000000008002c00       0x8c ../../../libDaisy/build/libdaisy.a(qspi.o)
                0x0000000008002c00                daisy::QSPIHandle::Impl::WriteEnable()
 *fill*         0x0000000008002c8c        0x4 
 .text._ZN5daisy10QSPIHandle4Impl17DummyCyclesConfigENS0_6Config6DeviceE
                0x0000000008002c90      0x118 ../../../libDaisy/build/libdaisy.a(qspi.o)
                0x0000000008002c90                daisy::QSPIHandle::Impl::DummyCyclesConfig(daisy::QSPIHandle::Config::Device)
 .text._ZN5daisy10QSPIHandle4Impl10QuadEnableEv
                0x0000000008002da8      0x158 ../../../libDaisy/build/libdaisy.a(qspi.o)
                0x0000000008002da8                daisy::QSPIHandle::Impl::QuadEnable()
 .text._ZN5daisy10QSPIHandle4InitERKNS0_6ConfigE
                0x0000000008002f00      0x198 ../../../libDaisy/build/libdaisy.a(qspi.o)
                0x0000000008002f00                daisy::QSPIHandle::Init(daisy::QSPIHandle::Config const&)
 .text.HAL_QSPI_MspInit
                0x0000000008003098      0x11c ../../../libDaisy/build/libdaisy.a(qspi.o)
                0x0000000008003098                HAL_QSPI_MspInit
 .text.HAL_QSPI_MspDeInit
                0x00000000080031b4       0x54 ../../../libDaisy/build/libdaisy.a(qspi.o)
                0x00000000080031b4                HAL_QSPI_MspDeInit
 .text.QUADSPI_IRQHandler
                0x0000000008003208        0xc ../../../libDaisy/build/libdaisy.a(qspi.o)
                0x0000000008003208                QUADSPI_IRQHandler
 .text.startup._GLOBAL__sub_I__ZN5daisy10QSPIHandle4Impl4InitERKNS0_6ConfigE
                0x0000000008003214       0x28 ../../../libDaisy/build/libdaisy.a(qspi.o)
 .text._ZN5daisy9SaiHandle4Impl7InitDmaENS1_15PeripheralBlockE
                0x000000000800323c       0xa0 ../../../libDaisy/build/libdaisy.a(sai.o)
                0x000000000800323c                daisy::SaiHandle::Impl::InitDma(daisy::SaiHandle::Impl::PeripheralBlock)
 .text._ZN5daisy9SaiHandle4Impl8InitPinsEv
                0x00000000080032dc       0xa8 ../../../libDaisy/build/libdaisy.a(sai.o)
                0x00000000080032dc                daisy::SaiHandle::Impl::InitPins()
 .text.HAL_SAI_MspInit
                0x0000000008003384      0x164 ../../../libDaisy/build/libdaisy.a(sai.o)
                0x0000000008003384                HAL_SAI_MspInit
 .text.DMA1_Stream0_IRQHandler
                0x00000000080034e8        0xc ../../../libDaisy/build/libdaisy.a(sai.o)
                0x00000000080034e8                DMA1_Stream0_IRQHandler
 .text.DMA1_Stream1_IRQHandler
                0x00000000080034f4        0xc ../../../libDaisy/build/libdaisy.a(sai.o)
                0x00000000080034f4                DMA1_Stream1_IRQHandler
 .text.DMA1_Stream3_IRQHandler
                0x0000000008003500        0xc ../../../libDaisy/build/libdaisy.a(sai.o)
                0x0000000008003500                DMA1_Stream3_IRQHandler
 .text.DMA1_Stream4_IRQHandler
                0x000000000800350c        0xc ../../../libDaisy/build/libdaisy.a(sai.o)
                0x000000000800350c                DMA1_Stream4_IRQHandler
 .text.HAL_SAI_RxHalfCpltCallback
                0x0000000008003518       0x78 ../../../libDaisy/build/libdaisy.a(sai.o)
                0x0000000008003518                HAL_SAI_RxHalfCpltCallback
 .text.HAL_SAI_RxCpltCallback
                0x0000000008003590       0x70 ../../../libDaisy/build/libdaisy.a(sai.o)
                0x0000000008003590                HAL_SAI_RxCpltCallback
 .text._ZN5daisy9SaiHandle4InitERKNS0_6ConfigE
                0x0000000008003600      0x1f0 ../../../libDaisy/build/libdaisy.a(sai.o)
                0x0000000008003600                daisy::SaiHandle::Init(daisy::SaiHandle::Config const&)
 .text._ZNK5daisy9SaiHandle9GetConfigEv
                0x00000000080037f0        0x4 ../../../libDaisy/build/libdaisy.a(sai.o)
                0x00000000080037f0                daisy::SaiHandle::GetConfig() const
 .text._ZN5daisy9SaiHandle8StartDmaEPlS1_jPFvS1_S1_jE
                0x00000000080037f4       0xbc ../../../libDaisy/build/libdaisy.a(sai.o)
                0x00000000080037f4                daisy::SaiHandle::StartDma(long*, long*, unsigned int, void (*)(long*, long*, unsigned int))
 .text._ZN5daisy9SaiHandle13GetSampleRateEv
                0x00000000080038b0       0x24 ../../../libDaisy/build/libdaisy.a(sai.o)
                0x00000000080038b0                daisy::SaiHandle::GetSampleRate()
 .text._ZNK5daisy9SaiHandle9GetOffsetEv
                0x00000000080038d4        0x8 ../../../libDaisy/build/libdaisy.a(sai.o)
                0x00000000080038d4                daisy::SaiHandle::GetOffset() const
 .text._ZN5daisy11TimerHandleD2Ev
                0x00000000080038dc        0x4 ../../../libDaisy/build/libdaisy.a(system.o)
                0x00000000080038dc                daisy::TimerHandle::~TimerHandle()
                0x00000000080038dc                daisy::TimerHandle::~TimerHandle()
 .text.SysTick_Handler
                0x00000000080038e0       0x10 ../../../libDaisy/build/libdaisy.a(system.o)
                0x00000000080038e0                SysTick_Handler
 .text.OTG_HS_EP1_OUT_IRQHandler
                0x00000000080038f0       0x24 ../../../libDaisy/build/libdaisy.a(system.o)
                0x00000000080038f0                OTG_HS_EP1_OUT_IRQHandler
 .text.OTG_HS_EP1_IN_IRQHandler
                0x0000000008003914       0x24 ../../../libDaisy/build/libdaisy.a(system.o)
                0x0000000008003914                OTG_HS_EP1_IN_IRQHandler
 .text.OTG_HS_IRQHandler
                0x0000000008003938       0x24 ../../../libDaisy/build/libdaisy.a(system.o)
                0x0000000008003938                OTG_HS_IRQHandler
 .text.HardFault_Handler
                0x000000000800395c       0xe0 ../../../libDaisy/build/libdaisy.a(system.o)
                0x000000000800395c                HardFault_Handler
 .text._ZN5daisy6System6GetNowEv
                0x0000000008003a3c        0x4 ../../../libDaisy/build/libdaisy.a(system.o)
                0x0000000008003a3c                daisy::System::GetNow()
 .text._ZN5daisy6System5DelayEm
                0x0000000008003a40        0x4 ../../../libDaisy/build/libdaisy.a(system.o)
                0x0000000008003a40                daisy::System::Delay(unsigned long)
 .text._ZN5daisy6System15ConfigureClocksEv
                0x0000000008003a44      0x194 ../../../libDaisy/build/libdaisy.a(system.o)
                0x0000000008003a44                daisy::System::ConfigureClocks()
 .text._ZN5daisy6System4InitERKNS0_6ConfigE
                0x0000000008003bd8      0x140 ../../../libDaisy/build/libdaisy.a(system.o)
                0x0000000008003bd8                daisy::System::Init(daisy::System::Config const&)
 .text._ZN5daisy6System12GetPClk1FreqEv
                0x0000000008003d18        0x4 ../../../libDaisy/build/libdaisy.a(system.o)
                0x0000000008003d18                daisy::System::GetPClk1Freq()
 .text._ZN5daisy6System22GetProgramMemoryRegionEv
                0x0000000008003d1c       0x78 ../../../libDaisy/build/libdaisy.a(system.o)
                0x0000000008003d1c                daisy::System::GetProgramMemoryRegion()
 .text.startup._GLOBAL__sub_I_SysTick_Handler
                0x0000000008003d94       0x1c ../../../libDaisy/build/libdaisy.a(system.o)
 .text.SystemInit
                0x0000000008003db0       0x9c ../../../libDaisy/build/libdaisy.a(system_stm32h7xx.o)
                0x0000000008003db0                SystemInit
 .text.HAL_PCD_MspInit
                0x0000000008003e4c      0x144 ../../../libDaisy/build/libdaisy.a(usbd_conf.o)
                0x0000000008003e4c                HAL_PCD_MspInit
 .text.HAL_PCD_SetupStageCallback
                0x0000000008003f90        0xc ../../../libDaisy/build/libdaisy.a(usbd_conf.o)
                0x0000000008003f90                HAL_PCD_SetupStageCallback
 .text.HAL_PCD_DataOutStageCallback
                0x0000000008003f9c       0x14 ../../../libDaisy/build/libdaisy.a(usbd_conf.o)
                0x0000000008003f9c                HAL_PCD_DataOutStageCallback
 .text.HAL_PCD_DataInStageCallback
                0x0000000008003fb0       0x14 ../../../libDaisy/build/libdaisy.a(usbd_conf.o)
                0x0000000008003fb0                HAL_PCD_DataInStageCallback
 .text.HAL_PCD_SOFCallback
                0x0000000008003fc4        0x8 ../../../libDaisy/build/libdaisy.a(usbd_conf.o)
                0x0000000008003fc4                HAL_PCD_SOFCallback
 .text.HAL_PCD_ResetCallback
                0x0000000008003fcc       0x24 ../../../libDaisy/build/libdaisy.a(usbd_conf.o)
                0x0000000008003fcc                HAL_PCD_ResetCallback
 .text.HAL_PCD_SuspendCallback
                0x0000000008003ff0       0x30 ../../../libDaisy/build/libdaisy.a(usbd_conf.o)
                0x0000000008003ff0                HAL_PCD_SuspendCallback
 .text.HAL_PCD_ResumeCallback
                0x0000000008004020        0x8 ../../../libDaisy/build/libdaisy.a(usbd_conf.o)
                0x0000000008004020                HAL_PCD_ResumeCallback
 .text.HAL_PCD_ISOOUTIncompleteCallback
                0x0000000008004028        0x8 ../../../libDaisy/build/libdaisy.a(usbd_conf.o)
                0x0000000008004028                HAL_PCD_ISOOUTIncompleteCallback
 .text.HAL_PCD_ISOINIncompleteCallback
                0x0000000008004030        0x8 ../../../libDaisy/build/libdaisy.a(usbd_conf.o)
                0x0000000008004030                HAL_PCD_ISOINIncompleteCallback
 .text.HAL_PCD_ConnectCallback
                0x0000000008004038        0x8 ../../../libDaisy/build/libdaisy.a(usbd_conf.o)
                0x0000000008004038                HAL_PCD_ConnectCallback
 .text.HAL_PCD_DisconnectCallback
                0x0000000008004040        0x8 ../../../libDaisy/build/libdaisy.a(usbd_conf.o)
                0x0000000008004040                HAL_PCD_DisconnectCallback
 .text.USBD_LL_Init
                0x0000000008004048       0xe4 ../../../libDaisy/build/libdaisy.a(usbd_conf.o)
                0x0000000008004048                USBD_LL_Init
 .text.USBD_LL_Start
                0x000000000800412c       0x1c ../../../libDaisy/build/libdaisy.a(usbd_conf.o)
                0x000000000800412c                USBD_LL_Start
 .text.USBD_LL_OpenEP
                0x0000000008004148       0x24 ../../../libDaisy/build/libdaisy.a(usbd_conf.o)
                0x0000000008004148                USBD_LL_OpenEP
 .text.USBD_LL_CloseEP
                0x000000000800416c       0x1c ../../../libDaisy/build/libdaisy.a(usbd_conf.o)
                0x000000000800416c                USBD_LL_CloseEP
 .text.USBD_LL_StallEP
                0x0000000008004188       0x1c ../../../libDaisy/build/libdaisy.a(usbd_conf.o)
                0x0000000008004188                USBD_LL_StallEP
 .text.USBD_LL_ClearStallEP
                0x00000000080041a4       0x1c ../../../libDaisy/build/libdaisy.a(usbd_conf.o)
                0x00000000080041a4                USBD_LL_ClearStallEP
 .text.USBD_LL_IsStallEP
                0x00000000080041c0       0x28 ../../../libDaisy/build/libdaisy.a(usbd_conf.o)
                0x00000000080041c0                USBD_LL_IsStallEP
 .text.USBD_LL_SetUSBAddress
                0x00000000080041e8       0x1c ../../../libDaisy/build/libdaisy.a(usbd_conf.o)
                0x00000000080041e8                USBD_LL_SetUSBAddress
 .text.USBD_LL_Transmit
                0x0000000008004204       0x1c ../../../libDaisy/build/libdaisy.a(usbd_conf.o)
                0x0000000008004204                USBD_LL_Transmit
 .text.USBD_LL_PrepareReceive
                0x0000000008004220       0x1c ../../../libDaisy/build/libdaisy.a(usbd_conf.o)
                0x0000000008004220                USBD_LL_PrepareReceive
 .text.USBD_LL_GetRxDataSize
                0x000000000800423c        0x8 ../../../libDaisy/build/libdaisy.a(usbd_conf.o)
                0x000000000800423c                USBD_LL_GetRxDataSize
 .text.HAL_HCD_SOF_Callback
                0x0000000008004244        0x8 ../../../libDaisy/build/libdaisy.a(usbh_conf.o)
                0x0000000008004244                HAL_HCD_SOF_Callback
 .text.HAL_HCD_Connect_Callback
                0x000000000800424c        0x8 ../../../libDaisy/build/libdaisy.a(usbh_conf.o)
                0x000000000800424c                HAL_HCD_Connect_Callback
 .text.HAL_HCD_Disconnect_Callback
                0x0000000008004254        0x8 ../../../libDaisy/build/libdaisy.a(usbh_conf.o)
                0x0000000008004254                HAL_HCD_Disconnect_Callback
 .text.HAL_HCD_HC_NotifyURBChange_Callback
                0x000000000800425c        0x4 ../../../libDaisy/build/libdaisy.a(usbh_conf.o)
                0x000000000800425c                HAL_HCD_HC_NotifyURBChange_Callback
 .text.HAL_HCD_PortEnabled_Callback
                0x0000000008004260        0x8 ../../../libDaisy/build/libdaisy.a(usbh_conf.o)
                0x0000000008004260                HAL_HCD_PortEnabled_Callback
 .text.HAL_HCD_PortDisabled_Callback
                0x0000000008004268        0x8 ../../../libDaisy/build/libdaisy.a(usbh_conf.o)
                0x0000000008004268                HAL_HCD_PortDisabled_Callback
 .text.USBH_LL_Stop
                0x0000000008004270       0x1c ../../../libDaisy/build/libdaisy.a(usbh_conf.o)
                0x0000000008004270                USBH_LL_Stop
 .text.dsy_hal_map_get_port
                0x000000000800428c       0x10 ../../../libDaisy/build/libdaisy.a(hal_map.o)
                0x000000000800428c                dsy_hal_map_get_port
 .text.dsy_hal_map_get_pin
                0x000000000800429c       0x10 ../../../libDaisy/build/libdaisy.a(hal_map.o)
                0x000000000800429c                dsy_hal_map_get_pin
 .text.dsy_hal_map_gpio_clk_enable
                0x00000000080042ac      0x150 ../../../libDaisy/build/libdaisy.a(hal_map.o)
                0x00000000080042ac                dsy_hal_map_gpio_clk_enable
 .text.HAL_MspInit
                0x00000000080043fc        0x4 ../../../libDaisy/build/libdaisy.a(stm32h7xx_hal.o)
                0x00000000080043fc                HAL_MspInit
 .text.HAL_InitTick
                0x0000000008004400       0x4c ../../../libDaisy/build/libdaisy.a(stm32h7xx_hal.o)
                0x0000000008004400                HAL_InitTick
 .text.HAL_Init
                0x000000000800444c       0x60 ../../../libDaisy/build/libdaisy.a(stm32h7xx_hal.o)
                0x000000000800444c                HAL_Init
 .text.HAL_IncTick
                0x00000000080044ac       0x18 ../../../libDaisy/build/libdaisy.a(stm32h7xx_hal.o)
                0x00000000080044ac                HAL_IncTick
 .text.HAL_GetTick
                0x00000000080044c4        0xc ../../../libDaisy/build/libdaisy.a(stm32h7xx_hal.o)
                0x00000000080044c4                HAL_GetTick
 .text.HAL_Delay
                0x00000000080044d0       0x24 ../../../libDaisy/build/libdaisy.a(stm32h7xx_hal.o)
                0x00000000080044d0                HAL_Delay
 .text.HAL_GetREVID
                0x00000000080044f4        0xc ../../../libDaisy/build/libdaisy.a(stm32h7xx_hal.o)
                0x00000000080044f4                HAL_GetREVID
 .text.HAL_NVIC_SetPriorityGrouping
                0x0000000008004500       0x24 ../../../libDaisy/build/libdaisy.a(stm32h7xx_hal_cortex.o)
                0x0000000008004500                HAL_NVIC_SetPriorityGrouping
 .text.HAL_NVIC_SetPriority
                0x0000000008004524       0x7c ../../../libDaisy/build/libdaisy.a(stm32h7xx_hal_cortex.o)
                0x0000000008004524                HAL_NVIC_SetPriority
 .text.HAL_NVIC_EnableIRQ
                0x00000000080045a0       0x1c ../../../libDaisy/build/libdaisy.a(stm32h7xx_hal_cortex.o)
                0x00000000080045a0                HAL_NVIC_EnableIRQ
 .text.HAL_NVIC_DisableIRQ
                0x00000000080045bc       0x28 ../../../libDaisy/build/libdaisy.a(stm32h7xx_hal_cortex.o)
                0x00000000080045bc                HAL_NVIC_DisableIRQ
 .text.HAL_SYSTICK_Config
                0x00000000080045e4       0x2c ../../../libDaisy/build/libdaisy.a(stm32h7xx_hal_cortex.o)
                0x00000000080045e4                HAL_SYSTICK_Config
 .text.HAL_MPU_Disable
                0x0000000008004610       0x1c ../../../libDaisy/build/libdaisy.a(stm32h7xx_hal_cortex.o)
                0x0000000008004610                HAL_MPU_Disable
 .text.HAL_MPU_Enable
                0x000000000800462c       0x20 ../../../libDaisy/build/libdaisy.a(stm32h7xx_hal_cortex.o)
                0x000000000800462c                HAL_MPU_Enable
 .text.HAL_MPU_ConfigRegion
                0x000000000800464c       0x64 ../../../libDaisy/build/libdaisy.a(stm32h7xx_hal_cortex.o)
                0x000000000800464c                HAL_MPU_ConfigRegion
 .text.HAL_SYSTICK_Callback
                0x00000000080046b0        0x4 ../../../libDaisy/build/libdaisy.a(stm32h7xx_hal_cortex.o)
                0x00000000080046b0                HAL_SYSTICK_Callback
 .text.HAL_SYSTICK_IRQHandler
                0x00000000080046b4        0x8 ../../../libDaisy/build/libdaisy.a(stm32h7xx_hal_cortex.o)
                0x00000000080046b4                HAL_SYSTICK_IRQHandler
 .text.DMA_CalcBaseAndBitshift
                0x00000000080046bc       0xf4 ../../../libDaisy/build/libdaisy.a(stm32h7xx_hal_dma.o)
 .text.DMA_CalcDMAMUXChannelBaseAndMask
                0x00000000080047b0       0xd8 ../../../libDaisy/build/libdaisy.a(stm32h7xx_hal_dma.o)
 .text.HAL_DMA_Init
                0x0000000008004888      0x37c ../../../libDaisy/build/libdaisy.a(stm32h7xx_hal_dma.o)
                0x0000000008004888                HAL_DMA_Init
 .text.HAL_DMA_Start_IT
                0x0000000008004c04      0x240 ../../../libDaisy/build/libdaisy.a(stm32h7xx_hal_dma.o)
                0x0000000008004c04                HAL_DMA_Start_IT
 .text.HAL_DMA_Abort_IT
                0x0000000008004e44      0x134 ../../../libDaisy/build/libdaisy.a(stm32h7xx_hal_dma.o)
                0x0000000008004e44                HAL_DMA_Abort_IT
 .text.HAL_DMA_IRQHandler
                0x0000000008004f78      0x6a0 ../../../libDaisy/build/libdaisy.a(stm32h7xx_hal_dma.o)
                0x0000000008004f78                HAL_DMA_IRQHandler
 .text.HAL_DMA_GetError
                0x0000000008005618        0x4 ../../../libDaisy/build/libdaisy.a(stm32h7xx_hal_dma.o)
                0x0000000008005618                HAL_DMA_GetError
 .text.HAL_GPIO_Init
                0x000000000800561c      0x280 ../../../libDaisy/build/libdaisy.a(stm32h7xx_hal_gpio.o)
                0x000000000800561c                HAL_GPIO_Init
 .text.HAL_GPIO_DeInit
                0x000000000800589c      0x190 ../../../libDaisy/build/libdaisy.a(stm32h7xx_hal_gpio.o)
                0x000000000800589c                HAL_GPIO_DeInit
 .text.HAL_GPIO_ReadPin
                0x0000000008005a2c        0xc ../../../libDaisy/build/libdaisy.a(stm32h7xx_hal_gpio.o)
                0x0000000008005a2c                HAL_GPIO_ReadPin
 .text.HAL_GPIO_WritePin
                0x0000000008005a38        0x8 ../../../libDaisy/build/libdaisy.a(stm32h7xx_hal_gpio.o)
                0x0000000008005a38                HAL_GPIO_WritePin
 .text.HAL_HCD_IRQHandler
                0x0000000008005a40      0x780 ../../../libDaisy/build/libdaisy.a(stm32h7xx_hal_hcd.o)
                0x0000000008005a40                HAL_HCD_IRQHandler
 .text.HAL_HCD_Stop
                0x00000000080061c0       0x28 ../../../libDaisy/build/libdaisy.a(stm32h7xx_hal_hcd.o)
                0x00000000080061c0                HAL_HCD_Stop
 .text.I2C_WaitOnTXISFlagUntilTimeout
                0x00000000080061e8       0xb8 ../../../libDaisy/build/libdaisy.a(stm32h7xx_hal_i2c.o)
 .text.I2C_WaitOnSTOPFlagUntilTimeout
                0x00000000080062a0       0xac ../../../libDaisy/build/libdaisy.a(stm32h7xx_hal_i2c.o)
 .text.HAL_I2C_Init
                0x000000000800634c       0xac ../../../libDaisy/build/libdaisy.a(stm32h7xx_hal_i2c.o)
                0x000000000800634c                HAL_I2C_Init
 .text.HAL_I2C_Master_Transmit
                0x00000000080063f8      0x1a8 ../../../libDaisy/build/libdaisy.a(stm32h7xx_hal_i2c.o)
                0x00000000080063f8                HAL_I2C_Master_Transmit
 .text.HAL_I2C_Slave_Transmit
                0x00000000080065a0      0x1c8 ../../../libDaisy/build/libdaisy.a(stm32h7xx_hal_i2c.o)
                0x00000000080065a0                HAL_I2C_Slave_Transmit
 .text.HAL_I2C_EV_IRQHandler
                0x0000000008006768       0x10 ../../../libDaisy/build/libdaisy.a(stm32h7xx_hal_i2c.o)
                0x0000000008006768                HAL_I2C_EV_IRQHandler
 .text.HAL_I2C_GetState
                0x0000000008006778        0x8 ../../../libDaisy/build/libdaisy.a(stm32h7xx_hal_i2c.o)
                0x0000000008006778                HAL_I2C_GetState
 .text.HAL_I2CEx_ConfigAnalogFilter
                0x0000000008006780       0x54 ../../../libDaisy/build/libdaisy.a(stm32h7xx_hal_i2c_ex.o)
                0x0000000008006780                HAL_I2CEx_ConfigAnalogFilter
 .text.HAL_I2CEx_ConfigDigitalFilter
                0x00000000080067d4       0x58 ../../../libDaisy/build/libdaisy.a(stm32h7xx_hal_i2c_ex.o)
                0x00000000080067d4                HAL_I2CEx_ConfigDigitalFilter
 .text.HAL_PCD_Init
                0x000000000800682c      0x12c ../../../libDaisy/build/libdaisy.a(stm32h7xx_hal_pcd.o)
                0x000000000800682c                HAL_PCD_Init
 .text.HAL_PCD_Start
                0x0000000008006958       0x44 ../../../libDaisy/build/libdaisy.a(stm32h7xx_hal_pcd.o)
                0x0000000008006958                HAL_PCD_Start
 .text.HAL_PCD_IRQHandler
                0x000000000800699c      0x69c ../../../libDaisy/build/libdaisy.a(stm32h7xx_hal_pcd.o)
                0x000000000800699c                HAL_PCD_IRQHandler
 .text.HAL_PCD_SetAddress
                0x0000000008007038       0x2c ../../../libDaisy/build/libdaisy.a(stm32h7xx_hal_pcd.o)
                0x0000000008007038                HAL_PCD_SetAddress
 .text.HAL_PCD_EP_Open
                0x0000000008007064       0x7c ../../../libDaisy/build/libdaisy.a(stm32h7xx_hal_pcd.o)
                0x0000000008007064                HAL_PCD_EP_Open
 .text.HAL_PCD_EP_Close
                0x00000000080070e0       0x6c ../../../libDaisy/build/libdaisy.a(stm32h7xx_hal_pcd.o)
                0x00000000080070e0                HAL_PCD_EP_Close
 .text.HAL_PCD_EP_Receive
                0x000000000800714c       0x50 ../../../libDaisy/build/libdaisy.a(stm32h7xx_hal_pcd.o)
                0x000000000800714c                HAL_PCD_EP_Receive
 .text.HAL_PCD_EP_GetRxCount
                0x000000000800719c       0x14 ../../../libDaisy/build/libdaisy.a(stm32h7xx_hal_pcd.o)
                0x000000000800719c                HAL_PCD_EP_GetRxCount
 .text.HAL_PCD_EP_Transmit
                0x00000000080071b0       0x50 ../../../libDaisy/build/libdaisy.a(stm32h7xx_hal_pcd.o)
                0x00000000080071b0                HAL_PCD_EP_Transmit
 .text.HAL_PCD_EP_SetStall
                0x0000000008007200       0x88 ../../../libDaisy/build/libdaisy.a(stm32h7xx_hal_pcd.o)
                0x0000000008007200                HAL_PCD_EP_SetStall
 .text.HAL_PCD_EP_ClrStall
                0x0000000008007288       0x78 ../../../libDaisy/build/libdaisy.a(stm32h7xx_hal_pcd.o)
                0x0000000008007288                HAL_PCD_EP_ClrStall
 .text.HAL_PCDEx_SetTxFiFo
                0x0000000008007300       0x54 ../../../libDaisy/build/libdaisy.a(stm32h7xx_hal_pcd_ex.o)
                0x0000000008007300                HAL_PCDEx_SetTxFiFo
 .text.HAL_PCDEx_SetRxFiFo
                0x0000000008007354        0xc ../../../libDaisy/build/libdaisy.a(stm32h7xx_hal_pcd_ex.o)
                0x0000000008007354                HAL_PCDEx_SetRxFiFo
 .text.HAL_PCDEx_ActivateLPM
                0x0000000008007360       0x30 ../../../libDaisy/build/libdaisy.a(stm32h7xx_hal_pcd_ex.o)
                0x0000000008007360                HAL_PCDEx_ActivateLPM
 .text.HAL_PCDEx_LPM_Callback
                0x0000000008007390        0x4 ../../../libDaisy/build/libdaisy.a(stm32h7xx_hal_pcd_ex.o)
                0x0000000008007390                HAL_PCDEx_LPM_Callback
 .text.HAL_PWREx_ConfigSupply
                0x0000000008007394       0x4c ../../../libDaisy/build/libdaisy.a(stm32h7xx_hal_pwr_ex.o)
                0x0000000008007394                HAL_PWREx_ConfigSupply
 .text.HAL_PWREx_EnableUSBVoltageDetector
                0x00000000080073e0       0x10 ../../../libDaisy/build/libdaisy.a(stm32h7xx_hal_pwr_ex.o)
                0x00000000080073e0                HAL_PWREx_EnableUSBVoltageDetector
 .text.QSPI_Config
                0x00000000080073f0      0x174 ../../../libDaisy/build/libdaisy.a(stm32h7xx_hal_qspi.o)
 .text.HAL_QSPI_Init
                0x0000000008007564       0xd8 ../../../libDaisy/build/libdaisy.a(stm32h7xx_hal_qspi.o)
                0x0000000008007564                HAL_QSPI_Init
 .text.HAL_QSPI_DeInit
                0x000000000800763c       0x3c ../../../libDaisy/build/libdaisy.a(stm32h7xx_hal_qspi.o)
                0x000000000800763c                HAL_QSPI_DeInit
 .text.HAL_QSPI_Command
                0x0000000008007678       0xd4 ../../../libDaisy/build/libdaisy.a(stm32h7xx_hal_qspi.o)
                0x0000000008007678                HAL_QSPI_Command
 .text.HAL_QSPI_Transmit
                0x000000000800774c       0xfc ../../../libDaisy/build/libdaisy.a(stm32h7xx_hal_qspi.o)
                0x000000000800774c                HAL_QSPI_Transmit
 .text.HAL_QSPI_Receive
                0x0000000008007848      0x108 ../../../libDaisy/build/libdaisy.a(stm32h7xx_hal_qspi.o)
                0x0000000008007848                HAL_QSPI_Receive
 .text.HAL_QSPI_AutoPolling
                0x0000000008007950       0xf0 ../../../libDaisy/build/libdaisy.a(stm32h7xx_hal_qspi.o)
                0x0000000008007950                HAL_QSPI_AutoPolling
 .text.HAL_QSPI_MemoryMapped
                0x0000000008007a40       0xc0 ../../../libDaisy/build/libdaisy.a(stm32h7xx_hal_qspi.o)
                0x0000000008007a40                HAL_QSPI_MemoryMapped
 .text.HAL_QSPI_ErrorCallback
                0x0000000008007b00        0x4 ../../../libDaisy/build/libdaisy.a(stm32h7xx_hal_qspi.o)
                0x0000000008007b00                HAL_QSPI_ErrorCallback
 .text.QSPI_DMAAbortCplt
                0x0000000008007b04       0x38 ../../../libDaisy/build/libdaisy.a(stm32h7xx_hal_qspi.o)
 .text.HAL_QSPI_AbortCpltCallback
                0x0000000008007b3c        0x4 ../../../libDaisy/build/libdaisy.a(stm32h7xx_hal_qspi.o)
                0x0000000008007b3c                HAL_QSPI_AbortCpltCallback
 .text.HAL_QSPI_CmdCpltCallback
                0x0000000008007b40        0x4 ../../../libDaisy/build/libdaisy.a(stm32h7xx_hal_qspi.o)
                0x0000000008007b40                HAL_QSPI_CmdCpltCallback
 .text.HAL_QSPI_RxCpltCallback
                0x0000000008007b44        0x4 ../../../libDaisy/build/libdaisy.a(stm32h7xx_hal_qspi.o)
                0x0000000008007b44                HAL_QSPI_RxCpltCallback
 .text.HAL_QSPI_TxCpltCallback
                0x0000000008007b48        0x4 ../../../libDaisy/build/libdaisy.a(stm32h7xx_hal_qspi.o)
                0x0000000008007b48                HAL_QSPI_TxCpltCallback
 .text.HAL_QSPI_FifoThresholdCallback
                0x0000000008007b4c        0x4 ../../../libDaisy/build/libdaisy.a(stm32h7xx_hal_qspi.o)
                0x0000000008007b4c                HAL_QSPI_FifoThresholdCallback
 .text.HAL_QSPI_StatusMatchCallback
                0x0000000008007b50        0x4 ../../../libDaisy/build/libdaisy.a(stm32h7xx_hal_qspi.o)
                0x0000000008007b50                HAL_QSPI_StatusMatchCallback
 .text.HAL_QSPI_TimeOutCallback
                0x0000000008007b54        0x4 ../../../libDaisy/build/libdaisy.a(stm32h7xx_hal_qspi.o)
                0x0000000008007b54                HAL_QSPI_TimeOutCallback
 .text.HAL_QSPI_IRQHandler
                0x0000000008007b58      0x210 ../../../libDaisy/build/libdaisy.a(stm32h7xx_hal_qspi.o)
                0x0000000008007b58                HAL_QSPI_IRQHandler
 .text.HAL_RCC_OscConfig
                0x0000000008007d68      0x51c ../../../libDaisy/build/libdaisy.a(stm32h7xx_hal_rcc.o)
                0x0000000008007d68                HAL_RCC_OscConfig
 .text.HAL_RCC_GetSysClockFreq
                0x0000000008008284      0x140 ../../../libDaisy/build/libdaisy.a(stm32h7xx_hal_rcc.o)
                0x0000000008008284                HAL_RCC_GetSysClockFreq
 .text.HAL_RCC_ClockConfig
                0x00000000080083c4      0x234 ../../../libDaisy/build/libdaisy.a(stm32h7xx_hal_rcc.o)
                0x00000000080083c4                HAL_RCC_ClockConfig
 .text.HAL_RCC_GetHCLKFreq
                0x00000000080085f8       0x2c ../../../libDaisy/build/libdaisy.a(stm32h7xx_hal_rcc.o)
                0x00000000080085f8                HAL_RCC_GetHCLKFreq
 .text.HAL_RCC_GetPCLK1Freq
                0x0000000008008624       0x38 ../../../libDaisy/build/libdaisy.a(stm32h7xx_hal_rcc.o)
                0x0000000008008624                HAL_RCC_GetPCLK1Freq
 .text.HAL_RCC_GetPCLK2Freq
                0x000000000800865c       0x38 ../../../libDaisy/build/libdaisy.a(stm32h7xx_hal_rcc.o)
                0x000000000800865c                HAL_RCC_GetPCLK2Freq
 .text.RCCEx_PLL2_Config
                0x0000000008008694       0xf4 ../../../libDaisy/build/libdaisy.a(stm32h7xx_hal_rcc_ex.o)
 .text.RCCEx_PLL3_Config
                0x0000000008008788       0xf4 ../../../libDaisy/build/libdaisy.a(stm32h7xx_hal_rcc_ex.o)
 .text.HAL_RCCEx_PeriphCLKConfig
                0x000000000800887c      0xa7c ../../../libDaisy/build/libdaisy.a(stm32h7xx_hal_rcc_ex.o)
                0x000000000800887c                HAL_RCCEx_PeriphCLKConfig
 .text.HAL_RCCEx_GetD3PCLK1Freq
                0x00000000080092f8       0x24 ../../../libDaisy/build/libdaisy.a(stm32h7xx_hal_rcc_ex.o)
                0x00000000080092f8                HAL_RCCEx_GetD3PCLK1Freq
 .text.HAL_RCCEx_GetPLL2ClockFreq
                0x000000000800931c      0x17c ../../../libDaisy/build/libdaisy.a(stm32h7xx_hal_rcc_ex.o)
                0x000000000800931c                HAL_RCCEx_GetPLL2ClockFreq
 .text.HAL_RCCEx_GetPLL3ClockFreq
                0x0000000008009498      0x17c ../../../libDaisy/build/libdaisy.a(stm32h7xx_hal_rcc_ex.o)
                0x0000000008009498                HAL_RCCEx_GetPLL3ClockFreq
 .text.HAL_RCCEx_GetPLL1ClockFreq
                0x0000000008009614      0x17c ../../../libDaisy/build/libdaisy.a(stm32h7xx_hal_rcc_ex.o)
                0x0000000008009614                HAL_RCCEx_GetPLL1ClockFreq
 .text.HAL_RCCEx_GetPeriphCLKFreq
                0x0000000008009790      0x198 ../../../libDaisy/build/libdaisy.a(stm32h7xx_hal_rcc_ex.o)
                0x0000000008009790                HAL_RCCEx_GetPeriphCLKFreq
 .text.HAL_RCCEx_GetD1SysClockFreq
                0x0000000008009928       0x2c ../../../libDaisy/build/libdaisy.a(stm32h7xx_hal_rcc_ex.o)
                0x0000000008009928                HAL_RCCEx_GetD1SysClockFreq
 .text.HAL_SAI_Init.part.0
                0x0000000008009954      0x348 ../../../libDaisy/build/libdaisy.a(stm32h7xx_hal_sai.o)
 .text.HAL_SAI_InitProtocol
                0x0000000008009c9c      0x178 ../../../libDaisy/build/libdaisy.a(stm32h7xx_hal_sai.o)
                0x0000000008009c9c                HAL_SAI_InitProtocol
 .text.HAL_SAI_Transmit_DMA
                0x0000000008009e14      0x124 ../../../libDaisy/build/libdaisy.a(stm32h7xx_hal_sai.o)
                0x0000000008009e14                HAL_SAI_Transmit_DMA
 .text.HAL_SAI_Receive_DMA
                0x0000000008009f38       0xd0 ../../../libDaisy/build/libdaisy.a(stm32h7xx_hal_sai.o)
                0x0000000008009f38                HAL_SAI_Receive_DMA
 .text.HAL_SAI_TxCpltCallback
                0x000000000800a008        0x4 ../../../libDaisy/build/libdaisy.a(stm32h7xx_hal_sai.o)
                0x000000000800a008                HAL_SAI_TxCpltCallback
 .text.SAI_DMATxCplt
                0x000000000800a00c       0x64 ../../../libDaisy/build/libdaisy.a(stm32h7xx_hal_sai.o)
 .text.HAL_SAI_TxHalfCpltCallback
                0x000000000800a070        0x4 ../../../libDaisy/build/libdaisy.a(stm32h7xx_hal_sai.o)
                0x000000000800a070                HAL_SAI_TxHalfCpltCallback
 .text.SAI_DMATxHalfCplt
                0x000000000800a074        0xc ../../../libDaisy/build/libdaisy.a(stm32h7xx_hal_sai.o)
 .text.SAI_DMARxCplt
                0x000000000800a080       0x64 ../../../libDaisy/build/libdaisy.a(stm32h7xx_hal_sai.o)
 .text.SAI_DMARxHalfCplt
                0x000000000800a0e4        0xc ../../../libDaisy/build/libdaisy.a(stm32h7xx_hal_sai.o)
 .text.HAL_SAI_ErrorCallback
                0x000000000800a0f0        0x4 ../../../libDaisy/build/libdaisy.a(stm32h7xx_hal_sai.o)
                0x000000000800a0f0                HAL_SAI_ErrorCallback
 .text.SAI_DMAError
                0x000000000800a0f4       0x6c ../../../libDaisy/build/libdaisy.a(stm32h7xx_hal_sai.o)
 .text.HAL_SDRAM_Init
                0x000000000800a160       0x54 ../../../libDaisy/build/libdaisy.a(stm32h7xx_hal_sdram.o)
                0x000000000800a160                HAL_SDRAM_Init
 .text.HAL_SDRAM_SendCommand
                0x000000000800a1b4       0x40 ../../../libDaisy/build/libdaisy.a(stm32h7xx_hal_sdram.o)
                0x000000000800a1b4                HAL_SDRAM_SendCommand
 .text.HAL_SDRAM_ProgramRefreshRate
                0x000000000800a1f4       0x30 ../../../libDaisy/build/libdaisy.a(stm32h7xx_hal_sdram.o)
                0x000000000800a1f4                HAL_SDRAM_ProgramRefreshRate
 .text.FMC_SDRAM_Init
                0x000000000800a224       0x7c ../../../libDaisy/build/libdaisy.a(stm32h7xx_ll_fmc.o)
                0x000000000800a224                FMC_SDRAM_Init
 .text.FMC_SDRAM_Timing_Init
                0x000000000800a2a0       0x98 ../../../libDaisy/build/libdaisy.a(stm32h7xx_ll_fmc.o)
                0x000000000800a2a0                FMC_SDRAM_Timing_Init
 .text.FMC_SDRAM_SendCommand
                0x000000000800a338       0x28 ../../../libDaisy/build/libdaisy.a(stm32h7xx_ll_fmc.o)
                0x000000000800a338                FMC_SDRAM_SendCommand
 .text.FMC_SDRAM_ProgramRefreshRate
                0x000000000800a360       0x1c ../../../libDaisy/build/libdaisy.a(stm32h7xx_ll_fmc.o)
                0x000000000800a360                FMC_SDRAM_ProgramRefreshRate
 .text.USB_CoreInit
                0x000000000800a37c      0x124 ../../../libDaisy/build/libdaisy.a(stm32h7xx_ll_usb.o)
                0x000000000800a37c                USB_CoreInit
 .text.USB_SetTurnaroundTime
                0x000000000800a4a0      0x104 ../../../libDaisy/build/libdaisy.a(stm32h7xx_ll_usb.o)
                0x000000000800a4a0                USB_SetTurnaroundTime
 .text.USB_EnableGlobalInt
                0x000000000800a5a4       0x10 ../../../libDaisy/build/libdaisy.a(stm32h7xx_ll_usb.o)
                0x000000000800a5a4                USB_EnableGlobalInt
 .text.USB_DisableGlobalInt
                0x000000000800a5b4       0x10 ../../../libDaisy/build/libdaisy.a(stm32h7xx_ll_usb.o)
                0x000000000800a5b4                USB_DisableGlobalInt
 .text.USB_SetCurrentMode
                0x000000000800a5c4       0x30 ../../../libDaisy/build/libdaisy.a(stm32h7xx_ll_usb.o)
                0x000000000800a5c4                USB_SetCurrentMode
 .text.USB_DevInit
                0x000000000800a5f4      0x20c ../../../libDaisy/build/libdaisy.a(stm32h7xx_ll_usb.o)
                0x000000000800a5f4                USB_DevInit
 .text.USB_FlushTxFifo
                0x000000000800a800       0x34 ../../../libDaisy/build/libdaisy.a(stm32h7xx_ll_usb.o)
                0x000000000800a800                USB_FlushTxFifo
 .text.USB_GetDevSpeed
                0x000000000800a834       0x24 ../../../libDaisy/build/libdaisy.a(stm32h7xx_ll_usb.o)
                0x000000000800a834                USB_GetDevSpeed
 .text.USB_ActivateEndpoint
                0x000000000800a858       0x90 ../../../libDaisy/build/libdaisy.a(stm32h7xx_ll_usb.o)
                0x000000000800a858                USB_ActivateEndpoint
 .text.USB_DeactivateEndpoint
                0x000000000800a8e8       0x84 ../../../libDaisy/build/libdaisy.a(stm32h7xx_ll_usb.o)
                0x000000000800a8e8                USB_DeactivateEndpoint
 .text.USB_EPStartXfer
                0x000000000800a96c      0x230 ../../../libDaisy/build/libdaisy.a(stm32h7xx_ll_usb.o)
                0x000000000800a96c                USB_EPStartXfer
 .text.USB_EP0StartXfer
                0x000000000800ab9c      0x174 ../../../libDaisy/build/libdaisy.a(stm32h7xx_ll_usb.o)
                0x000000000800ab9c                USB_EP0StartXfer
 .text.USB_WritePacket
                0x000000000800ad10       0x2c ../../../libDaisy/build/libdaisy.a(stm32h7xx_ll_usb.o)
                0x000000000800ad10                USB_WritePacket
 .text.USB_ReadPacket
                0x000000000800ad3c       0x20 ../../../libDaisy/build/libdaisy.a(stm32h7xx_ll_usb.o)
                0x000000000800ad3c                USB_ReadPacket
 .text.USB_EPSetStall
                0x000000000800ad5c       0x68 ../../../libDaisy/build/libdaisy.a(stm32h7xx_ll_usb.o)
                0x000000000800ad5c                USB_EPSetStall
 .text.USB_EPClearStall
                0x000000000800adc4       0x58 ../../../libDaisy/build/libdaisy.a(stm32h7xx_ll_usb.o)
                0x000000000800adc4                USB_EPClearStall
 .text.USB_SetDevAddress
                0x000000000800ae1c       0x24 ../../../libDaisy/build/libdaisy.a(stm32h7xx_ll_usb.o)
                0x000000000800ae1c                USB_SetDevAddress
 .text.USB_DevConnect
                0x000000000800ae40       0x1c ../../../libDaisy/build/libdaisy.a(stm32h7xx_ll_usb.o)
                0x000000000800ae40                USB_DevConnect
 .text.USB_DevDisconnect
                0x000000000800ae5c       0x1c ../../../libDaisy/build/libdaisy.a(stm32h7xx_ll_usb.o)
                0x000000000800ae5c                USB_DevDisconnect
 .text.USB_ReadInterrupts
                0x000000000800ae78       0x14 ../../../libDaisy/build/libdaisy.a(stm32h7xx_ll_usb.o)
                0x000000000800ae78                USB_ReadInterrupts
 .text.USB_ReadDevAllOutEpInterrupt
                0x000000000800ae8c       0x1c ../../../libDaisy/build/libdaisy.a(stm32h7xx_ll_usb.o)
                0x000000000800ae8c                USB_ReadDevAllOutEpInterrupt
 .text.USB_ReadDevAllInEpInterrupt
                0x000000000800aea8       0x1c ../../../libDaisy/build/libdaisy.a(stm32h7xx_ll_usb.o)
                0x000000000800aea8                USB_ReadDevAllInEpInterrupt
 .text.USB_ReadDevOutEPInterrupt
                0x000000000800aec4       0x1c ../../../libDaisy/build/libdaisy.a(stm32h7xx_ll_usb.o)
                0x000000000800aec4                USB_ReadDevOutEPInterrupt
 .text.USB_ReadDevInEPInterrupt
                0x000000000800aee0       0x38 ../../../libDaisy/build/libdaisy.a(stm32h7xx_ll_usb.o)
                0x000000000800aee0                USB_ReadDevInEPInterrupt
 .text.USB_GetMode
                0x000000000800af18        0x8 ../../../libDaisy/build/libdaisy.a(stm32h7xx_ll_usb.o)
                0x000000000800af18                USB_GetMode
 .text.USB_ActivateSetup
                0x000000000800af20       0x38 ../../../libDaisy/build/libdaisy.a(stm32h7xx_ll_usb.o)
                0x000000000800af20                USB_ActivateSetup
 .text.USB_EP0_OutStart
                0x000000000800af58       0x58 ../../../libDaisy/build/libdaisy.a(stm32h7xx_ll_usb.o)
                0x000000000800af58                USB_EP0_OutStart
 .text.USB_InitFSLSPClkSel
                0x000000000800afb0       0x44 ../../../libDaisy/build/libdaisy.a(stm32h7xx_ll_usb.o)
                0x000000000800afb0                USB_InitFSLSPClkSel
 .text.USB_HC_ReadInterrupt
                0x000000000800aff4        0x8 ../../../libDaisy/build/libdaisy.a(stm32h7xx_ll_usb.o)
                0x000000000800aff4                USB_HC_ReadInterrupt
 .text.USB_HC_Halt
                0x000000000800affc       0xc0 ../../../libDaisy/build/libdaisy.a(stm32h7xx_ll_usb.o)
                0x000000000800affc                USB_HC_Halt
 .text.USB_StopHost
                0x000000000800b0bc      0x2ec ../../../libDaisy/build/libdaisy.a(stm32h7xx_ll_usb.o)
                0x000000000800b0bc                USB_StopHost
 .text.USBD_Init
                0x000000000800b3a8       0x44 ../../../libDaisy/build/libdaisy.a(usbd_core.o)
                0x000000000800b3a8                USBD_Init
 .text.USBD_RegisterClass
                0x000000000800b3ec       0x2c ../../../libDaisy/build/libdaisy.a(usbd_core.o)
                0x000000000800b3ec                USBD_RegisterClass
 .text.USBD_Start
                0x000000000800b418        0xc ../../../libDaisy/build/libdaisy.a(usbd_core.o)
                0x000000000800b418                USBD_Start
 .text.USBD_SetClassConfig
                0x000000000800b424       0x14 ../../../libDaisy/build/libdaisy.a(usbd_core.o)
                0x000000000800b424                USBD_SetClassConfig
 .text.USBD_ClrClassConfig
                0x000000000800b438       0x10 ../../../libDaisy/build/libdaisy.a(usbd_core.o)
                0x000000000800b438                USBD_ClrClassConfig
 .text.USBD_LL_SetupStage
                0x000000000800b448       0x5c ../../../libDaisy/build/libdaisy.a(usbd_core.o)
                0x000000000800b448                USBD_LL_SetupStage
 .text.USBD_LL_DataOutStage
                0x000000000800b4a4       0x7c ../../../libDaisy/build/libdaisy.a(usbd_core.o)
                0x000000000800b4a4                USBD_LL_DataOutStage
 .text.USBD_LL_DataInStage
                0x000000000800b520       0xcc ../../../libDaisy/build/libdaisy.a(usbd_core.o)
                0x000000000800b520                USBD_LL_DataInStage
 .text.USBD_LL_Reset
                0x000000000800b5ec       0x50 ../../../libDaisy/build/libdaisy.a(usbd_core.o)
                0x000000000800b5ec                USBD_LL_Reset
 .text.USBD_LL_SetSpeed
                0x000000000800b63c        0x8 ../../../libDaisy/build/libdaisy.a(usbd_core.o)
                0x000000000800b63c                USBD_LL_SetSpeed
 .text.USBD_LL_Suspend
                0x000000000800b644       0x14 ../../../libDaisy/build/libdaisy.a(usbd_core.o)
                0x000000000800b644                USBD_LL_Suspend
 .text.USBD_LL_Resume
                0x000000000800b658       0x10 ../../../libDaisy/build/libdaisy.a(usbd_core.o)
                0x000000000800b658                USBD_LL_Resume
 .text.USBD_LL_SOF
                0x000000000800b668       0x1c ../../../libDaisy/build/libdaisy.a(usbd_core.o)
                0x000000000800b668                USBD_LL_SOF
 .text.USBD_LL_IsoINIncomplete
                0x000000000800b684        0x4 ../../../libDaisy/build/libdaisy.a(usbd_core.o)
                0x000000000800b684                USBD_LL_IsoINIncomplete
 .text.USBD_LL_IsoOUTIncomplete
                0x000000000800b688        0x4 ../../../libDaisy/build/libdaisy.a(usbd_core.o)
                0x000000000800b688                USBD_LL_IsoOUTIncomplete
 .text.USBD_LL_DevConnected
                0x000000000800b68c        0x4 ../../../libDaisy/build/libdaisy.a(usbd_core.o)
                0x000000000800b68c                USBD_LL_DevConnected
 .text.USBD_LL_DevDisconnected
                0x000000000800b690       0x18 ../../../libDaisy/build/libdaisy.a(usbd_core.o)
                0x000000000800b690                USBD_LL_DevDisconnected
 .text.USBD_StdDevReq
                0x000000000800b6a8      0x304 ../../../libDaisy/build/libdaisy.a(usbd_ctlreq.o)
                0x000000000800b6a8                USBD_StdDevReq
 .text.USBD_StdItfReq
                0x000000000800b9ac       0x68 ../../../libDaisy/build/libdaisy.a(usbd_ctlreq.o)
                0x000000000800b9ac                USBD_StdItfReq
 .text.USBD_StdEPReq
                0x000000000800ba14      0x13c ../../../libDaisy/build/libdaisy.a(usbd_ctlreq.o)
                0x000000000800ba14                USBD_StdEPReq
 .text.USBD_ParseSetupRequest
                0x000000000800bb50       0x28 ../../../libDaisy/build/libdaisy.a(usbd_ctlreq.o)
                0x000000000800bb50                USBD_ParseSetupRequest
 .text.USBD_CtlError
                0x000000000800bb78       0x18 ../../../libDaisy/build/libdaisy.a(usbd_ctlreq.o)
                0x000000000800bb78                USBD_CtlError
 .text.USBD_GetString
                0x000000000800bb90       0x54 ../../../libDaisy/build/libdaisy.a(usbd_ctlreq.o)
                0x000000000800bb90                USBD_GetString
 .text.USBD_CtlSendData
                0x000000000800bbe4       0x1c ../../../libDaisy/build/libdaisy.a(usbd_ioreq.o)
                0x000000000800bbe4                USBD_CtlSendData
 .text.USBD_CtlContinueSendData
                0x000000000800bc00       0x14 ../../../libDaisy/build/libdaisy.a(usbd_ioreq.o)
                0x000000000800bc00                USBD_CtlContinueSendData
 .text.USBD_CtlPrepareRx
                0x000000000800bc14       0x1c ../../../libDaisy/build/libdaisy.a(usbd_ioreq.o)
                0x000000000800bc14                USBD_CtlPrepareRx
 .text.USBD_CtlContinueRx
                0x000000000800bc30       0x14 ../../../libDaisy/build/libdaisy.a(usbd_ioreq.o)
                0x000000000800bc30                USBD_CtlContinueRx
 .text.USBD_CtlSendStatus
                0x000000000800bc44       0x18 ../../../libDaisy/build/libdaisy.a(usbd_ioreq.o)
                0x000000000800bc44                USBD_CtlSendStatus
 .text.USBD_CtlReceiveStatus
                0x000000000800bc5c       0x18 ../../../libDaisy/build/libdaisy.a(usbd_ioreq.o)
                0x000000000800bc5c                USBD_CtlReceiveStatus
 .text.USBH_LL_IncTimer
                0x000000000800bc74       0x20 ../../../libDaisy/build/libdaisy.a(usbh_core.o)
                0x000000000800bc74                USBH_LL_IncTimer
 .text.USBH_LL_PortEnabled
                0x000000000800bc94        0x8 ../../../libDaisy/build/libdaisy.a(usbh_core.o)
                0x000000000800bc94                USBH_LL_PortEnabled
 .text.USBH_LL_PortDisabled
                0x000000000800bc9c        0x8 ../../../libDaisy/build/libdaisy.a(usbh_core.o)
                0x000000000800bc9c                USBH_LL_PortDisabled
 .text.USBH_LL_Connect
                0x000000000800bca4       0x18 ../../../libDaisy/build/libdaisy.a(usbh_core.o)
                0x000000000800bca4                USBH_LL_Connect
 .text.USBH_LL_Disconnect
                0x000000000800bcbc       0x2c ../../../libDaisy/build/libdaisy.a(usbh_core.o)
                0x000000000800bcbc                USBH_LL_Disconnect
 .text.USBH_FreePipe
                0x000000000800bce8       0x18 ../../../libDaisy/build/libdaisy.a(usbh_pipes.o)
                0x000000000800bce8                USBH_FreePipe
 .text.DummyRxCallback
                0x000000000800bd00        0x4 ../../../libDaisy/build/libdaisy.a(usb.o)
                0x000000000800bd00                DummyRxCallback
 .text._ZN5daisy9UsbHandle4InitENS0_9UsbPeriphE
                0x000000000800bd04      0x10c ../../../libDaisy/build/libdaisy.a(usb.o)
                0x000000000800bd04                daisy::UsbHandle::Init(daisy::UsbHandle::UsbPeriph)
 .text._ZN5daisy9UsbHandle18SetReceiveCallbackEPFvPhPmENS0_9UsbPeriphE
                0x000000000800be10       0x38 ../../../libDaisy/build/libdaisy.a(usb.o)
                0x000000000800be10                daisy::UsbHandle::SetReceiveCallback(void (*)(unsigned char*, unsigned long*), daisy::UsbHandle::UsbPeriph)
 .text.OTG_FS_EP1_OUT_IRQHandler
                0x000000000800be48        0xc ../../../libDaisy/build/libdaisy.a(usb.o)
                0x000000000800be48                OTG_FS_EP1_OUT_IRQHandler
 .text.OTG_FS_EP1_IN_IRQHandler
                0x000000000800be54        0xc ../../../libDaisy/build/libdaisy.a(usb.o)
                0x000000000800be54                OTG_FS_EP1_IN_IRQHandler
 .text.OTG_FS_IRQHandler
                0x000000000800be60        0xc ../../../libDaisy/build/libdaisy.a(usb.o)
                0x000000000800be60                OTG_FS_IRQHandler
 .text._ZN5daisy6Random4InitEv
                0x000000000800be6c       0x3c ../../../libDaisy/build/libdaisy.a(rng.o)
                0x000000000800be6c                daisy::Random::Init()
 .text._ZN5daisy9SpiHandle4Impl7InitDmaEv
                0x000000000800bea8       0xec ../../../libDaisy/build/libdaisy.a(spi.o)
                0x000000000800bea8                daisy::SpiHandle::Impl::InitDma()
 .text._ZN5daisy9SpiHandle4Impl10StartDmaTxEPhjPFvPvEPFvS3_NS0_6ResultEES3_
                0x000000000800bf94       0xc8 ../../../libDaisy/build/libdaisy.a(spi.o)
                0x000000000800bf94                daisy::SpiHandle::Impl::StartDmaTx(unsigned char*, unsigned int, void (*)(void*), void (*)(void*, daisy::SpiHandle::Result), void*)
 .text._ZN5daisy9SpiHandle4Impl10StartDmaRxEPhjPFvPvEPFvS3_NS0_6ResultEES3_
                0x000000000800c05c       0xc8 ../../../libDaisy/build/libdaisy.a(spi.o)
                0x000000000800c05c                daisy::SpiHandle::Impl::StartDmaRx(unsigned char*, unsigned int, void (*)(void*), void (*)(void*, daisy::SpiHandle::Result), void*)
 .text._ZN5daisy9SpiHandle4Impl12StartDmaRxTxEPhS2_jPFvPvEPFvS3_NS0_6ResultEES3_
                0x000000000800c124       0xcc ../../../libDaisy/build/libdaisy.a(spi.o)
                0x000000000800c124                daisy::SpiHandle::Impl::StartDmaRxTx(unsigned char*, unsigned char*, unsigned int, void (*)(void*), void (*)(void*, daisy::SpiHandle::Result), void*)
 .text._ZN5daisy9SpiHandle4Impl8InitPinsEv
                0x000000000800c1f0      0x274 ../../../libDaisy/build/libdaisy.a(spi.o)
                0x000000000800c1f0                daisy::SpiHandle::Impl::InitPins()
 .text.HAL_SPI_MspInit
                0x000000000800c464      0x1a8 ../../../libDaisy/build/libdaisy.a(spi.o)
                0x000000000800c464                HAL_SPI_MspInit
 .text.dsy_spi_global_init
                0x000000000800c60c       0x80 ../../../libDaisy/build/libdaisy.a(spi.o)
                0x000000000800c60c                dsy_spi_global_init
 .text.SPI1_IRQHandler
                0x000000000800c68c        0xc ../../../libDaisy/build/libdaisy.a(spi.o)
                0x000000000800c68c                SPI1_IRQHandler
 .text.SPI2_IRQHandler
                0x000000000800c698        0xc ../../../libDaisy/build/libdaisy.a(spi.o)
                0x000000000800c698                SPI2_IRQHandler
 .text.SPI3_IRQHandler
                0x000000000800c6a4        0xc ../../../libDaisy/build/libdaisy.a(spi.o)
                0x000000000800c6a4                SPI3_IRQHandler
 .text.SPI4_IRQHandler
                0x000000000800c6b0        0xc ../../../libDaisy/build/libdaisy.a(spi.o)
                0x000000000800c6b0                SPI4_IRQHandler
 .text.SPI5_IRQHandler
                0x000000000800c6bc        0xc ../../../libDaisy/build/libdaisy.a(spi.o)
                0x000000000800c6bc                SPI5_IRQHandler
 .text.DMA2_Stream2_IRQHandler
                0x000000000800c6c8       0x34 ../../../libDaisy/build/libdaisy.a(spi.o)
                0x000000000800c6c8                DMA2_Stream2_IRQHandler
 .text.DMA2_Stream3_IRQHandler
                0x000000000800c6fc       0x38 ../../../libDaisy/build/libdaisy.a(spi.o)
                0x000000000800c6fc                DMA2_Stream3_IRQHandler
 .text.HAL_SPI_TxCpltCallback
                0x000000000800c734       0xc4 ../../../libDaisy/build/libdaisy.a(spi.o)
                0x000000000800c734                HAL_SPI_TxCpltCallback
 .text.HAL_SPI_RxCpltCallback
                0x000000000800c7f8       0xc4 ../../../libDaisy/build/libdaisy.a(spi.o)
                0x000000000800c7f8                HAL_SPI_RxCpltCallback
 .text.HAL_SPI_TxRxCpltCallback
                0x000000000800c8bc       0xc4 ../../../libDaisy/build/libdaisy.a(spi.o)
                0x000000000800c8bc                HAL_SPI_TxRxCpltCallback
 .text.HAL_SPI_ErrorCallback
                0x000000000800c980       0xc8 ../../../libDaisy/build/libdaisy.a(spi.o)
                0x000000000800c980                HAL_SPI_ErrorCallback
 .text.startup._GLOBAL__sub_I__Z19MapInstanceToHandleP11SPI_TypeDef
                0x000000000800ca48      0x1b0 ../../../libDaisy/build/libdaisy.a(spi.o)
 .text.HAL_TIM_Base_MspInit
                0x000000000800cbf8      0x1e0 ../../../libDaisy/build/libdaisy.a(tim.o)
                0x000000000800cbf8                HAL_TIM_Base_MspInit
 .text.HAL_TIM_PeriodElapsedCallback
                0x000000000800cdd8       0x44 ../../../libDaisy/build/libdaisy.a(tim.o)
                0x000000000800cdd8                HAL_TIM_PeriodElapsedCallback
 .text.TIM2_IRQHandler
                0x000000000800ce1c        0xc ../../../libDaisy/build/libdaisy.a(tim.o)
                0x000000000800ce1c                TIM2_IRQHandler
 .text.TIM3_IRQHandler
                0x000000000800ce28        0xc ../../../libDaisy/build/libdaisy.a(tim.o)
                0x000000000800ce28                TIM3_IRQHandler
 .text.TIM4_IRQHandler
                0x000000000800ce34        0xc ../../../libDaisy/build/libdaisy.a(tim.o)
                0x000000000800ce34                TIM4_IRQHandler
 .text.TIM5_IRQHandler
                0x000000000800ce40        0xc ../../../libDaisy/build/libdaisy.a(tim.o)
                0x000000000800ce40                TIM5_IRQHandler
 .text._ZN5daisy11TimerHandle4InitERKNS0_6ConfigE
                0x000000000800ce4c       0xd0 ../../../libDaisy/build/libdaisy.a(tim.o)
                0x000000000800ce4c                daisy::TimerHandle::Init(daisy::TimerHandle::Config const&)
 .text._ZN5daisy11TimerHandle5StartEv
                0x000000000800cf1c       0x24 ../../../libDaisy/build/libdaisy.a(tim.o)
                0x000000000800cf1c                daisy::TimerHandle::Start()
 .text.startup._GLOBAL__sub_I__ZN5daisy11TimerHandle4Impl4InitERKNS0_6ConfigE
                0x000000000800cf40       0x38 ../../../libDaisy/build/libdaisy.a(tim.o)
 .text._ZN5daisy11UartHandler4Impl7InitDmaEbb
                0x000000000800cf78      0x164 ../../../libDaisy/build/libdaisy.a(uart.o)
                0x000000000800cf78                daisy::UartHandler::Impl::InitDma(bool, bool)
 .text._ZN5daisy11UartHandler4Impl10HandleFifoEv
                0x000000000800d0dc       0xec ../../../libDaisy/build/libdaisy.a(uart.o)
                0x000000000800d0dc                daisy::UartHandler::Impl::HandleFifo()
 .text._ZN5daisy11UartHandler4Impl10StartDmaTxEPhjPFvPvEPFvS3_NS0_6ResultEES3_
                0x000000000800d1c8       0xcc ../../../libDaisy/build/libdaisy.a(uart.o)
                0x000000000800d1c8                daisy::UartHandler::Impl::StartDmaTx(unsigned char*, unsigned int, void (*)(void*), void (*)(void*, daisy::UartHandler::Result), void*)
 .text._ZN5daisy11UartHandler4Impl10StartDmaRxEPhjPFvPvEPFvS3_NS0_6ResultEES3_
                0x000000000800d294       0xcc ../../../libDaisy/build/libdaisy.a(uart.o)
                0x000000000800d294                daisy::UartHandler::Impl::StartDmaRx(unsigned char*, unsigned int, void (*)(void*), void (*)(void*, daisy::UartHandler::Result), void*)
 .text._ZN5daisy11UartHandler4Impl19DmaTransferFinishedEP20__UART_HandleTypeDefNS0_6ResultE
                0x000000000800d360       0xc0 ../../../libDaisy/build/libdaisy.a(uart.o)
                0x000000000800d360                daisy::UartHandler::Impl::DmaTransferFinished(__UART_HandleTypeDef*, daisy::UartHandler::Result)
 .text._ZN5daisy11UartHandler4Impl8InitPinsEv
                0x000000000800d420      0x150 ../../../libDaisy/build/libdaisy.a(uart.o)
                0x000000000800d420                daisy::UartHandler::Impl::InitPins()
 .text.HAL_UART_MspInit
                0x000000000800d570      0x210 ../../../libDaisy/build/libdaisy.a(uart.o)
                0x000000000800d570                HAL_UART_MspInit
 .text.dsy_uart_global_init
                0x000000000800d780       0xfc ../../../libDaisy/build/libdaisy.a(uart.o)
                0x000000000800d780                dsy_uart_global_init
 .text.USART1_IRQHandler
                0x000000000800d87c       0x30 ../../../libDaisy/build/libdaisy.a(uart.o)
                0x000000000800d87c                USART1_IRQHandler
 .text.USART2_IRQHandler
                0x000000000800d8ac       0x34 ../../../libDaisy/build/libdaisy.a(uart.o)
                0x000000000800d8ac                USART2_IRQHandler
 .text.USART3_IRQHandler
                0x000000000800d8e0       0x34 ../../../libDaisy/build/libdaisy.a(uart.o)
                0x000000000800d8e0                USART3_IRQHandler
 .text.UART4_IRQHandler
                0x000000000800d914       0x34 ../../../libDaisy/build/libdaisy.a(uart.o)
                0x000000000800d914                UART4_IRQHandler
 .text.UART5_IRQHandler
                0x000000000800d948       0x34 ../../../libDaisy/build/libdaisy.a(uart.o)
                0x000000000800d948                UART5_IRQHandler
 .text.USART6_IRQHandler
                0x000000000800d97c       0x34 ../../../libDaisy/build/libdaisy.a(uart.o)
                0x000000000800d97c                USART6_IRQHandler
 .text.UART7_IRQHandler
                0x000000000800d9b0       0x30 ../../../libDaisy/build/libdaisy.a(uart.o)
                0x000000000800d9b0                UART7_IRQHandler
 .text.UART8_IRQHandler
                0x000000000800d9e0       0x34 ../../../libDaisy/build/libdaisy.a(uart.o)
                0x000000000800d9e0                UART8_IRQHandler
 .text.LPUART1_IRQHandler
                0x000000000800da14       0x34 ../../../libDaisy/build/libdaisy.a(uart.o)
                0x000000000800da14                LPUART1_IRQHandler
 .text.DMA1_Stream5_IRQHandler
                0x000000000800da48       0x34 ../../../libDaisy/build/libdaisy.a(uart.o)
                0x000000000800da48                DMA1_Stream5_IRQHandler
 .text.DMA2_Stream4_IRQHandler
                0x000000000800da7c       0x34 ../../../libDaisy/build/libdaisy.a(uart.o)
                0x000000000800da7c                DMA2_Stream4_IRQHandler
 .text.HAL_UART_TxCpltCallback
                0x000000000800dab0        0x8 ../../../libDaisy/build/libdaisy.a(uart.o)
                0x000000000800dab0                HAL_UART_TxCpltCallback
 .text.HAL_UART_RxCpltCallback
                0x000000000800dab8        0x8 ../../../libDaisy/build/libdaisy.a(uart.o)
                0x000000000800dab8                HAL_UART_RxCpltCallback
 .text.HAL_UART_ErrorCallback
                0x000000000800dac0        0x8 ../../../libDaisy/build/libdaisy.a(uart.o)
                0x000000000800dac0                HAL_UART_ErrorCallback
 .text.startup._GLOBAL__sub_I__Z19MapInstanceToHandleP13USART_TypeDef
                0x000000000800dac8      0x190 ../../../libDaisy/build/libdaisy.a(uart.o)
 .text.dsy_dma_init
                0x000000000800dc58      0x100 ../../../libDaisy/build/libdaisy.a(dma.o)
                0x000000000800dc58                dsy_dma_init
 .text.dummy_rx_callback
                0x000000000800dd58        0x4 ../../../libDaisy/build/libdaisy.a(usbd_cdc_if.o)
                0x000000000800dd58                dummy_rx_callback
 .text.CDC_DeInit_FS
                0x000000000800dd5c        0x4 ../../../libDaisy/build/libdaisy.a(usbd_cdc_if.o)
 .text.CDC_Receive_FS
                0x000000000800dd60       0x2c ../../../libDaisy/build/libdaisy.a(usbd_cdc_if.o)
 .text.CDC_Receive_HS
                0x000000000800dd8c       0x2c ../../../libDaisy/build/libdaisy.a(usbd_cdc_if.o)
 .text.CDC_Init_FS
                0x000000000800ddb8       0x3c ../../../libDaisy/build/libdaisy.a(usbd_cdc_if.o)
 .text.CDC_Init_HS
                0x000000000800ddf4       0x3c ../../../libDaisy/build/libdaisy.a(usbd_cdc_if.o)
 .text.CDC_Control_FS
                0x000000000800de30       0x34 ../../../libDaisy/build/libdaisy.a(usbd_cdc_if.o)
 .text.CDC_Control_HS
                0x000000000800de64       0x34 ../../../libDaisy/build/libdaisy.a(usbd_cdc_if.o)
 .text.CDC_DeInit_HS
                0x000000000800de98        0x4 ../../../libDaisy/build/libdaisy.a(usbd_cdc_if.o)
 .text.CDC_Set_Rx_Callback_FS
                0x000000000800de9c        0xc ../../../libDaisy/build/libdaisy.a(usbd_cdc_if.o)
                0x000000000800de9c                CDC_Set_Rx_Callback_FS
 .text.CDC_Set_Rx_Callback_HS
                0x000000000800dea8        0xc ../../../libDaisy/build/libdaisy.a(usbd_cdc_if.o)
                0x000000000800dea8                CDC_Set_Rx_Callback_HS
 .text.USBD_HS_DeviceDescriptor
                0x000000000800deb4        0xc ../../../libDaisy/build/libdaisy.a(usbd_desc.o)
                0x000000000800deb4                USBD_HS_DeviceDescriptor
 .text.USBD_FS_DeviceDescriptor
                0x000000000800dec0        0xc ../../../libDaisy/build/libdaisy.a(usbd_desc.o)
                0x000000000800dec0                USBD_FS_DeviceDescriptor
 .text.USBD_FS_LangIDStrDescriptor
                0x000000000800decc        0xc ../../../libDaisy/build/libdaisy.a(usbd_desc.o)
                0x000000000800decc                USBD_FS_LangIDStrDescriptor
 .text.USBD_FS_ManufacturerStrDescriptor
                0x000000000800ded8       0x1c ../../../libDaisy/build/libdaisy.a(usbd_desc.o)
                0x000000000800ded8                USBD_FS_ManufacturerStrDescriptor
 .text.USBD_HS_ProductStrDescriptor
                0x000000000800def4       0x1c ../../../libDaisy/build/libdaisy.a(usbd_desc.o)
                0x000000000800def4                USBD_HS_ProductStrDescriptor
 .text.USBD_FS_ConfigStrDescriptor
                0x000000000800df10       0x1c ../../../libDaisy/build/libdaisy.a(usbd_desc.o)
                0x000000000800df10                USBD_FS_ConfigStrDescriptor
 .text.USBD_FS_InterfaceStrDescriptor
                0x000000000800df2c       0x1c ../../../libDaisy/build/libdaisy.a(usbd_desc.o)
                0x000000000800df2c                USBD_FS_InterfaceStrDescriptor
 .text.USBD_FS_ProductStrDescriptor
                0x000000000800df48       0x1c ../../../libDaisy/build/libdaisy.a(usbd_desc.o)
                0x000000000800df48                USBD_FS_ProductStrDescriptor
 .text.USBD_HS_LangIDStrDescriptor
                0x000000000800df64        0xc ../../../libDaisy/build/libdaisy.a(usbd_desc.o)
                0x000000000800df64                USBD_HS_LangIDStrDescriptor
 .text.USBD_HS_ManufacturerStrDescriptor
                0x000000000800df70       0x1c ../../../libDaisy/build/libdaisy.a(usbd_desc.o)
                0x000000000800df70                USBD_HS_ManufacturerStrDescriptor
 .text.USBD_FS_SerialStrDescriptor
                0x000000000800df8c      0x124 ../../../libDaisy/build/libdaisy.a(usbd_desc.o)
                0x000000000800df8c                USBD_FS_SerialStrDescriptor
 .text.USBD_HS_SerialStrDescriptor
                0x000000000800e0b0      0x124 ../../../libDaisy/build/libdaisy.a(usbd_desc.o)
                0x000000000800e0b0                USBD_HS_SerialStrDescriptor
 .text.USBD_HS_InterfaceStrDescriptor
                0x000000000800e1d4       0x1c ../../../libDaisy/build/libdaisy.a(usbd_desc.o)
                0x000000000800e1d4                USBD_HS_InterfaceStrDescriptor
 .text.USBD_HS_ConfigStrDescriptor
                0x000000000800e1f0       0x1c ../../../libDaisy/build/libdaisy.a(usbd_desc.o)
                0x000000000800e1f0                USBD_HS_ConfigStrDescriptor
 .text.HAL_MDMA_Abort_IT
                0x000000000800e20c       0x2c ../../../libDaisy/build/libdaisy.a(stm32h7xx_hal_mdma.o)
                0x000000000800e20c                HAL_MDMA_Abort_IT
 .text.SPI_CloseTransfer
                0x000000000800e238       0xb8 ../../../libDaisy/build/libdaisy.a(stm32h7xx_hal_spi.o)
 .text.HAL_SPI_Init
                0x000000000800e2f0      0x15c ../../../libDaisy/build/libdaisy.a(stm32h7xx_hal_spi.o)
                0x000000000800e2f0                HAL_SPI_Init
 .text.HAL_SPI_Transmit_DMA
                0x000000000800e44c      0x170 ../../../libDaisy/build/libdaisy.a(stm32h7xx_hal_spi.o)
                0x000000000800e44c                HAL_SPI_Transmit_DMA
 .text.HAL_SPI_TransmitReceive_DMA
                0x000000000800e5bc      0x218 ../../../libDaisy/build/libdaisy.a(stm32h7xx_hal_spi.o)
                0x000000000800e5bc                HAL_SPI_TransmitReceive_DMA
 .text.HAL_SPI_Receive_DMA
                0x000000000800e7d4      0x1b4 ../../../libDaisy/build/libdaisy.a(stm32h7xx_hal_spi.o)
                0x000000000800e7d4                HAL_SPI_Receive_DMA
 .text.SPI_DMATransmitCplt
                0x000000000800e988       0x28 ../../../libDaisy/build/libdaisy.a(stm32h7xx_hal_spi.o)
 .text.SPI_DMAReceiveCplt
                0x000000000800e9b0       0x28 ../../../libDaisy/build/libdaisy.a(stm32h7xx_hal_spi.o)
 .text.SPI_DMATransmitReceiveCplt
                0x000000000800e9d8       0x28 ../../../libDaisy/build/libdaisy.a(stm32h7xx_hal_spi.o)
 .text.HAL_SPI_TxHalfCpltCallback
                0x000000000800ea00        0x4 ../../../libDaisy/build/libdaisy.a(stm32h7xx_hal_spi.o)
                0x000000000800ea00                HAL_SPI_TxHalfCpltCallback
 .text.SPI_DMAHalfTransmitCplt
                0x000000000800ea04        0xc ../../../libDaisy/build/libdaisy.a(stm32h7xx_hal_spi.o)
 .text.HAL_SPI_RxHalfCpltCallback
                0x000000000800ea10        0x4 ../../../libDaisy/build/libdaisy.a(stm32h7xx_hal_spi.o)
                0x000000000800ea10                HAL_SPI_RxHalfCpltCallback
 .text.SPI_DMAHalfReceiveCplt
                0x000000000800ea14        0xc ../../../libDaisy/build/libdaisy.a(stm32h7xx_hal_spi.o)
 .text.HAL_SPI_TxRxHalfCpltCallback
                0x000000000800ea20        0x4 ../../../libDaisy/build/libdaisy.a(stm32h7xx_hal_spi.o)
                0x000000000800ea20                HAL_SPI_TxRxHalfCpltCallback
 .text.SPI_DMAHalfTransmitReceiveCplt
                0x000000000800ea24        0xc ../../../libDaisy/build/libdaisy.a(stm32h7xx_hal_spi.o)
 .text.SPI_DMAError
                0x000000000800ea30       0xd8 ../../../libDaisy/build/libdaisy.a(stm32h7xx_hal_spi.o)
 .text.HAL_SPI_IRQHandler
                0x000000000800eb08      0x23c ../../../libDaisy/build/libdaisy.a(stm32h7xx_hal_spi.o)
                0x000000000800eb08                HAL_SPI_IRQHandler
 .text.SPI_DMAAbortOnError
                0x000000000800ed44       0x1c ../../../libDaisy/build/libdaisy.a(stm32h7xx_hal_spi.o)
 .text.HAL_SPI_GetState
                0x000000000800ed60        0x8 ../../../libDaisy/build/libdaisy.a(stm32h7xx_hal_spi.o)
                0x000000000800ed60                HAL_SPI_GetState
 .text.HAL_TIM_Base_Init
                0x000000000800ed68      0x140 ../../../libDaisy/build/libdaisy.a(stm32h7xx_hal_tim.o)
                0x000000000800ed68                HAL_TIM_Base_Init
 .text.HAL_TIM_Base_Start
                0x000000000800eea8       0x34 ../../../libDaisy/build/libdaisy.a(stm32h7xx_hal_tim.o)
                0x000000000800eea8                HAL_TIM_Base_Start
 .text.HAL_TIM_Base_Start_IT
                0x000000000800eedc       0x2c ../../../libDaisy/build/libdaisy.a(stm32h7xx_hal_tim.o)
                0x000000000800eedc                HAL_TIM_Base_Start_IT
 .text.HAL_TIM_ConfigClockSource
                0x000000000800ef08      0x17c ../../../libDaisy/build/libdaisy.a(stm32h7xx_hal_tim.o)
                0x000000000800ef08                HAL_TIM_ConfigClockSource
 .text.HAL_TIM_OC_DelayElapsedCallback
                0x000000000800f084        0x4 ../../../libDaisy/build/libdaisy.a(stm32h7xx_hal_tim.o)
                0x000000000800f084                HAL_TIM_OC_DelayElapsedCallback
 .text.HAL_TIM_IC_CaptureCallback
                0x000000000800f088        0x4 ../../../libDaisy/build/libdaisy.a(stm32h7xx_hal_tim.o)
                0x000000000800f088                HAL_TIM_IC_CaptureCallback
 .text.HAL_TIM_PWM_PulseFinishedCallback
                0x000000000800f08c        0x4 ../../../libDaisy/build/libdaisy.a(stm32h7xx_hal_tim.o)
                0x000000000800f08c                HAL_TIM_PWM_PulseFinishedCallback
 .text.HAL_TIM_TriggerCallback
                0x000000000800f090        0x4 ../../../libDaisy/build/libdaisy.a(stm32h7xx_hal_tim.o)
                0x000000000800f090                HAL_TIM_TriggerCallback
 .text.HAL_TIM_IRQHandler
                0x000000000800f094      0x170 ../../../libDaisy/build/libdaisy.a(stm32h7xx_hal_tim.o)
                0x000000000800f094                HAL_TIM_IRQHandler
 .text.HAL_TIMEx_MasterConfigSynchronization
                0x000000000800f204       0x64 ../../../libDaisy/build/libdaisy.a(stm32h7xx_hal_tim_ex.o)
                0x000000000800f204                HAL_TIMEx_MasterConfigSynchronization
 .text.HAL_TIMEx_CommutCallback
                0x000000000800f268        0x4 ../../../libDaisy/build/libdaisy.a(stm32h7xx_hal_tim_ex.o)
                0x000000000800f268                HAL_TIMEx_CommutCallback
 .text.HAL_TIMEx_BreakCallback
                0x000000000800f26c        0x4 ../../../libDaisy/build/libdaisy.a(stm32h7xx_hal_tim_ex.o)
                0x000000000800f26c                HAL_TIMEx_BreakCallback
 .text.HAL_TIMEx_Break2Callback
                0x000000000800f270        0x4 ../../../libDaisy/build/libdaisy.a(stm32h7xx_hal_tim_ex.o)